../Core/Src/debug.c:48:6:debug_led	0	static
../Core/Src/debug.c:52:6:debug_char	16	static
../Core/Src/debug.c:58:6:debug_hex	16	static
../Core/Src/debug.c:63:6:debug_buf	16	static
../Core/Src/debug.c:72:6:debug_uint	16	static
../Core/Src/debug.c:85:6:debug_str	8	static
../Core/Src/debug.c:38:6:debug_init	0	static
../Core/Src/debug.c:91:6:debug_float2str	120	static
../Core/Src/debug.c:99:6:debug_valfloat	16	static
../Core/Src/debug.c:106:6:debug_val	8	static
../Core/Src/debug.c:120:5:debug_fmt	64	static
../Core/Src/debug.c:78:6:debug_int	40	static
../Core/Src/debug.c:113:6:debug_valdec	8	static
../Core/Src/debug.c:144:6:debug_event	8	static
