../Core/Src/lmic.c:406:17:calcRxWindow	12	static
../Core/Src/lmic.c:688:13:setBcnRxParams	0	static
../Core/Src/lmic.c:926:13:stateJustJoined	0	static
../Core/Src/lmic.c:475:17:rndDelay	16	static
../Core/Src/lmic.c:486:13:txDelay	8	static
../Core/Src/lmic.c:1284:13:schedRx2	8	static
../Core/Src/lmic.c:1919:13:startRxBcn	0	static
../Core/Src/lmic.c:1925:13:startRxPing	0	static
../Core/Src/lmic.c:1290:13:setupRx1	0	static
../Core/Src/lmic.c:1502:13:setupRx1DnData	0	static
../Core/Src/lmic.c:1458:13:setupRx1Jacc	0	static
../Core/Src/lmic.c:1664:13:startScan	8	static
../Core/Src/lmic.c:557:13:initDefaultChannels	24	static
../Core/Src/lmic.c:507:13:setDrTxpow.constprop	0	static
../Core/Inc/lorabase.h:359:14:getSf	0	static
../Core/Inc/lorabase.h:360:14:setSf	0	static
../Core/Inc/lorabase.h:361:14:getBw	0	static
../Core/Inc/lorabase.h:362:14:setBw	0	static
../Core/Inc/lorabase.h:363:14:getCr	0	static
../Core/Inc/lorabase.h:364:14:setCr	0	static
../Core/Inc/lorabase.h:365:14:getNocrc	0	static
../Core/Inc/lorabase.h:366:14:setNocrc	0	static
../Core/Inc/lorabase.h:367:14:getIh	0	static
../Core/Inc/lorabase.h:368:14:setIh	0	static
../Core/Inc/lorabase.h:369:14:makeRps	8	static
../Core/Inc/lorabase.h:374:12:sameSfBw	0	static
../Core/Inc/lorabase.h:377:14:updr2rps	0	static
../Core/Inc/lorabase.h:378:14:dndr2rps	0	static
../Core/Src/lmic.c:1275:13:setupRx2	8	static
../Core/Src/lmic.c:1490:13:setupRx2DnData	0	static
../Core/Src/lmic.c:1446:13:setupRx2Jacc	0	static
../Core/Inc/lorabase.h:379:12:isFasterDR	0	static
../Core/Inc/lorabase.h:380:12:isSlowerDR	0	static
../Core/Inc/lorabase.h:381:14:incDR	0	static
../Core/Inc/lorabase.h:382:14:decDR	0	static
../Core/Inc/lorabase.h:383:14:assertDR	0	static
../Core/Inc/lorabase.h:384:14:validDR	0	static
../Core/Inc/lorabase.h:385:14:lowerDR	8	static
../Core/Src/lmic.c:76:6:os_rlsbf2	0	static
../Core/Src/lmic.c:82:6:os_rlsbf4	0	static
../Core/Src/lmic.c:626:13:convFreq	8	static
../Core/Src/lmic.c:89:6:os_rmsbf4	0	static
../Core/Src/lmic.c:96:6:os_wlsbf2	0	static
../Core/Src/lmic.c:103:6:os_wlsbf4	0	static
../Core/Src/lmic.c:195:13:aes_cipher	32	static
../Core/Src/lmic.c:440:13:rxschedInit.constprop	16	static
../Core/Src/lmic.c:1301:13:txDone	24	static
../Core/Src/lmic.c:1507:13:updataDone	0	static
../Core/Src/lmic.c:1463:13:jreqDone	0	static
../Core/Src/lmic.c:112:6:os_wmsbf4	0	static
../Core/Src/lmic.c:121:6:os_getBattLevel	0	static
../Core/Src/lmic.c:128:6:os_crc16	12	static
../Core/Src/lmic.c:947:12:decodeBeacon	16	static
../Core/Src/lmic.c:292:5:getSensitivity	0	static
../Core/Src/lmic.c:296:10:calcAirTime	16	static
../Core/Src/lmic.c:525:6:LMIC_stopPingable	0	static
../Core/Src/lmic.c:588:7:LMIC_setupBand	8	static
../Core/Src/lmic.c:599:7:LMIC_setupChannel	8	static
../Core/Src/lmic.c:983:14:decodeFrame	72	static
../Core/Src/lmic.c:620:6:LMIC_disableChannel	0	static
../Core/Src/lmic.c:1678:7:LMIC_enableTracking	8	static
../Core/Src/lmic.c:530:6:LMIC_setPingable	0	static
../Core/Src/lmic.c:1755:7:LMIC_startJoining	16	static
../Core/Src/lmic.c:1932:13:engineUpdate	56	static
../Core/Src/lmic.c:910:13:reportEvent	8	static
../Core/Src/lmic.c:1632:13:onBcnRx	8	static
../Core/Src/lmic.c:1858:13:processBeacon	16	static
../Core/Src/lmic.c:1336:14:processJoinAccept	24	static
../Core/Src/lmic.c:1452:13:processRx1Jacc	8	static
../Core/Src/lmic.c:1439:13:processRx2Jacc	0	static
../Core/Src/lmic.c:1329:13:onJoinFailed	0	static
../Core/Src/lmic.c:1750:13:startJoining	0	static
../Core/Src/lmic.c:905:13:runEngineUpdate	0	static
../Core/Src/lmic.c:1781:13:processPingRx	8	static
../Core/Src/lmic.c:1794:14:processDnData	8	static
../Core/Src/lmic.c:1496:13:processRx1DnData	8	static
../Core/Src/lmic.c:1476:13:processRx2DnData	16	static
../Core/Src/lmic.c:1472:13:processRx2DnDataDelay	0	static
../Core/Src/lmic.c:1689:6:LMIC_disableTracking	0	static
../Core/Src/lmic.c:2078:6:LMIC_setAdrMode	0	static
../Core/Src/lmic.c:2084:6:LMIC_setDrTxpow	0	static
../Core/Src/lmic.c:2089:6:LMIC_shutdown	8	static
../Core/Src/lmic.c:2096:6:LMIC_reset	16	static
../Core/Src/lmic.c:919:13:runReset	8	static
../Core/Src/lmic.c:2128:6:LMIC_init	0	static
../Core/Src/lmic.c:2133:6:LMIC_clrTxData	8	static
../Core/Src/lmic.c:2144:6:LMIC_setTxData	0	static
../Core/Src/lmic.c:2153:5:LMIC_setTxData2	16	static
../Core/Src/lmic.c:2167:6:LMIC_sendAlive	0	static
../Core/Src/lmic.c:2174:6:LMIC_tryRejoin	0	static
../Core/Src/lmic.c:2193:6:LMIC_setSession	24	static
../Core/Src/lmic.c:2224:6:LMIC_setLinkCheckMode	0	static
