../Core/Src/main.c:93:6:initfunc	8	static
../Core/Src/main.c:124:13:blinkfunc	8	static
../Core/Src/main.c:76:6:os_getArtEui	0	static
../Core/Src/main.c:80:6:os_getDevEui	0	static
../Core/Src/main.c:84:6:os_getDevKey	0	static
../Core/Src/main.c:87:6:initsensor	0	static
../Core/Src/main.c:103:10:readsensor	8	static
../Core/Src/main.c:143:13:reportfunc	16	static
../Core/Src/main.c:189:6:onEvent	8	static
../Core/Src/main.c:332:6:SystemClock_Config	104	static,ignoring_inline_asm
../Core/Src/main.c:266:5:main	24	static
../Core/Src/main.c:396:6:Error_Handler	0	static,ignoring_inline_asm
