Archive member included to satisfy reference by file (symbol)

/app/stm32cubeide/plugins/com.st.stm32cube.ide.mcu.externaltools.gnu-tools-for-stm32.10.3-2021.10.linux64_1.0.200.202301161003/tools/bin/../lib/gcc/arm-none-eabi/10.3.1/../../../../arm-none-eabi/lib/thumb/v7e-m+fp/hard/libc_nano.a(lib_a-assert.o)
                              ./Core/Src/cayenne_lpp.o (__assert_func)
/app/stm32cubeide/plugins/com.st.stm32cube.ide.mcu.externaltools.gnu-tools-for-stm32.10.3-2021.10.linux64_1.0.200.202301161003/tools/bin/../lib/gcc/arm-none-eabi/10.3.1/../../../../arm-none-eabi/lib/thumb/v7e-m+fp/hard/libc_nano.a(lib_a-efgcvt.o)
                              ./Core/Src/debug.o (gcvt)
/app/stm32cubeide/plugins/com.st.stm32cube.ide.mcu.externaltools.gnu-tools-for-stm32.10.3-2021.10.linux64_1.0.200.202301161003/tools/bin/../lib/gcc/arm-none-eabi/10.3.1/../../../../arm-none-eabi/lib/thumb/v7e-m+fp/hard/libc_nano.a(lib_a-errno.o)
                              ./Core/Src/syscalls.o (__errno)
/app/stm32cubeide/plugins/com.st.stm32cube.ide.mcu.externaltools.gnu-tools-for-stm32.10.3-2021.10.linux64_1.0.200.202301161003/tools/bin/../lib/gcc/arm-none-eabi/10.3.1/../../../../arm-none-eabi/lib/thumb/v7e-m+fp/hard/libc_nano.a(lib_a-exit.o)
                              /app/stm32cubeide/plugins/com.st.stm32cube.ide.mcu.externaltools.gnu-tools-for-stm32.10.3-2021.10.linux64_1.0.200.202301161003/tools/bin/../lib/gcc/arm-none-eabi/10.3.1/../../../../arm-none-eabi/lib/thumb/v7e-m+fp/hard/crt0.o (exit)
/app/stm32cubeide/plugins/com.st.stm32cube.ide.mcu.externaltools.gnu-tools-for-stm32.10.3-2021.10.linux64_1.0.200.202301161003/tools/bin/../lib/gcc/arm-none-eabi/10.3.1/../../../../arm-none-eabi/lib/thumb/v7e-m+fp/hard/libc_nano.a(lib_a-fprintf.o)
                              /app/stm32cubeide/plugins/com.st.stm32cube.ide.mcu.externaltools.gnu-tools-for-stm32.10.3-2021.10.linux64_1.0.200.202301161003/tools/bin/../lib/gcc/arm-none-eabi/10.3.1/../../../../arm-none-eabi/lib/thumb/v7e-m+fp/hard/libc_nano.a(lib_a-assert.o) (fiprintf)
/app/stm32cubeide/plugins/com.st.stm32cube.ide.mcu.externaltools.gnu-tools-for-stm32.10.3-2021.10.linux64_1.0.200.202301161003/tools/bin/../lib/gcc/arm-none-eabi/10.3.1/../../../../arm-none-eabi/lib/thumb/v7e-m+fp/hard/libc_nano.a(lib_a-impure.o)
                              /app/stm32cubeide/plugins/com.st.stm32cube.ide.mcu.externaltools.gnu-tools-for-stm32.10.3-2021.10.linux64_1.0.200.202301161003/tools/bin/../lib/gcc/arm-none-eabi/10.3.1/../../../../arm-none-eabi/lib/thumb/v7e-m+fp/hard/libc_nano.a(lib_a-exit.o) (_global_impure_ptr)
/app/stm32cubeide/plugins/com.st.stm32cube.ide.mcu.externaltools.gnu-tools-for-stm32.10.3-2021.10.linux64_1.0.200.202301161003/tools/bin/../lib/gcc/arm-none-eabi/10.3.1/../../../../arm-none-eabi/lib/thumb/v7e-m+fp/hard/libc_nano.a(lib_a-init.o)
                              /app/stm32cubeide/plugins/com.st.stm32cube.ide.mcu.externaltools.gnu-tools-for-stm32.10.3-2021.10.linux64_1.0.200.202301161003/tools/bin/../lib/gcc/arm-none-eabi/10.3.1/../../../../arm-none-eabi/lib/thumb/v7e-m+fp/hard/crt0.o (__libc_init_array)
/app/stm32cubeide/plugins/com.st.stm32cube.ide.mcu.externaltools.gnu-tools-for-stm32.10.3-2021.10.linux64_1.0.200.202301161003/tools/bin/../lib/gcc/arm-none-eabi/10.3.1/../../../../arm-none-eabi/lib/thumb/v7e-m+fp/hard/libc_nano.a(lib_a-memcpy-stub.o)
                              ./Core/Src/lmic.o (memcpy)
/app/stm32cubeide/plugins/com.st.stm32cube.ide.mcu.externaltools.gnu-tools-for-stm32.10.3-2021.10.linux64_1.0.200.202301161003/tools/bin/../lib/gcc/arm-none-eabi/10.3.1/../../../../arm-none-eabi/lib/thumb/v7e-m+fp/hard/libc_nano.a(lib_a-memset.o)
                              /app/stm32cubeide/plugins/com.st.stm32cube.ide.mcu.externaltools.gnu-tools-for-stm32.10.3-2021.10.linux64_1.0.200.202301161003/tools/bin/../lib/gcc/arm-none-eabi/10.3.1/../../../../arm-none-eabi/lib/thumb/v7e-m+fp/hard/crt0.o (memset)
/app/stm32cubeide/plugins/com.st.stm32cube.ide.mcu.externaltools.gnu-tools-for-stm32.10.3-2021.10.linux64_1.0.200.202301161003/tools/bin/../lib/gcc/arm-none-eabi/10.3.1/../../../../arm-none-eabi/lib/thumb/v7e-m+fp/hard/libc_nano.a(lib_a-nano-vfprintf.o)
                              /app/stm32cubeide/plugins/com.st.stm32cube.ide.mcu.externaltools.gnu-tools-for-stm32.10.3-2021.10.linux64_1.0.200.202301161003/tools/bin/../lib/gcc/arm-none-eabi/10.3.1/../../../../arm-none-eabi/lib/thumb/v7e-m+fp/hard/libc_nano.a(lib_a-fprintf.o) (_vfprintf_r)
/app/stm32cubeide/plugins/com.st.stm32cube.ide.mcu.externaltools.gnu-tools-for-stm32.10.3-2021.10.linux64_1.0.200.202301161003/tools/bin/../lib/gcc/arm-none-eabi/10.3.1/../../../../arm-none-eabi/lib/thumb/v7e-m+fp/hard/libc_nano.a(lib_a-nano-vfprintf_i.o)
[...]
Memory Configuration

Name             Origin             Length             Attributes
RAM              0x0000000020000000 0x0000000000010000 xrw
RAM2             0x0000000010000000 0x0000000000004000 xrw
FLASH            0x0000000008000000 0x0000000000040000 xr
*default*        0x0000000000000000 0xffffffffffffffff

Linker script and memory map

LOAD /app/stm32cubeide/plugins/com.st.stm32cube.ide.mcu.externaltools.gnu-tools-for-stm32.10.3-2021.10.linux64_1.0.200.202301161003/tools/bin/../lib/gcc/arm-none-eabi/10.3.1/thumb/v7e-m+fp/hard/crti.o
LOAD /app/stm32cubeide/plugins/com.st.stm32cube.ide.mcu.externaltools.gnu-tools-for-stm32.10.3-2021.10.linux64_1.0.200.202301161003/tools/bin/../lib/gcc/arm-none-eabi/10.3.1/thumb/v7e-m+fp/hard/crtbegin.o
LOAD /app/stm32cubeide/plugins/com.st.stm32cube.ide.mcu.externaltools.gnu-tools-for-stm32.10.3-2021.10.linux64_1.0.200.202301161003/tools/bin/../lib/gcc/arm-none-eabi/10.3.1/../../../../arm-none-eabi/lib/thumb/v7e-m+fp/hard/crt0.o
LOAD ./Core/Src/adc.o
LOAD ./Core/Src/aes.o
LOAD ./Core/Src/cayenne_lpp.o
LOAD ./Core/Src/debug.o
LOAD ./Core/Src/gpio.o
LOAD ./Core/Src/hal.o
LOAD ./Core/Src/lmic.o
LOAD ./Core/Src/main.o
LOAD ./Core/Src/oslmic.o
LOAD ./Core/Src/radio.o
LOAD ./Core/Src/spi.o
LOAD ./Core/Src/stm32l4xx_hal_msp.o
LOAD ./Core/Src/stm32l4xx_it.o
LOAD ./Core/Src/syscalls.o
LOAD ./Core/Src/sysmem.o
LOAD ./Core/Src/system_stm32l4xx.o
LOAD ./Core/Src/tim.o
LOAD ./Core/Src/usart.o
LOAD ./Core/Startup/startup_stm32l432kcux.o
LOAD ./Drivers/STM32L4xx_HAL_Driver/Src/stm32l4xx_hal.o
LOAD ./Drivers/STM32L4xx_HAL_Driver/Src/stm32l4xx_hal_adc.o
LOAD ./Drivers/STM32L4xx_HAL_Driver/Src/stm32l4xx_hal_adc_ex.o
LOAD ./Drivers/STM32L4xx_HAL_Driver/Src/stm32l4xx_hal_cortex.o
LOAD ./Drivers/STM32L4xx_HAL_Driver/Src/stm32l4xx_hal_dma.o
LOAD ./Drivers/STM32L4xx_HAL_Driver/Src/stm32l4xx_hal_dma_ex.o
LOAD ./Drivers/STM32L4xx_HAL_Driver/Src/stm32l4xx_hal_exti.o
LOAD ./Drivers/STM32L4xx_HAL_Driver/Src/stm32l4xx_hal_flash.o
LOAD ./Drivers/STM32L4xx_HAL_Driver/Src/stm32l4xx_hal_flash_ex.o
LOAD ./Drivers/STM32L4xx_HAL_Driver/Src/stm32l4xx_hal_flash_ramfunc.o
LOAD ./Drivers/STM32L4xx_HAL_Driver/Src/stm32l4xx_hal_gpio.o
LOAD ./Drivers/STM32L4xx_HAL_Driver/Src/stm32l4xx_hal_pwr.o
LOAD ./Drivers/STM32L4xx_HAL_Driver/Src/stm32l4xx_hal_pwr_ex.o
LOAD ./Drivers/STM32L4xx_HAL_Driver/Src/stm32l4xx_hal_rcc.o
LOAD ./Drivers/STM32L4xx_HAL_Driver/Src/stm32l4xx_hal_rcc_ex.o
LOAD ./Drivers/STM32L4xx_HAL_Driver/Src/stm32l4xx_hal_spi.o
LOAD ./Drivers/STM32L4xx_HAL_Driver/Src/stm32l4xx_hal_spi_ex.o
LOAD ./Drivers/STM32L4xx_HAL_Driver/Src/stm32l4xx_hal_tim.o
LOAD ./Drivers/STM32L4xx_HAL_Driver/Src/stm32l4xx_hal_tim_ex.o
LOAD ./Drivers/STM32L4xx_HAL_Driver/Src/stm32l4xx_hal_uart.o
LOAD ./Drivers/STM32L4xx_HAL_Driver/Src/stm32l4xx_hal_uart_ex.o
START GROUP
LOAD /app/stm32cubeide/plugins/com.st.stm32cube.ide.mcu.externaltools.gnu-tools-for-stm32.10.3-2021.10.linux64_1.0.200.202301161003/tools/bin/../lib/gcc/arm-none-eabi/10.3.1/../../../../arm-none-eabi/lib/thumb/v7e-m+fp/hard/libc_nano.a
LOAD /app/stm32cubeide/plugins/com.st.stm32cube.ide.mcu.externaltools.gnu-tools-for-stm32.10.3-2021.10.linux64_1.0.200.202301161003/tools/bin/../lib/gcc/arm-none-eabi/10.3.1/../../../../arm-none-eabi/lib/thumb/v7e-m+fp/hard/libm.a
END GROUP
START GROUP
LOAD /app/stm32cubeide/plugins/com.st.stm32cube.ide.mcu.externaltools.gnu-tools-for-stm32.10.3-2021.10.linux64_1.0.200.202301161003/tools/bin/../lib/gcc/arm-none-eabi/10.3.1/thumb/v7e-m+fp/hard/libgcc.a
LOAD /app/stm32cubeide/plugins/com.st.stm32cube.ide.mcu.externaltools.gnu-tools-for-stm32.10.3-2021.10.linux64_1.0.200.202301161003/tools/bin/../lib/gcc/arm-none-eabi/10.3.1/../../../../arm-none-eabi/lib/thumb/v7e-m+fp/hard/libc_nano.a
END GROUP
START GROUP
LOAD /app/stm32cubeide/plugins/com.st.stm32cube.ide.mcu.externaltools.gnu-tools-for-stm32.10.3-2021.10.linux64_1.0.200.202301161003/tools/bin/../lib/gcc/arm-none-eabi/10.3.1/thumb/v7e-m+fp/hard/libgcc.a
LOAD /app/stm32cubeide/plugins/com.st.stm32cube.ide.mcu.externaltools.gnu-tools-for-stm32.10.3-2021.10.linux64_1.0.200.202301161003/tools/bin/../lib/gcc/arm-none-eabi/10.3.1/../../../../arm-none-eabi/lib/thumb/v7e-m+fp/hard/libc_nano.a
LOAD /app/stm32cubeide/plugins/com.st.stm32cube.ide.mcu.externaltools.gnu-tools-for-stm32.10.3-2021.10.linux64_1.0.200.202301161003/tools/bin/../lib/gcc/arm-none-eabi/10.3.1/../../../../arm-none-eabi/lib/thumb/v7e-m+fp/hard/libnosys.a
END GROUP
START GROUP
LOAD /app/stm32cubeide/plugins/com.st.stm32cube.ide.mcu.externaltools.gnu-tools-for-stm32.10.3-2021.10.linux64_1.0.200.202301161003/tools/bin/../lib/gcc/arm-none-eabi/10.3.1/thumb/v7e-m+fp/hard/libgcc.a
LOAD /app/stm32cubeide/plugins/com.st.stm32cube.ide.mcu.externaltools.gnu-tools-for-stm32.10.3-2021.10.linux64_1.0.200.202301161003/tools/bin/../lib/gcc/arm-none-eabi/10.3.1/../../../../arm-none-eabi/lib/thumb/v7e-m+fp/hard/libc_nano.a
LOAD /app/stm32cubeide/plugins/com.st.stm32cube.ide.mcu.externaltools.gnu-tools-for-stm32.10.3-2021.10.linux64_1.0.200.202301161003/tools/bin/../lib/gcc/arm-none-eabi/10.3.1/../../../../arm-none-eabi/lib/thumb/v7e-m+fp/hard/libnosys.a
END GROUP
LOAD /app/stm32cubeide/plugins/com.st.stm32cube.ide.mcu.externaltools.gnu-tools-for-stm32.10.3-2021.10.linux64_1.0.200.202301161003/tools/bin/../lib/gcc/arm-none-eabi/10.3.1/thumb/v7e-m+fp/hard/crtend.o
LOAD /app/stm32cubeide/plugins/com.st.stm32cube.ide.mcu.externaltools.gnu-tools-for-stm32.10.3-2021.10.linux64_1.0.200.202301161003/tools/bin/../lib/gcc/arm-none-eabi/10.3.1/thumb/v7e-m+fp/hard/crtn.o
                0x0000000020010000                _estack = (ORIGIN (RAM) + LENGTH (RAM))
                0x0000000000000200                _Min_Heap_Size = 0x200
                0x0000000000000400                _Min_Stack_Size = 0x400

.isr_vector     0x0000000008000000      0x18c
                0x0000000008000000                . = ALIGN (0x4)
 *(.isr_vector)
 .isr_vector    0x0000000008000000      0x18c ./Core/Startup/startup_stm32l432kcux.o
                0x0000000008000000                g_pfnVectors
                0x000000000800018c                . = ALIGN (0x4)

.text           0x000000000800018c     0x6080
                0x000000000800018c                . = ALIGN (0x4)
 *(.text)
 .text          0x000000000800018c       0x40 /app/stm32cubeide/plugins/com.st.stm32cube.ide.mcu.externaltools.gnu-tools-for-stm32.10.3-2021.10.linux64_1.0.200.202301161003/tools/bin/../lib/gcc/arm-none-eabi/10.3.1/thumb/v7e-m+fp/hard/crtbegin.o
 .text          0x00000000080001cc       0x30 /app/stm32cubeide/plugins/com.st.stm32cube.ide.mcu.externaltools.gnu-tools-for-stm32.10.3-2021.10.linux64_1.0.200.202301161003/tools/bin/../lib/gcc/arm-none-eabi/10.3.1/thumb/v7e-m+fp/hard/libgcc.a(_aeabi_uldivmod.o)
                0x00000000080001cc                __aeabi_uldivmod
 .text          0x00000000080001fc      0x2d0 /app/stm32cubeide/plugins/com.st.stm32cube.ide.mcu.externaltools.gnu-tools-for-stm32.10.3-2021.10.linux64_1.0.200.202301161003/tools/bin/../lib/gcc/arm-none-eabi/10.3.1/thumb/v7e-m+fp/hard/libgcc.a(_udivmoddi4.o)
                0x00000000080001fc                __udivmoddi4
 .text          0x00000000080004cc        0x4 /app/stm32cubeide/plugins/com.st.stm32cube.ide.mcu.externaltools.gnu-tools-for-stm32.10.3-2021.10.linux64_1.0.200.202301161003/tools/bin/../lib/gcc/arm-none-eabi/10.3.1/thumb/v7e-m+fp/hard/libgcc.a(_dvmd_tls.o)
                0x00000000080004cc                __aeabi_ldiv0
                0x00000000080004cc                __aeabi_idiv0
 *(.text*)
 .text.MX_ADC1_Init
                0x00000000080004d0       0x7c ./Core/Src/adc.o
                0x00000000080004d0                MX_ADC1_Init
 .text.HAL_ADC_MspInit
                0x000000000800054c       0x84 ./Core/Src/adc.o
                0x000000000800054c                HAL_ADC_MspInit
 .text.os_aes   0x00000000080005d0      0x5fc ./Core/Src/aes.o
                0x00000000080005d0                os_aes
 .text.debug_led
                0x0000000008000bcc       0x10 ./Core/Src/debug.o
                0x0000000008000bcc                debug_led
 .text.debug_char
                0x0000000008000bdc       0x20 ./Core/Src/debug.o
                0x0000000008000bdc                debug_char
 .text.debug_hex
                0x0000000008000bfc       0x20 ./Core/Src/debug.o
                0x0000000008000bfc                debug_hex
 .text.debug_uint
                0x0000000008000c1c       0x1a ./Core/Src/debug.o
                0x0000000008000c1c                debug_uint
 .text.debug_str
                0x0000000008000c36       0x12 ./Core/Src/debug.o
                0x0000000008000c36                debug_str
 .text.debug_init
                0x0000000008000c48        0xc ./Core/Src/debug.o
                0x0000000008000c48                debug_init
 .text.debug_val
                0x0000000008000c54       0x1e ./Core/Src/debug.o
                0x0000000008000c54                debug_val
 .text.debug_fmt
                0x0000000008000c72       0x86 ./Core/Src/debug.o
                0x0000000008000c72                debug_fmt
 .text.debug_int
                0x0000000008000cf8       0x2c ./Core/Src/debug.o
                0x0000000008000cf8                debug_int
 .text.debug_valdec
                0x0000000008000d24       0x1e ./Core/Src/debug.o
                0x0000000008000d24                debug_valdec
 *fill*         0x0000000008000d42        0x2 
 .text.debug_event
                0x0000000008000d44       0x2c ./Core/Src/debug.o
                0x0000000008000d44                debug_event
 .text.MX_GPIO_Init
                0x0000000008000d70       0xbc ./Core/Src/gpio.o
                0x0000000008000d70                MX_GPIO_Init
 .text.hal_pin_rxtx
                0x0000000008000e2c        0x2 ./Core/Src/hal.o
                0x0000000008000e2c                hal_pin_rxtx
 .text.hal_pin_nss
                0x0000000008000e2e        0xe ./Core/Src/hal.o
                0x0000000008000e2e                hal_pin_nss
 .text.hal_pin_rst
                0x0000000008000e3c       0x44 ./Core/Src/hal.o
                0x0000000008000e3c                hal_pin_rst
 .text.HAL_GPIO_EXTI_Callback
                0x0000000008000e80       0x14 ./Core/Src/hal.o
                0x0000000008000e80                HAL_GPIO_EXTI_Callback
 .text.hal_spi  0x0000000008000e94       0x2c ./Core/Src/hal.o
                0x0000000008000e94                hal_spi
 .text.HAL_TIM_PeriodElapsedCallback
                0x0000000008000ec0       0x1c ./Core/Src/hal.o
                0x0000000008000ec0                HAL_TIM_PeriodElapsedCallback
 .text.hal_disableIRQs
                0x0000000008000edc       0x10 ./Core/Src/hal.o
                0x0000000008000edc                hal_disableIRQs
 .text.hal_enableIRQs
                0x0000000008000eec       0x14 ./Core/Src/hal.o
                0x0000000008000eec                hal_enableIRQs
 .text.hal_ticks
                0x0000000008000f00       0x38 ./Core/Src/hal.o
                0x0000000008000f00                hal_ticks
 .text.hal_waitUntil
                0x0000000008000f38       0x1a ./Core/Src/hal.o
                0x0000000008000f38                hal_waitUntil
 *fill*         0x0000000008000f52        0x2 
 .text.hal_checkTimer
                0x0000000008000f54       0x58 ./Core/Src/hal.o
                0x0000000008000f54                hal_checkTimer
 .text.hal_sleep
                0x0000000008000fac        0x4 ./Core/Src/hal.o
                0x0000000008000fac                hal_sleep
 .text.hal_init
                0x0000000008000fb0       0x1c ./Core/Src/hal.o
                0x0000000008000fb0                hal_init
 .text.hal_failed
                0x0000000008000fcc        0xa ./Core/Src/hal.o
                0x0000000008000fcc                hal_failed
 *fill*         0x0000000008000fd6        0x2 
 .text.calcRxWindow
                0x0000000008000fd8       0x44 ./Core/Src/lmic.o
 .text.setBcnRxParams
                0x000000000800101c       0x24 ./Core/Src/lmic.o
 .text.stateJustJoined
                0x0000000008001040       0x50 ./Core/Src/lmic.o
 .text.rndDelay
                0x0000000008001090       0x42 ./Core/Src/lmic.o
 *fill*         0x00000000080010d2        0x2 
 .text.txDelay  0x00000000080010d4       0x34 ./Core/Src/lmic.o
 .text.schedRx2
                0x0000000008001108       0x30 ./Core/Src/lmic.o
 .text.startRxBcn
                0x0000000008001138       0x14 ./Core/Src/lmic.o
 .text.startRxPing
                0x000000000800114c       0x14 ./Core/Src/lmic.o
 .text.setupRx1
                0x0000000008001160       0x24 ./Core/Src/lmic.o
 .text.setupRx1DnData
                0x0000000008001184        0xc ./Core/Src/lmic.o
 .text.setupRx1Jacc
                0x0000000008001190        0xc ./Core/Src/lmic.o
 .text.startScan
                0x000000000800119c       0x70 ./Core/Src/lmic.o
 .text.initDefaultChannels
                0x000000000800120c       0xac ./Core/Src/lmic.o
 .text.setDrTxpow.constprop.0
                0x00000000080012b8       0x2c ./Core/Src/lmic.o
 .text.dndr2rps
                0x00000000080012e4       0x14 ./Core/Src/lmic.o
                0x00000000080012e4                dndr2rps
 .text.setupRx2
                0x00000000080012f8       0x30 ./Core/Src/lmic.o
 .text.setupRx2DnData
                0x0000000008001328       0x14 ./Core/Src/lmic.o
 .text.setupRx2Jacc
                0x000000000800133c       0x14 ./Core/Src/lmic.o
 .text.decDR    0x0000000008001350       0x14 ./Core/Src/lmic.o
                0x0000000008001350                decDR
 .text.validDR  0x0000000008001364       0x14 ./Core/Src/lmic.o
                0x0000000008001364                validDR
 .text.lowerDR  0x0000000008001378       0x12 ./Core/Src/lmic.o
                0x0000000008001378                lowerDR
 .text.os_rlsbf4
                0x000000000800138a        0x4 ./Core/Src/lmic.o
                0x000000000800138a                os_rlsbf4
 *fill*         0x000000000800138e        0x2 
 .text.convFreq
                0x0000000008001390       0x24 ./Core/Src/lmic.o
 .text.os_rmsbf4
                0x00000000080013b4        0x6 ./Core/Src/lmic.o
                0x00000000080013b4                os_rmsbf4
 .text.os_wlsbf4
                0x00000000080013ba       0x10 ./Core/Src/lmic.o
                0x00000000080013ba                os_wlsbf4
 *fill*         0x00000000080013ca        0x2 
 .text.aes_cipher
                0x00000000080013cc       0x64 ./Core/Src/lmic.o
 .text.rxschedInit.constprop.0
                0x0000000008001430       0x90 ./Core/Src/lmic.o
 .text.txDone   0x00000000080014c0       0x78 ./Core/Src/lmic.o
 .text.updataDone
                0x0000000008001538       0x1c ./Core/Src/lmic.o
 .text.jreqDone
                0x0000000008001554       0x10 ./Core/Src/lmic.o
 .text.os_wmsbf4
                0x0000000008001564       0x10 ./Core/Src/lmic.o
                0x0000000008001564                os_wmsbf4
 .text.os_crc16
                0x0000000008001574       0x34 ./Core/Src/lmic.o
                0x0000000008001574                os_crc16
 .text.decodeBeacon
                0x00000000080015a8       0xc4 ./Core/Src/lmic.o
 .text.getSensitivity
                0x000000000800166c       0x1c ./Core/Src/lmic.o
                0x000000000800166c                getSensitivity
 .text.calcAirTime
                0x0000000008001688       0xa4 ./Core/Src/lmic.o
                0x0000000008001688                calcAirTime
 .text.LMIC_setupChannel
                0x000000000800172c       0x8c ./Core/Src/lmic.o
                0x000000000800172c                LMIC_setupChannel
 .text.decodeFrame
                0x00000000080017b8      0x4a0 ./Core/Src/lmic.o
 .text.LMIC_startJoining
                0x0000000008001c58       0xa0 ./Core/Src/lmic.o
                0x0000000008001c58                LMIC_startJoining
 .text.engineUpdate
                0x0000000008001cf8      0x638 ./Core/Src/lmic.o
 .text.reportEvent
                0x0000000008002330        0xe ./Core/Src/lmic.o
 *fill*         0x000000000800233e        0x2 
 .text.onBcnRx  0x0000000008002340       0xa0 ./Core/Src/lmic.o
 .text.processBeacon
                0x00000000080023e0      0x150 ./Core/Src/lmic.o
 .text.processJoinAccept
                0x0000000008002530      0x260 ./Core/Src/lmic.o
 .text.processRx1Jacc
                0x0000000008002790       0x2c ./Core/Src/lmic.o
 .text.processRx2Jacc
                0x00000000080027bc       0x14 ./Core/Src/lmic.o
 .text.onJoinFailed
                0x00000000080027d0        0x6 ./Core/Src/lmic.o
 .text.startJoining
                0x00000000080027d6        0x6 ./Core/Src/lmic.o
 .text.runEngineUpdate
                0x00000000080027dc        0x4 ./Core/Src/lmic.o
 .text.processPingRx
                0x00000000080027e0       0x2c ./Core/Src/lmic.o
 .text.processDnData
                0x000000000800280c      0x128 ./Core/Src/lmic.o
 .text.processRx1DnData
                0x0000000008002934       0x34 ./Core/Src/lmic.o
 .text.processRx2DnData
                0x0000000008002968       0x44 ./Core/Src/lmic.o
 .text.processRx2DnDataDelay
                0x00000000080029ac        0x4 ./Core/Src/lmic.o
 .text.LMIC_reset
                0x00000000080029b0       0x68 ./Core/Src/lmic.o
                0x00000000080029b0                LMIC_reset
 .text.runReset
                0x0000000008002a18       0x14 ./Core/Src/lmic.o
 .text.LMIC_init
                0x0000000008002a2c       0x10 ./Core/Src/lmic.o
                0x0000000008002a2c                LMIC_init
 .text.LMIC_setTxData
                0x0000000008002a3c       0x20 ./Core/Src/lmic.o
                0x0000000008002a3c                LMIC_setTxData
 .text.LMIC_setTxData2
                0x0000000008002a5c       0x38 ./Core/Src/lmic.o
                0x0000000008002a5c                LMIC_setTxData2
 .text.initfunc
                0x0000000008002a94        0xe ./Core/Src/main.o
                0x0000000008002a94                initfunc
 *fill*         0x0000000008002aa2        0x2 
 .text.blinkfunc
                0x0000000008002aa4       0x30 ./Core/Src/main.o
 .text.os_getArtEui
                0x0000000008002ad4       0x10 ./Core/Src/main.o
                0x0000000008002ad4                os_getArtEui
 .text.os_getDevEui
                0x0000000008002ae4       0x10 ./Core/Src/main.o
                0x0000000008002ae4                os_getDevEui
 .text.os_getDevKey
                0x0000000008002af4       0x18 ./Core/Src/main.o
                0x0000000008002af4                os_getDevKey
 .text.readsensor
                0x0000000008002b0c       0x30 ./Core/Src/main.o
                0x0000000008002b0c                readsensor
 .text.reportfunc
                0x0000000008002b3c       0x7c ./Core/Src/main.o
 .text.onEvent  0x0000000008002bb8      0x124 ./Core/Src/main.o
                0x0000000008002bb8                onEvent
 .text.SystemClock_Config
                0x0000000008002cdc       0x94 ./Core/Src/main.o
                0x0000000008002cdc                SystemClock_Config
 .text.startup.main
                0x0000000008002d70       0x70 ./Core/Src/main.o
                0x0000000008002d70                main
 .text.Error_Handler
                0x0000000008002de0        0x4 ./Core/Src/main.o
                0x0000000008002de0                Error_Handler
 .text.unlinkjob
                0x0000000008002de4       0x18 ./Core/Src/oslmic.o
 .text.os_init  0x0000000008002dfc       0x20 ./Core/Src/oslmic.o
                0x0000000008002dfc                os_init
 .text.os_getTime
                0x0000000008002e1c        0x4 ./Core/Src/oslmic.o
                0x0000000008002e1c                os_getTime
 .text.os_clearCallback
                0x0000000008002e20       0x2c ./Core/Src/oslmic.o
                0x0000000008002e20                os_clearCallback
 .text.os_setCallback
                0x0000000008002e4c       0x38 ./Core/Src/oslmic.o
                0x0000000008002e4c                os_setCallback
 .text.os_setTimedCallback
                0x0000000008002e84       0x40 ./Core/Src/oslmic.o
                0x0000000008002e84                os_setTimedCallback
 .text.os_runloop
                0x0000000008002ec4       0x40 ./Core/Src/oslmic.o
                0x0000000008002ec4                os_runloop
 .text.writeReg
                0x0000000008002f04       0x24 ./Core/Src/radio.o
 .text.configLoraModem
                0x0000000008002f28       0x98 ./Core/Src/radio.o
 .text.configChannel
                0x0000000008002fc0       0x3c ./Core/Src/radio.o
 .text.readReg  0x0000000008002ffc       0x22 ./Core/Src/radio.o
 .text.opmode   0x000000000800301e       0x1c ./Core/Src/radio.o
 *fill*         0x000000000800303a        0x2 
 .text.rxlora   0x000000000800303c       0xc4 ./Core/Src/radio.o
 .text.configPower
                0x0000000008003100       0x40 ./Core/Src/radio.o
 .text.startrx  0x0000000008003140       0xec ./Core/Src/radio.o
 .text.readBuf.constprop.0
                0x000000000800322c       0x34 ./Core/Src/radio.o
 .text.writeBuf.constprop.0
                0x0000000008003260       0x34 ./Core/Src/radio.o
 .text.radio_init
                0x0000000008003294       0x9c ./Core/Src/radio.o
                0x0000000008003294                radio_init
 .text.radio_rand1
                0x0000000008003330       0x2c ./Core/Src/radio.o
                0x0000000008003330                radio_rand1
 .text.radio_irq_handler
                0x000000000800335c      0x100 ./Core/Src/radio.o
                0x000000000800335c                radio_irq_handler
 .text.os_radio
                0x000000000800345c      0x174 ./Core/Src/radio.o
                0x000000000800345c                os_radio
 .text.MX_SPI3_Init
                0x00000000080035d0       0x50 ./Core/Src/spi.o
                0x00000000080035d0                MX_SPI3_Init
 .text.HAL_SPI_MspInit
                0x0000000008003620       0xa0 ./Core/Src/spi.o
                0x0000000008003620                HAL_SPI_MspInit
 .text.HAL_MspInit
                0x00000000080036c0       0x30 ./Core/Src/stm32l4xx_hal_msp.o
                0x00000000080036c0                HAL_MspInit
 .text.NMI_Handler
                0x00000000080036f0        0x2 ./Core/Src/stm32l4xx_it.o
                0x00000000080036f0                NMI_Handler
 .text.HardFault_Handler
                0x00000000080036f2        0x2 ./Core/Src/stm32l4xx_it.o
                0x00000000080036f2                HardFault_Handler
 .text.MemManage_Handler
                0x00000000080036f4        0x2 ./Core/Src/stm32l4xx_it.o
                0x00000000080036f4                MemManage_Handler
 .text.BusFault_Handler
                0x00000000080036f6        0x2 ./Core/Src/stm32l4xx_it.o
                0x00000000080036f6                BusFault_Handler
 .text.UsageFault_Handler
                0x00000000080036f8        0x2 ./Core/Src/stm32l4xx_it.o
                0x00000000080036f8                UsageFault_Handler
 .text.SVC_Handler
                0x00000000080036fa        0x2 ./Core/Src/stm32l4xx_it.o
                0x00000000080036fa                SVC_Handler
 .text.DebugMon_Handler
                0x00000000080036fc        0x2 ./Core/Src/stm32l4xx_it.o
                0x00000000080036fc                DebugMon_Handler
 .text.PendSV_Handler
                0x00000000080036fe        0x2 ./Core/Src/stm32l4xx_it.o
                0x00000000080036fe                PendSV_Handler
 .text.SysTick_Handler
                0x0000000008003700        0x4 ./Core/Src/stm32l4xx_it.o
                0x0000000008003700                SysTick_Handler
 .text.EXTI9_5_IRQHandler
                0x0000000008003704       0x12 ./Core/Src/stm32l4xx_it.o
                0x0000000008003704                EXTI9_5_IRQHandler
 *fill*         0x0000000008003716        0x2 
 .text.USART1_IRQHandler
                0x0000000008003718        0xc ./Core/Src/stm32l4xx_it.o
                0x0000000008003718                USART1_IRQHandler
 .text.SPI3_IRQHandler
                0x0000000008003724        0xc ./Core/Src/stm32l4xx_it.o
                0x0000000008003724                SPI3_IRQHandler
 .text.TIM7_IRQHandler
                0x0000000008003730        0xc ./Core/Src/stm32l4xx_it.o
                0x0000000008003730                TIM7_IRQHandler
 .text.SystemInit
                0x000000000800373c       0x14 ./Core/Src/system_stm32l4xx.o
                0x000000000800373c                SystemInit
 .text.MX_TIM7_Init
                0x0000000008003750       0x48 ./Core/Src/tim.o
                0x0000000008003750                MX_TIM7_Init
 .text.HAL_TIM_Base_MspInit
                0x0000000008003798       0x40 ./Core/Src/tim.o
                0x0000000008003798                HAL_TIM_Base_MspInit
 .text.MX_USART1_UART_Init
                0x00000000080037d8       0x3c ./Core/Src/usart.o
                0x00000000080037d8                MX_USART1_UART_Init
 .text.HAL_UART_MspInit
                0x0000000008003814       0x94 ./Core/Src/usart.o
                0x0000000008003814                HAL_UART_MspInit
 .text.Reset_Handler
                0x00000000080038a8       0x50 ./Core/Startup/startup_stm32l432kcux.o
                0x00000000080038a8                Reset_Handler
 .text.Default_Handler
                0x00000000080038f8        0x2 ./Core/Startup/startup_stm32l432kcux.o
                0x00000000080038f8                RTC_Alarm_IRQHandler
                0x00000000080038f8                EXTI2_IRQHandler
                0x00000000080038f8                TIM1_CC_IRQHandler
                0x00000000080038f8                TSC_IRQHandler
                0x00000000080038f8                TAMP_STAMP_IRQHandler
                0x00000000080038f8                EXTI3_IRQHandler
                0x00000000080038f8                LPTIM2_IRQHandler
                0x00000000080038f8                I2C3_ER_IRQHandler
                0x00000000080038f8                EXTI0_IRQHandler
                0x00000000080038f8                CAN1_RX0_IRQHandler
                0x00000000080038f8                FPU_IRQHandler
                0x00000000080038f8                TIM1_UP_TIM16_IRQHandler
                0x00000000080038f8                SPI1_IRQHandler
                0x00000000080038f8                TIM6_DAC_IRQHandler
                0x00000000080038f8                DMA2_Channel2_IRQHandler
                0x00000000080038f8                DMA1_Channel4_IRQHandler
                0x00000000080038f8                ADC1_IRQHandler
                0x00000000080038f8                DMA1_Channel7_IRQHandler
                0x00000000080038f8                CAN1_RX1_IRQHandler
                0x00000000080038f8                DMA2_Channel1_IRQHandler
                0x00000000080038f8                QUADSPI_IRQHandler
                0x00000000080038f8                I2C1_EV_IRQHandler
                0x00000000080038f8                DMA1_Channel6_IRQHandler
                0x00000000080038f8                DMA2_Channel4_IRQHandler
                0x00000000080038f8                RCC_IRQHandler
                0x00000000080038f8                TIM1_TRG_COM_IRQHandler
                0x00000000080038f8                DMA1_Channel1_IRQHandler
                0x00000000080038f8                Default_Handler
                0x00000000080038f8                DMA2_Channel7_IRQHandler
                0x00000000080038f8                EXTI15_10_IRQHandler
                0x00000000080038f8                I2C3_EV_IRQHandler
                0x00000000080038f8                USB_IRQHandler
                0x00000000080038f8                RTC_WKUP_IRQHandler
                0x00000000080038f8                PVD_PVM_IRQHandler
                0x00000000080038f8                CAN1_TX_IRQHandler
                0x00000000080038f8                DMA2_Channel5_IRQHandler
                0x00000000080038f8                CRS_IRQHandler
                0x00000000080038f8                DMA1_Channel5_IRQHandler
                0x00000000080038f8                EXTI4_IRQHandler
                0x00000000080038f8                RNG_IRQHandler
                0x00000000080038f8                DMA1_Channel3_IRQHandler
                0x00000000080038f8                COMP_IRQHandler
                0x00000000080038f8                WWDG_IRQHandler
                0x00000000080038f8                LPUART1_IRQHandler
                0x00000000080038f8                DMA2_Channel6_IRQHandler
                0x00000000080038f8                TIM2_IRQHandler
                0x00000000080038f8                EXTI1_IRQHandler
                0x00000000080038f8                USART2_IRQHandler
                0x00000000080038f8                DMA1_Channel2_IRQHandler
                0x00000000080038f8                CAN1_SCE_IRQHandler
                0x00000000080038f8                FLASH_IRQHandler
                0x00000000080038f8                I2C1_ER_IRQHandler
                0x00000000080038f8                SWPMI1_IRQHandler
                0x00000000080038f8                LPTIM1_IRQHandler
                0x00000000080038f8                SAI1_IRQHandler
                0x00000000080038f8                DMA2_Channel3_IRQHandler
                0x00000000080038f8                TIM1_BRK_TIM15_IRQHandler
 *fill*         0x00000000080038fa        0x2 
 .text.HAL_InitTick
                0x00000000080038fc       0x4c ./Drivers/STM32L4xx_HAL_Driver/Src/stm32l4xx_hal.o
                0x00000000080038fc                HAL_InitTick
 .text.HAL_Init
                0x0000000008003948       0x1e ./Drivers/STM32L4xx_HAL_Driver/Src/stm32l4xx_hal.o
                0x0000000008003948                HAL_Init
 *fill*         0x0000000008003966        0x2 
 .text.HAL_IncTick
                0x0000000008003968       0x18 ./Drivers/STM32L4xx_HAL_Driver/Src/stm32l4xx_hal.o
                0x0000000008003968                HAL_IncTick
 .text.HAL_GetTick
                0x0000000008003980        0xc ./Drivers/STM32L4xx_HAL_Driver/Src/stm32l4xx_hal.o
                0x0000000008003980                HAL_GetTick
 .text.LL_ADC_SetChannelSamplingTime
                0x000000000800398c       0x22 ./Drivers/STM32L4xx_HAL_Driver/Src/stm32l4xx_hal_adc.o
 .text.LL_ADC_REG_IsConversionOngoing
                0x00000000080039ae        0x8 ./Drivers/STM32L4xx_HAL_Driver/Src/stm32l4xx_hal_adc.o
 *fill*         0x00000000080039b6        0x2 
 .text.HAL_ADC_Init
                0x00000000080039b8      0x1a4 ./Drivers/STM32L4xx_HAL_Driver/Src/stm32l4xx_hal_adc.o
                0x00000000080039b8                HAL_ADC_Init
 .text.HAL_ADC_PollForConversion
                0x0000000008003b5c       0xa2 ./Drivers/STM32L4xx_HAL_Driver/Src/stm32l4xx_hal_adc.o
                0x0000000008003b5c                HAL_ADC_PollForConversion
 .text.HAL_ADC_GetValue
                0x0000000008003bfe        0x6 ./Drivers/STM32L4xx_HAL_Driver/Src/stm32l4xx_hal_adc.o
                0x0000000008003bfe                HAL_ADC_GetValue
 .text.HAL_ADC_ConfigChannel
                0x0000000008003c04      0x370 ./Drivers/STM32L4xx_HAL_Driver/Src/stm32l4xx_hal_adc.o
                0x0000000008003c04                HAL_ADC_ConfigChannel
 .text.ADC_Enable
                0x0000000008003f74       0xb0 ./Drivers/STM32L4xx_HAL_Driver/Src/stm32l4xx_hal_adc.o
                0x0000000008003f74                ADC_Enable
 .text.HAL_ADC_Start
                0x0000000008004024       0x82 ./Drivers/STM32L4xx_HAL_Driver/Src/stm32l4xx_hal_adc.o
                0x0000000008004024                HAL_ADC_Start
 .text.ADC_Disable
                0x00000000080040a6       0x68 ./Drivers/STM32L4xx_HAL_Driver/Src/stm32l4xx_hal_adc.o
                0x00000000080040a6                ADC_Disable
 .text.HAL_ADCEx_Calibration_Start
                0x000000000800410e       0x94 ./Drivers/STM32L4xx_HAL_Driver/Src/stm32l4xx_hal_adc_ex.o
                0x000000000800410e                HAL_ADCEx_Calibration_Start
 *fill*         0x00000000080041a2        0x2 
 .text.HAL_NVIC_SetPriorityGrouping
                0x00000000080041a4       0x24 ./Drivers/STM32L4xx_HAL_Driver/Src/stm32l4xx_hal_cortex.o
                0x00000000080041a4                HAL_NVIC_SetPriorityGrouping
 .text.HAL_NVIC_SetPriority
                0x00000000080041c8       0x64 ./Drivers/STM32L4xx_HAL_Driver/Src/stm32l4xx_hal_cortex.o
                0x00000000080041c8                HAL_NVIC_SetPriority
 .text.HAL_NVIC_EnableIRQ
                0x000000000800422c       0x1c ./Drivers/STM32L4xx_HAL_Driver/Src/stm32l4xx_hal_cortex.o
                0x000000000800422c                HAL_NVIC_EnableIRQ
 .text.HAL_SYSTICK_Config
                0x0000000008004248       0x28 ./Drivers/STM32L4xx_HAL_Driver/Src/stm32l4xx_hal_cortex.o
                0x0000000008004248                HAL_SYSTICK_Config
 .text.HAL_DMA_Abort
                0x0000000008004270       0x46 ./Drivers/STM32L4xx_HAL_Driver/Src/stm32l4xx_hal_dma.o
                0x0000000008004270                HAL_DMA_Abort
 .text.HAL_DMA_Abort_IT
                0x00000000080042b6       0x4c ./Drivers/STM32L4xx_HAL_Driver/Src/stm32l4xx_hal_dma.o
                0x00000000080042b6                HAL_DMA_Abort_IT
 *fill*         0x0000000008004302        0x2 
 .text.HAL_GPIO_Init
                0x0000000008004304      0x170 ./Drivers/STM32L4xx_HAL_Driver/Src/stm32l4xx_hal_gpio.o
                0x0000000008004304                HAL_GPIO_Init
 .text.HAL_GPIO_WritePin
                0x0000000008004474        0xa ./Drivers/STM32L4xx_HAL_Driver/Src/stm32l4xx_hal_gpio.o
                0x0000000008004474                HAL_GPIO_WritePin
 *fill*         0x000000000800447e        0x2 
 .text.HAL_GPIO_EXTI_IRQHandler
                0x0000000008004480       0x18 ./Drivers/STM32L4xx_HAL_Driver/Src/stm32l4xx_hal_gpio.o
                0x0000000008004480                HAL_GPIO_EXTI_IRQHandler
 .text.HAL_PWR_EnableBkUpAccess
                0x0000000008004498       0x10 ./Drivers/STM32L4xx_HAL_Driver/Src/stm32l4xx_hal_pwr.o
                0x0000000008004498                HAL_PWR_EnableBkUpAccess
 .text.HAL_PWREx_GetVoltageRange
                0x00000000080044a8       0x10 ./Drivers/STM32L4xx_HAL_Driver/Src/stm32l4xx_hal_pwr_ex.o
                0x00000000080044a8                HAL_PWREx_GetVoltageRange
 .text.HAL_PWREx_ControlVoltageScaling
                0x00000000080044b8       0x6c ./Drivers/STM32L4xx_HAL_Driver/Src/stm32l4xx_hal_pwr_ex.o
                0x00000000080044b8                HAL_PWREx_ControlVoltageScaling
 .text.RCC_SetFlashLatencyFromMSIRange
                0x0000000008004524       0x84 ./Drivers/STM32L4xx_HAL_Driver/Src/stm32l4xx_hal_rcc.o
 .text.HAL_RCC_GetSysClockFreq
                0x00000000080045a8       0x9c ./Drivers/STM32L4xx_HAL_Driver/Src/stm32l4xx_hal_rcc.o
                0x00000000080045a8                HAL_RCC_GetSysClockFreq
 .text.HAL_RCC_OscConfig
                0x0000000008004644      0x548 ./Drivers/STM32L4xx_HAL_Driver/Src/stm32l4xx_hal_rcc.o
                0x0000000008004644                HAL_RCC_OscConfig
 .text.HAL_RCC_ClockConfig
                0x0000000008004b8c      0x154 ./Drivers/STM32L4xx_HAL_Driver/Src/stm32l4xx_hal_rcc.o
                0x0000000008004b8c                HAL_RCC_ClockConfig
 .text.HAL_RCC_GetPCLK1Freq
                0x0000000008004ce0       0x24 ./Drivers/STM32L4xx_HAL_Driver/Src/stm32l4xx_hal_rcc.o
                0x0000000008004ce0                HAL_RCC_GetPCLK1Freq
 .text.HAL_RCC_GetPCLK2Freq
                0x0000000008004d04       0x24 ./Drivers/STM32L4xx_HAL_Driver/Src/stm32l4xx_hal_rcc.o
                0x0000000008004d04                HAL_RCC_GetPCLK2Freq
 .text.RCCEx_PLLSAI1_Config
                0x0000000008004d28      0x114 ./Drivers/STM32L4xx_HAL_Driver/Src/stm32l4xx_hal_rcc_ex.o
 .text.HAL_RCCEx_PeriphCLKConfig
                0x0000000008004e3c      0x288 ./Drivers/STM32L4xx_HAL_Driver/Src/stm32l4xx_hal_rcc_ex.o
                0x0000000008004e3c                HAL_RCCEx_PeriphCLKConfig
 .text.HAL_RCCEx_EnableMSIPLLMode
                0x00000000080050c4       0x10 ./Drivers/STM32L4xx_HAL_Driver/Src/stm32l4xx_hal_rcc_ex.o
                0x00000000080050c4                HAL_RCCEx_EnableMSIPLLMode
 .text.SPI_WaitFifoStateUntilTimeout.constprop.0
                0x00000000080050d4       0xcc ./Drivers/STM32L4xx_HAL_Driver/Src/stm32l4xx_hal_spi.o
 .text.SPI_WaitFlagStateUntilTimeout.constprop.0
                0x00000000080051a0       0xa4 ./Drivers/STM32L4xx_HAL_Driver/Src/stm32l4xx_hal_spi.o
 .text.SPI_EndRxTxTransaction
                0x0000000008005244       0x4a ./Drivers/STM32L4xx_HAL_Driver/Src/stm32l4xx_hal_spi.o
 .text.HAL_SPI_Init
                0x000000000800528e       0xd4 ./Drivers/STM32L4xx_HAL_Driver/Src/stm32l4xx_hal_spi.o
                0x000000000800528e                HAL_SPI_Init
 .text.HAL_SPI_TransmitReceive
                0x0000000008005362      0x258 ./Drivers/STM32L4xx_HAL_Driver/Src/stm32l4xx_hal_spi.o
                0x0000000008005362                HAL_SPI_TransmitReceive
 .text.HAL_SPI_ErrorCallback
                0x00000000080055ba        0x2 ./Drivers/STM32L4xx_HAL_Driver/Src/stm32l4xx_hal_spi.o
                0x00000000080055ba                HAL_SPI_ErrorCallback
 .text.HAL_SPI_IRQHandler
                0x00000000080055bc      0x10c ./Drivers/STM32L4xx_HAL_Driver/Src/stm32l4xx_hal_spi.o
                0x00000000080055bc                HAL_SPI_IRQHandler
 .text.SPI_DMAAbortOnError
                0x00000000080056c8       0x12 ./Drivers/STM32L4xx_HAL_Driver/Src/stm32l4xx_hal_spi.o
 *fill*         0x00000000080056da        0x2 
 .text.HAL_TIM_Base_Start_IT
                0x00000000080056dc       0x54 ./Drivers/STM32L4xx_HAL_Driver/Src/stm32l4xx_hal_tim.o
                0x00000000080056dc                HAL_TIM_Base_Start_IT
 .text.HAL_TIM_OC_DelayElapsedCallback
                0x0000000008005730        0x2 ./Drivers/STM32L4xx_HAL_Driver/Src/stm32l4xx_hal_tim.o
                0x0000000008005730                HAL_TIM_OC_DelayElapsedCallback
 .text.HAL_TIM_IC_CaptureCallback
                0x0000000008005732        0x2 ./Drivers/STM32L4xx_HAL_Driver/Src/stm32l4xx_hal_tim.o
                0x0000000008005732                HAL_TIM_IC_CaptureCallback
 .text.HAL_TIM_PWM_PulseFinishedCallback
                0x0000000008005734        0x2 ./Drivers/STM32L4xx_HAL_Driver/Src/stm32l4xx_hal_tim.o
                0x0000000008005734                HAL_TIM_PWM_PulseFinishedCallback
 .text.HAL_TIM_TriggerCallback
                0x0000000008005736        0x2 ./Drivers/STM32L4xx_HAL_Driver/Src/stm32l4xx_hal_tim.o
                0x0000000008005736                HAL_TIM_TriggerCallback
 .text.HAL_TIM_IRQHandler
                0x0000000008005738      0x160 ./Drivers/STM32L4xx_HAL_Driver/Src/stm32l4xx_hal_tim.o
                0x0000000008005738                HAL_TIM_IRQHandler
 .text.TIM_Base_SetConfig
                0x0000000008005898       0x74 ./Drivers/STM32L4xx_HAL_Driver/Src/stm32l4xx_hal_tim.o
                0x0000000008005898                TIM_Base_SetConfig
 .text.HAL_TIM_Base_Init
                0x000000000800590c       0x60 ./Drivers/STM32L4xx_HAL_Driver/Src/stm32l4xx_hal_tim.o
                0x000000000800590c                HAL_TIM_Base_Init
 .text.HAL_TIMEx_MasterConfigSynchronization
                0x000000000800596c       0x64 ./Drivers/STM32L4xx_HAL_Driver/Src/stm32l4xx_hal_tim_ex.o
                0x000000000800596c                HAL_TIMEx_MasterConfigSynchronization
 .text.HAL_TIMEx_CommutCallback
                0x00000000080059d0        0x2 ./Drivers/STM32L4xx_HAL_Driver/Src/stm32l4xx_hal_tim_ex.o
                0x00000000080059d0                HAL_TIMEx_CommutCallback
 .text.HAL_TIMEx_BreakCallback
                0x00000000080059d2        0x2 ./Drivers/STM32L4xx_HAL_Driver/Src/stm32l4xx_hal_tim_ex.o
                0x00000000080059d2                HAL_TIMEx_BreakCallback
 .text.HAL_TIMEx_Break2Callback
                0x00000000080059d4        0x2 ./Drivers/STM32L4xx_HAL_Driver/Src/stm32l4xx_hal_tim_ex.o
                0x00000000080059d4                HAL_TIMEx_Break2Callback
 .text.UART_EndRxTransfer
                0x00000000080059d6       0x4e ./Drivers/STM32L4xx_HAL_Driver/Src/stm32l4xx_hal_uart.o
 .text.HAL_UART_TxCpltCallback
                0x0000000008005a24        0x2 ./Drivers/STM32L4xx_HAL_Driver/Src/stm32l4xx_hal_uart.o
                0x0000000008005a24                HAL_UART_TxCpltCallback
 .text.HAL_UART_ErrorCallback
                0x0000000008005a26        0x2 ./Drivers/STM32L4xx_HAL_Driver/Src/stm32l4xx_hal_uart.o
                0x0000000008005a26                HAL_UART_ErrorCallback
 .text.UART_DMAAbortOnError
                0x0000000008005a28       0x14 ./Drivers/STM32L4xx_HAL_Driver/Src/stm32l4xx_hal_uart.o
 .text.HAL_UARTEx_RxEventCallback
                0x0000000008005a3c        0x2 ./Drivers/STM32L4xx_HAL_Driver/Src/stm32l4xx_hal_uart.o
                0x0000000008005a3c                HAL_UARTEx_RxEventCallback
 *fill*         0x0000000008005a3e        0x2 
 .text.HAL_UART_IRQHandler
                0x0000000008005a40      0x28c ./Drivers/STM32L4xx_HAL_Driver/Src/stm32l4xx_hal_uart.o
                0x0000000008005a40                HAL_UART_IRQHandler
 .text.UART_SetConfig
                0x0000000008005ccc      0x1d8 ./Drivers/STM32L4xx_HAL_Driver/Src/stm32l4xx_hal_uart.o
                0x0000000008005ccc                UART_SetConfig
 .text.UART_AdvFeatureConfig
                0x0000000008005ea4       0xa8 ./Drivers/STM32L4xx_HAL_Driver/Src/stm32l4xx_hal_uart.o
                0x0000000008005ea4                UART_AdvFeatureConfig
 .text.UART_WaitOnFlagUntilTimeout
                0x0000000008005f4c       0xbc ./Drivers/STM32L4xx_HAL_Driver/Src/stm32l4xx_hal_uart.o
                0x0000000008005f4c                UART_WaitOnFlagUntilTimeout
 .text.HAL_UART_Transmit
                0x0000000008006008       0xb4 ./Drivers/STM32L4xx_HAL_Driver/Src/stm32l4xx_hal_uart.o
                0x0000000008006008                HAL_UART_Transmit
 .text.UART_CheckIdleState
                0x00000000080060bc       0x66 ./Drivers/STM32L4xx_HAL_Driver/Src/stm32l4xx_hal_uart.o
                0x00000000080060bc                UART_CheckIdleState
 .text.HAL_UART_Init
                0x0000000008006122       0x5c ./Drivers/STM32L4xx_HAL_Driver/Src/stm32l4xx_hal_uart.o
                0x0000000008006122                HAL_UART_Init
 .text.HAL_UARTEx_WakeupCallback
                0x000000000800617e        0x2 ./Drivers/STM32L4xx_HAL_Driver/Src/stm32l4xx_hal_uart_ex.o
                0x000000000800617e                HAL_UARTEx_WakeupCallback
 .text.__libc_init_array
                0x0000000008006180       0x48 /app/stm32cubeide/plugins/com.st.stm32cube.ide.mcu.externaltools.gnu-tools-for-stm32.10.3-2021.10.linux64_1.0.200.202301161003/tools/bin/../lib/gcc/arm-none-eabi/10.3.1/../../../../arm-none-eabi/lib/thumb/v7e-m+fp/hard/libc_nano.a(lib_a-init.o)
                0x0000000008006180                __libc_init_array
 .text.memcpy   0x00000000080061c8       0x1c /app/stm32cubeide/plugins/com.st.stm32cube.ide.mcu.externaltools.gnu-tools-for-stm32.10.3-2021.10.linux64_1.0.200.202301161003/tools/bin/../lib/gcc/arm-none-eabi/10.3.1/../../../../arm-none-eabi/lib/thumb/v7e-m+fp/hard/libc_nano.a(lib_a-memcpy-stub.o)
                0x00000000080061c8                memcpy
 .text.memset   0x00000000080061e4       0x10 /app/stm32cubeide/plugins/com.st.stm32cube.ide.mcu.externaltools.gnu-tools-for-stm32.10.3-2021.10.linux64_1.0.200.202301161003/tools/bin/../lib/gcc/arm-none-eabi/10.3.1/../../../../arm-none-eabi/lib/thumb/v7e-m+fp/hard/libc_nano.a(lib_a-memset.o)
                0x00000000080061e4                memset
 *(.glue_7)
 .glue_7        0x00000000080061f4        0x0 linker stubs
 *(.glue_7t)
 .glue_7t       0x00000000080061f4        0x0 linker stubs
 *(.eh_frame)
 .eh_frame      0x00000000080061f4        0x0 /app/stm32cubeide/plugins/com.st.stm32cube.ide.mcu.externaltools.gnu-tools-for-stm32.10.3-2021.10.linux64_1.0.200.202301161003/tools/bin/../lib/gcc/arm-none-eabi/10.3.1/thumb/v7e-m+fp/hard/crtbegin.o
 *(.init)
 .init          0x00000000080061f4        0x4 /app/stm32cubeide/plugins/com.st.stm32cube.ide.mcu.externaltools.gnu-tools-for-stm32.10.3-2021.10.linux64_1.0.200.202301161003/tools/bin/../lib/gcc/arm-none-eabi/10.3.1/thumb/v7e-m+fp/hard/crti.o
                0x00000000080061f4                _init
 .init          0x00000000080061f8        0x8 /app/stm32cubeide/plugins/com.st.stm32cube.ide.mcu.externaltools.gnu-tools-for-stm32.10.3-2021.10.linux64_1.0.200.202301161003/tools/bin/../lib/gcc/arm-none-eabi/10.3.1/thumb/v7e-m+fp/hard/crtn.o
 *(.fini)
 .fini          0x0000000008006200        0x4 /app/stm32cubeide/plugins/com.st.stm32cube.ide.mcu.externaltools.gnu-tools-for-stm32.10.3-2021.10.linux64_1.0.200.202301161003/tools/bin/../lib/gcc/arm-none-eabi/10.3.1/thumb/v7e-m+fp/hard/crti.o
                0x0000000008006200                _fini
 .fini          0x0000000008006204        0x8 /app/stm32cubeide/plugins/com.st.stm32cube.ide.mcu.externaltools.gnu-tools-for-stm32.10.3-2021.10.linux64_1.0.200.202301161003/tools/bin/../lib/gcc/arm-none-eabi/10.3.1/thumb/v7e-m+fp/hard/crtn.o
                0x000000000800620c                . = ALIGN (0x4)
                0x000000000800620c                _etext = .

.vfp11_veneer   0x000000000800620c        0x0
 .vfp11_veneer  0x000000000800620c        0x0 linker stubs

.v4_bx          0x000000000800620c        0x0
 .v4_bx         0x000000000800620c        0x0 linker stubs

.iplt           0x000000000800620c        0x0
 .iplt          0x000000000800620c        0x0 /app/stm32cubeide/plugins/com.st.stm32cube.ide.mcu.externaltools.gnu-tools-for-stm32.10.3-2021.10.linux64_1.0.200.202301161003/tools/bin/../lib/gcc/arm-none-eabi/10.3.1/thumb/v7e-m+fp/hard/crtbegin.o

.rodata         0x000000000800620c     0x14d8
                0x000000000800620c                . = ALIGN (0x4)
 *(.rodata)
 .rodata        0x000000000800620c        0x8 ./Core/Src/main.o
 *(.rodata*)
 .rodata.AES_E1
                0x0000000008006214      0x400 ./Core/Src/aes.o
 .rodata.AES_E2
                0x0000000008006614      0x400 ./Core/Src/aes.o
 .rodata.AES_E3
                0x0000000008006a14      0x400 ./Core/Src/aes.o
 .rodata.AES_E4
                0x0000000008006e14      0x400 ./Core/Src/aes.o
 .rodata.AES_RCON
                0x0000000008007214       0x28 ./Core/Src/aes.o
 .rodata.AES_S  0x000000000800723c      0x100 ./Core/Src/aes.o
 .rodata.debug_hex.str1.1
                0x000000000800733c       0x11 ./Core/Src/debug.o
 .rodata.debug_init.str1.1
                0x000000000800734d       0x30 ./Core/Src/debug.o
 .rodata.debug_event.str1.1
                0x000000000800737d        0xb ./Core/Src/debug.o
 .rodata.str1.1
                0x0000000008007388       0xab ./Core/Src/debug.o
                                         0xb7 (size before relaxing)
 *fill*         0x0000000008007433        0x1 
 .rodata.evnames.0
                0x0000000008007434       0x48 ./Core/Src/debug.o
 .rodata.DR2HSYM_osticks
                0x000000000800747c       0x20 ./Core/Src/lmic.o
 .rodata.DRADJUST
                0x000000000800749c        0xa ./Core/Src/lmic.o
 .rodata.SENSITIVITY
                0x00000000080074a6       0x15 ./Core/Src/lmic.o
 .rodata.TXPOWLEVELS
                0x00000000080074bb       0x10 ./Core/Src/lmic.o
 .rodata._DR2RPS_CRC
                0x00000000080074cb        0xa ./Core/Src/lmic.o
                0x00000000080074cb                _DR2RPS_CRC
 *fill*         0x00000000080074d5        0x3 
 .rodata.iniChannelFreq
                0x00000000080074d8       0x30 ./Core/Src/lmic.o
 .rodata.os_getDevEui.str1.1
                0x0000000008007508        0x9 ./Core/Src/main.o
 .rodata.os_getDevKey.str1.1
                0x0000000008007511       0x11 ./Core/Src/main.o
 .rodata.reportfunc.str1.1
                0x0000000008007522        0x7 ./Core/Src/main.o
 .rodata.onEvent.str1.1
                0x0000000008007529      0x14f ./Core/Src/main.o
 .rodata.LORA_RXDONE_FIXUP
                0x0000000008007678        0xe ./Core/Src/radio.o
 .rodata.rxlorairqmask
                0x0000000008007686        0x3 ./Core/Src/radio.o
 .rodata.AHBPrescTable
                0x0000000008007689       0x10 ./Core/Src/system_stm32l4xx.o
                0x0000000008007689                AHBPrescTable
 .rodata.APBPrescTable
                0x0000000008007699        0x8 ./Core/Src/system_stm32l4xx.o
                0x0000000008007699                APBPrescTable
 *fill*         0x00000000080076a1        0x3 
 .rodata.MSIRangeTable
                0x00000000080076a4       0x30 ./Core/Src/system_stm32l4xx.o
                0x00000000080076a4                MSIRangeTable
 .rodata.CSWTCH.53
                0x00000000080076d4        0x3 ./Drivers/STM32L4xx_HAL_Driver/Src/stm32l4xx_hal_uart.o
 .rodata.CSWTCH.54
                0x00000000080076d7        0xd ./Drivers/STM32L4xx_HAL_Driver/Src/stm32l4xx_hal_uart.o
                0x00000000080076e4                . = ALIGN (0x4)

.ARM.extab      0x00000000080076e4        0x0
                0x00000000080076e4                . = ALIGN (0x4)
 *(.ARM.extab* .gnu.linkonce.armextab.*)
                0x00000000080076e4                . = ALIGN (0x4)

.ARM            0x00000000080076e4        0x8
                0x00000000080076e4                . = ALIGN (0x4)
                0x00000000080076e4                __exidx_start = .
 *(.ARM.exidx*)
 .ARM.exidx     0x00000000080076e4        0x8 /app/stm32cubeide/plugins/com.st.stm32cube.ide.mcu.externaltools.gnu-tools-for-stm32.10.3-2021.10.linux64_1.0.200.202301161003/tools/bin/../lib/gcc/arm-none-eabi/10.3.1/thumb/v7e-m+fp/hard/libgcc.a(_udivmoddi4.o)
                0x00000000080076ec                __exidx_end = .
                0x00000000080076ec                . = ALIGN (0x4)

.rel.dyn        0x00000000080076ec        0x0
 .rel.iplt      0x00000000080076ec        0x0 /app/stm32cubeide/plugins/com.st.stm32cube.ide.mcu.externaltools.gnu-tools-for-stm32.10.3-2021.10.linux64_1.0.200.202301161003/tools/bin/../lib/gcc/arm-none-eabi/10.3.1/thumb/v7e-m+fp/hard/crtbegin.o

.preinit_array  0x00000000080076ec        0x0
                0x00000000080076ec                . = ALIGN (0x4)
                0x00000000080076ec                PROVIDE (__preinit_array_start = .)
 *(.preinit_array*)
                0x00000000080076ec                PROVIDE (__preinit_array_end = .)
                0x00000000080076ec                . = ALIGN (0x4)

.init_array     0x00000000080076ec        0x4
                0x00000000080076ec                . = ALIGN (0x4)
                0x00000000080076ec                PROVIDE (__init_array_start = .)
 *(SORT_BY_NAME(.init_array.*))
 *(.init_array*)
 .init_array    0x00000000080076ec        0x4 /app/stm32cubeide/plugins/com.st.stm32cube.ide.mcu.externaltools.gnu-tools-for-stm32.10.3-2021.10.linux64_1.0.200.202301161003/tools/bin/../lib/gcc/arm-none-eabi/10.3.1/thumb/v7e-m+fp/hard/crtbegin.o
                0x00000000080076f0                PROVIDE (__init_array_end = .)
                0x00000000080076f0                . = ALIGN (0x4)

.fini_array     0x00000000080076f0        0x4
                0x00000000080076f0                . = ALIGN (0x4)
                [!provide]                        PROVIDE (__fini_array_start = .)
 *(SORT_BY_NAME(.fini_array.*))
 *(.fini_array*)
 .fini_array    0x00000000080076f0        0x4 /app/stm32cubeide/plugins/com.st.stm32cube.ide.mcu.externaltools.gnu-tools-for-stm32.10.3-2021.10.linux64_1.0.200.202301161003/tools/bin/../lib/gcc/arm-none-eabi/10.3.1/thumb/v7e-m+fp/hard/crtbegin.o
                [!provide]                        PROVIDE (__fini_array_end = .)
                0x00000000080076f4                . = ALIGN (0x4)
                0x00000000080076f4                _sidata = LOADADDR (.data)

.data           0x0000000020000000        0xc load address 0x00000000080076f4
                0x0000000020000000                . = ALIGN (0x4)
                0x0000000020000000                _sdata = .
 *(.data)
 *(.data*)
 .data.SystemCoreClock
                0x0000000020000000        0x4 ./Core/Src/system_stm32l4xx.o
                0x0000000020000000                SystemCoreClock
 .data.uwTickFreq
                0x0000000020000004        0x1 ./Drivers/STM32L4xx_HAL_Driver/Src/stm32l4xx_hal.o
                0x0000000020000004                uwTickFreq
 *fill*         0x0000000020000005        0x3 
 .data.uwTickPrio
                0x0000000020000008        0x4 ./Drivers/STM32L4xx_HAL_Driver/Src/stm32l4xx_hal.o
                0x0000000020000008                uwTickPrio
 *(.RamFunc)
 *(.RamFunc*)
                0x000000002000000c                . = ALIGN (0x4)
                0x000000002000000c                _edata = .

.igot.plt       0x000000002000000c        0x0 load address 0x0000000008007700
 .igot.plt      0x000000002000000c        0x0 /app/stm32cubeide/plugins/com.st.stm32cube.ide.mcu.externaltools.gnu-tools-for-stm32.10.3-2021.10.linux64_1.0.200.202301161003/tools/bin/../lib/gcc/arm-none-eabi/10.3.1/thumb/v7e-m+fp/hard/crtbegin.o
                0x000000002000000c                . = ALIGN (0x4)

.bss            0x000000002000000c      0x460 load address 0x0000000008007700
                0x000000002000000c                _sbss = .
                0x000000002000000c                __bss_start__ = _sbss
 *(.bss)
 .bss           0x000000002000000c       0x1c /app/stm32cubeide/plugins/com.st.stm32cube.ide.mcu.externaltools.gnu-tools-for-stm32.10.3-2021.10.linux64_1.0.200.202301161003/tools/bin/../lib/gcc/arm-none-eabi/10.3.1/thumb/v7e-m+fp/hard/crtbegin.o
 *(.bss*)
 .bss.hadc1     0x0000000020000028       0x64 ./Core/Src/adc.o
                0x0000000020000028                hadc1
 .bss.AESAUX    0x000000002000008c       0x10 ./Core/Src/aes.o
                0x000000002000008c                AESAUX
 .bss.AESKEY    0x000000002000009c       0xb0 ./Core/Src/aes.o
                0x000000002000009c                AESKEY
 .bss.HAL       0x000000002000014c        0x8 ./Core/Src/hal.o
 .bss.LMIC      0x0000000020000154      0x1ac ./Core/Src/lmic.o
                0x0000000020000154                LMIC
 .bss.blinkjob  0x0000000020000300        0xc ./Core/Src/main.o
 .bss.ledstate  0x000000002000030c        0x1 ./Core/Src/main.o
 *fill*         0x000000002000030d        0x3 
 .bss.reportjob
                0x0000000020000310        0xc ./Core/Src/main.o
 .bss.OS        0x000000002000031c        0x8 ./Core/Src/oslmic.o
 .bss.randbuf   0x0000000020000324       0x10 ./Core/Src/radio.o
 .bss.hspi3     0x0000000020000334       0x64 ./Core/Src/spi.o
                0x0000000020000334                hspi3
 .bss.htim7     0x0000000020000398       0x4c ./Core/Src/tim.o
                0x0000000020000398                htim7
 .bss.huart1    0x00000000200003e4       0x84 ./Core/Src/usart.o
                0x00000000200003e4                huart1
 .bss.uwTick    0x0000000020000468        0x4 ./Drivers/STM32L4xx_HAL_Driver/Src/stm32l4xx_hal.o
                0x0000000020000468                uwTick
 *(COMMON)
                0x000000002000046c                . = ALIGN (0x4)
                0x000000002000046c                _ebss = .
                0x000000002000046c                __bss_end__ = _ebss

._user_heap_stack
                0x000000002000046c      0x604 load address 0x0000000008007700
                0x0000000020000470                . = ALIGN (0x8)
 *fill*         0x000000002000046c        0x4 
                [!provide]                        PROVIDE (end = .)
                0x0000000020000470                PROVIDE (_end = .)
                0x0000000020000670                . = (. + _Min_Heap_Size)
 *fill*         0x0000000020000470      0x200 
                0x0000000020000a70                . = (. + _Min_Stack_Size)
 *fill*         0x0000000020000670      0x400 
                0x0000000020000a70                . = ALIGN (0x8)

/DISCARD/
 libc.a(*)
 libm.a(*)
 libgcc.a(*)

.ARM.attributes
                0x0000000000000000       0x30
 *(.ARM.attributes)
 .ARM.attributes
                0x0000000000000000       0x1e /app/stm32cubeide/plugins/com.st.stm32cube.ide.mcu.externaltools.gnu-tools-for-stm32.10.3-2021.10.linux64_1.0.200.202301161003/tools/bin/../lib/gcc/arm-none-eabi/10.3.1/thumb/v7e-m+fp/hard/crti.o
 .ARM.attributes
                0x000000000000001e       0x34 /app/stm32cubeide/plugins/com.st.stm32cube.ide.mcu.externaltools.gnu-tools-for-stm32.10.3-2021.10.linux64_1.0.200.202301161003/tools/bin/../lib/gcc/arm-none-eabi/10.3.1/thumb/v7e-m+fp/hard/crtbegin.o
 .ARM.attributes
                0x0000000000000052       0x34 ./Core/Src/adc.o
 .ARM.attributes
                0x0000000000000086       0x34 ./Core/Src/aes.o
 .ARM.attributes
                0x00000000000000ba       0x34 ./Core/Src/debug.o
 .ARM.attributes
                0x00000000000000ee       0x34 ./Core/Src/gpio.o
 .ARM.attributes
                0x0000000000000122       0x34 ./Core/Src/hal.o
 .ARM.attributes
                0x0000000000000156       0x34 ./Core/Src/lmic.o
 .ARM.attributes
                0x000000000000018a       0x34 ./Core/Src/main.o
 .ARM.attributes
                0x00000000000001be       0x34 ./Core/Src/oslmic.o
 .ARM.attributes
                0x00000000000001f2       0x34 ./Core/Src/radio.o
 .ARM.attributes
                0x0000000000000226       0x34 ./Core/Src/spi.o
 .ARM.attributes
                0x000000000000025a       0x34 ./Core/Src/stm32l4xx_hal_msp.o
 .ARM.attributes
                0x000000000000028e       0x34 ./Core/Src/stm32l4xx_it.o
 .ARM.attributes
                0x00000000000002c2       0x34 ./Core/Src/system_stm32l4xx.o
 .ARM.attributes
                0x00000000000002f6       0x34 ./Core/Src/tim.o
 .ARM.attributes
                0x000000000000032a       0x34 ./Core/Src/usart.o
 .ARM.attributes
                0x000000000000035e       0x21 ./Core/Startup/startup_stm32l432kcux.o
 .ARM.attributes
                0x000000000000037f       0x34 ./Drivers/STM32L4xx_HAL_Driver/Src/stm32l4xx_hal.o
 .ARM.attributes
                0x00000000000003b3       0x34 ./Drivers/STM32L4xx_HAL_Driver/Src/stm32l4xx_hal_adc.o
 .ARM.attributes
                0x00000000000003e7       0x34 ./Drivers/STM32L4xx_HAL_Driver/Src/stm32l4xx_hal_adc_ex.o
 .ARM.attributes
                0x000000000000041b       0x34 ./Drivers/STM32L4xx_HAL_Driver/Src/stm32l4xx_hal_cortex.o
 .ARM.attributes
                0x000000000000044f       0x34 ./Drivers/STM32L4xx_HAL_Driver/Src/stm32l4xx_hal_dma.o
 .ARM.attributes
                0x0000000000000483       0x34 ./Drivers/STM32L4xx_HAL_Driver/Src/stm32l4xx_hal_gpio.o
 .ARM.attributes
                0x00000000000004b7       0x34 ./Drivers/STM32L4xx_HAL_Driver/Src/stm32l4xx_hal_pwr.o
 .ARM.attributes
                0x00000000000004eb       0x34 ./Drivers/STM32L4xx_HAL_Driver/Src/stm32l4xx_hal_pwr_ex.o
 .ARM.attributes
                0x000000000000051f       0x34 ./Drivers/STM32L4xx_HAL_Driver/Src/stm32l4xx_hal_rcc.o
 .ARM.attributes
                0x0000000000000553       0x34 ./Drivers/STM32L4xx_HAL_Driver/Src/stm32l4xx_hal_rcc_ex.o
 .ARM.attributes
                0x0000000000000587       0x34 ./Drivers/STM32L4xx_HAL_Driver/Src/stm32l4xx_hal_spi.o
 .ARM.attributes
                0x00000000000005bb       0x34 ./Drivers/STM32L4xx_HAL_Driver/Src/stm32l4xx_hal_tim.o
 .ARM.attributes
                0x00000000000005ef       0x34 ./Drivers/STM32L4xx_HAL_Driver/Src/stm32l4xx_hal_tim_ex.o
 .ARM.attributes
                0x0000000000000623       0x34 ./Drivers/STM32L4xx_HAL_Driver/Src/stm32l4xx_hal_uart.o
 .ARM.attributes
                0x0000000000000657       0x34 ./Drivers/STM32L4xx_HAL_Driver/Src/stm32l4xx_hal_uart_ex.o
 .ARM.attributes
                0x000000000000068b       0x34 /app/stm32cubeide/plugins/com.st.stm32cube.ide.mcu.externaltools.gnu-tools-for-stm32.10.3-2021.10.linux64_1.0.200.202301161003/tools/bin/../lib/gcc/arm-none-eabi/10.3.1/../../../../arm-none-eabi/lib/thumb/v7e-m+fp/hard/libc_nano.a(lib_a-init.o)
 .ARM.attributes
                0x00000000000006bf       0x34 /app/stm32cubeide/plugins/com.st.stm32cube.ide.mcu.externaltools.gnu-tools-for-stm32.10.3-2021.10.linux64_1.0.200.202301161003/tools/bin/../lib/gcc/arm-none-eabi/10.3.1/../../../../arm-none-eabi/lib/thumb/v7e-m+fp/hard/libc_nano.a(lib_a-memcpy-stub.o)
 .ARM.attributes
                0x00000000000006f3       0x34 /app/stm32cubeide/plugins/com.st.stm32cube.ide.mcu.externaltools.gnu-tools-for-stm32.10.3-2021.10.linux64_1.0.200.202301161003/tools/bin/../lib/gcc/arm-none-eabi/10.3.1/../../../../arm-none-eabi/lib/thumb/v7e-m+fp/hard/libc_nano.a(lib_a-memset.o)
 .ARM.attributes
                0x0000000000000727       0x1e /app/stm32cubeide/plugins/com.st.stm32cube.ide.mcu.externaltools.gnu-tools-for-stm32.10.3-2021.10.linux64_1.0.200.202301161003/tools/bin/../lib/gcc/arm-none-eabi/10.3.1/thumb/v7e-m+fp/hard/libgcc.a(_aeabi_uldivmod.o)
 .ARM.attributes
                0x0000000000000745       0x34 /app/stm32cubeide/plugins/com.st.stm32cube.ide.mcu.externaltools.gnu-tools-for-stm32.10.3-2021.10.linux64_1.0.200.202301161003/tools/bin/../lib/gcc/arm-none-eabi/10.3.1/thumb/v7e-m+fp/hard/libgcc.a(_udivmoddi4.o)
 .ARM.attributes
                0x0000000000000779       0x1e /app/stm32cubeide/plugins/com.st.stm32cube.ide.mcu.externaltools.gnu-tools-for-stm32.10.3-2021.10.linux64_1.0.200.202301161003/tools/bin/../lib/gcc/arm-none-eabi/10.3.1/thumb/v7e-m+fp/hard/libgcc.a(_dvmd_tls.o)
 .ARM.attributes
                0x0000000000000797       0x1e /app/stm32cubeide/plugins/com.st.stm32cube.ide.mcu.externaltools.gnu-tools-for-stm32.10.3-2021.10.linux64_1.0.200.202301161003/tools/bin/../lib/gcc/arm-none-eabi/10.3.1/thumb/v7e-m+fp/hard/crtn.o
OUTPUT(LoRa.elf elf32-littlearm)
LOAD linker stubs
LOAD /app/stm32cubeide/plugins/com.st.stm32cube.ide.mcu.externaltools.gnu-tools-for-stm32.10.3-2021.10.linux64_1.0.200.202301161003/tools/bin/../lib/gcc/arm-none-eabi/10.3.1/../../../../arm-none-eabi/lib/thumb/v7e-m+fp/hard/libc.a
LOAD /app/stm32cubeide/plugins/com.st.stm32cube.ide.mcu.externaltools.gnu-tools-for-stm32.10.3-2021.10.linux64_1.0.200.202301161003/tools/bin/../lib/gcc/arm-none-eabi/10.3.1/../../../../arm-none-eabi/lib/thumb/v7e-m+fp/hard/libm.a
LOAD /app/stm32cubeide/plugins/com.st.stm32cube.ide.mcu.externaltools.gnu-tools-for-stm32.10.3-2021.10.linux64_1.0.200.202301161003/tools/bin/../lib/gcc/arm-none-eabi/10.3.1/thumb/v7e-m+fp/hard/libgcc.a

.comment        0x0000000000000000       0x50
 .comment       0x0000000000000000       0x50 ./Core/Src/adc.o
                                         0x51 (size before relaxing)
 .comment       0x0000000000000050       0x51 ./Core/Src/aes.o
 .comment       0x0000000000000050       0x51 ./Core/Src/debug.o
 .comment       0x0000000000000050       0x51 ./Core/Src/gpio.o
 .comment       0x0000000000000050       0x51 ./Core/Src/hal.o
 .comment       0x0000000000000050       0x51 ./Core/Src/lmic.o
 .comment       0x0000000000000050       0x51 ./Core/Src/main.o
 .comment       0x0000000000000050       0x51 ./Core/Src/oslmic.o
 .comment       0x0000000000000050       0x51 ./Core/Src/radio.o
 .comment       0x0000000000000050       0x51 ./Core/Src/spi.o
 .comment       0x0000000000000050       0x51 ./Core/Src/stm32l4xx_hal_msp.o
 .comment       0x0000000000000050       0x51 ./Core/Src/stm32l4xx_it.o
 .comment       0x0000000000000050       0x51 ./Core/Src/system_stm32l4xx.o
 .comment       0x0000000000000050       0x51 ./Core/Src/tim.o
 .comment       0x0000000000000050       0x51 ./Core/Src/usart.o
 .comment       0x0000000000000050       0x51 ./Drivers/STM32L4xx_HAL_Driver/Src/stm32l4xx_hal.o
 .comment       0x0000000000000050       0x51 ./Drivers/STM32L4xx_HAL_Driver/Src/stm32l4xx_hal_adc.o
 .comment       0x0000000000000050       0x51 ./Drivers/STM32L4xx_HAL_Driver/Src/stm32l4xx_hal_adc_ex.o
 .comment       0x0000000000000050       0x51 ./Drivers/STM32L4xx_HAL_Driver/Src/stm32l4xx_hal_cortex.o
 .comment       0x0000000000000050       0x51 ./Drivers/STM32L4xx_HAL_Driver/Src/stm32l4xx_hal_dma.o
 .comment       0x0000000000000050       0x51 ./Drivers/STM32L4xx_HAL_Driver/Src/stm32l4xx_hal_gpio.o
 .comment       0x0000000000000050       0x51 ./Drivers/STM32L4xx_HAL_Driver/Src/stm32l4xx_hal_pwr.o
 .comment       0x0000000000000050       0x51 ./Drivers/STM32L4xx_HAL_Driver/Src/stm32l4xx_hal_pwr_ex.o
 .comment       0x0000000000000050       0x51 ./Drivers/STM32L4xx_HAL_Driver/Src/stm32l4xx_hal_rcc.o
 .comment       0x0000000000000050       0x51 ./Drivers/STM32L4xx_HAL_Driver/Src/stm32l4xx_hal_rcc_ex.o
 .comment       0x0000000000000050       0x51 ./Drivers/STM32L4xx_HAL_Driver/Src/stm32l4xx_hal_spi.o
 .comment       0x0000000000000050       0x51 ./Drivers/STM32L4xx_HAL_Driver/Src/stm32l4xx_hal_tim.o
 .comment       0x0000000000000050       0x51 ./Drivers/STM32L4xx_HAL_Driver/Src/stm32l4xx_hal_tim_ex.o
 .comment       0x0000000000000050       0x51 ./Drivers/STM32L4xx_HAL_Driver/Src/stm32l4xx_hal_uart.o
 .comment       0x0000000000000050       0x51 ./Drivers/STM32L4xx_HAL_Driver/Src/stm32l4xx_hal_uart_ex.o

.debug_frame    0x0000000000000000       0xd4
 .debug_frame   0x0000000000000000       0x2c /app/stm32cubeide/plugins/com.st.stm32cube.ide.mcu.externaltools.gnu-tools-for-stm32.10.3-2021.10.linux64_1.0.200.202301161003/tools/bin/../lib/gcc/arm-none-eabi/10.3.1/../../../../arm-none-eabi/lib/thumb/v7e-m+fp/hard/libc_nano.a(lib_a-init.o)
 .debug_frame   0x000000000000002c       0x28 /app/stm32cubeide/plugins/com.st.stm32cube.ide.mcu.externaltools.gnu-tools-for-stm32.10.3-2021.10.linux64_1.0.200.202301161003/tools/bin/../lib/gcc/arm-none-eabi/10.3.1/../../../../arm-none-eabi/lib/thumb/v7e-m+fp/hard/libc_nano.a(lib_a-memcpy-stub.o)
 .debug_frame   0x0000000000000054       0x20 /app/stm32cubeide/plugins/com.st.stm32cube.ide.mcu.externaltools.gnu-tools-for-stm32.10.3-2021.10.linux64_1.0.200.202301161003/tools/bin/../lib/gcc/arm-none-eabi/10.3.1/../../../../arm-none-eabi/lib/thumb/v7e-m+fp/hard/libc_nano.a(lib_a-memset.o)
 .debug_frame   0x0000000000000074       0x2c /app/stm32cubeide/plugins/com.st.stm32cube.ide.mcu.externaltools.gnu-tools-for-stm32.10.3-2021.10.linux64_1.0.200.202301161003/tools/bin/../lib/gcc/arm-none-eabi/10.3.1/thumb/v7e-m+fp/hard/libgcc.a(_aeabi_uldivmod.o)
 .debug_frame   0x00000000000000a0       0x34 /app/stm32cubeide/plugins/com.st.stm32cube.ide.mcu.externaltools.gnu-tools-for-stm32.10.3-2021.10.linux64_1.0.200.202301161003/tools/bin/../lib/gcc/arm-none-eabi/10.3.1/thumb/v7e-m+fp/hard/libgcc.a(_udivmoddi4.o)
