../Core/Src/debug.c:38:6:debug_init	8	static
../Core/Src/debug.c:48:6:debug_led	16	static
../Core/Src/debug.c:52:6:debug_char	24	static
../Core/Src/debug.c:58:6:debug_hex	16	static
../Core/Src/debug.c:63:6:debug_buf	16	static
../Core/Src/debug.c:72:6:debug_uint	24	static
../Core/Src/debug.c:78:6:debug_int	48	static
../Core/Src/debug.c:85:6:debug_str	16	static
../Core/Src/debug.c:91:6:debug_float2str	128	static
../Core/Src/debug.c:99:6:debug_valfloat	24	static
../Core/Src/debug.c:106:6:debug_val	16	static
../Core/Src/debug.c:113:6:debug_valdec	16	static
../Core/Src/debug.c:120:5:debug_fmt	80	static
../Core/Src/debug.c:144:6:debug_event	16	static
