Archive member included to satisfy reference by file (symbol)

/app/stm32cubeide/plugins/com.st.stm32cube.ide.mcu.externaltools.gnu-tools-for-stm32.10.3-2021.10.linux64_1.0.200.202301161003/tools/bin/../lib/gcc/arm-none-eabi/10.3.1/../../../../arm-none-eabi/lib/thumb/v7e-m+fp/hard/libc_nano.a(lib_a-assert.o)
                              ./Core/Src/cayenne_lpp.o (__assert_func)
/app/stm32cubeide/plugins/com.st.stm32cube.ide.mcu.externaltools.gnu-tools-for-stm32.10.3-2021.10.linux64_1.0.200.202301161003/tools/bin/../lib/gcc/arm-none-eabi/10.3.1/../../../../arm-none-eabi/lib/thumb/v7e-m+fp/hard/libc_nano.a(lib_a-efgcvt.o)
                              ./Core/Src/debug.o (gcvt)
/app/stm32cubeide/plugins/com.st.stm32cube.ide.mcu.externaltools.gnu-tools-for-stm32.10.3-2021.10.linux64_1.0.200.202301161003/tools/bin/../lib/gcc/arm-none-eabi/10.3.1/../../../../arm-none-eabi/lib/thumb/v7e-m+fp/hard/libc_nano.a(lib_a-errno.o)
                              ./Core/Src/syscalls.o (__errno)
/app/stm32cubeide/plugins/com.st.stm32cube.ide.mcu.externaltools.gnu-tools-for-stm32.10.3-2021.10.linux64_1.0.200.202301161003/tools/bin/../lib/gcc/arm-none-eabi/10.3.1/../../../../arm-none-eabi/lib/thumb/v7e-m+fp/hard/libc_nano.a(lib_a-exit.o)
                              /app/stm32cubeide/plugins/com.st.stm32cube.ide.mcu.externaltools.gnu-tools-for-stm32.10.3-2021.10.linux64_1.0.200.202301161003/tools/bin/../lib/gcc/arm-none-eabi/10.3.1/../../../../arm-none-eabi/lib/thumb/v7e-m+fp/hard/crt0.o (exit)
/app/stm32cubeide/plugins/com.st.stm32cube.ide.mcu.externaltools.gnu-tools-for-stm32.10.3-2021.10.linux64_1.0.200.202301161003/tools/bin/../lib/gcc/arm-none-eabi/10.3.1/../../../../arm-none-eabi/lib/thumb/v7e-m+fp/hard/libc_nano.a(lib_a-fprintf.o)
                              /app/stm32cubeide/plugins/com.st.stm32cube.ide.mcu.externaltools.gnu-tools-for-stm32.10.3-2021.10.linux64_1.0.200.202301161003/tools/bin/../lib/gcc/arm-none-eabi/10.3.1/../../../../arm-none-eabi/lib/thumb/v7e-m+fp/hard/libc_nano.a(lib_a-assert.o) (fiprintf)
/app/stm32cubeide/plugins/com.st.stm32cube.ide.mcu.externaltools.gnu-tools-for-stm32.10.3-2021.10.linux64_1.0.200.202301161003/tools/bin/../lib/gcc/arm-none-eabi/10.3.1/../../../../arm-none-eabi/lib/thumb/v7e-m+fp/hard/libc_nano.a(lib_a-impure.o)
                              /app/stm32cubeide/plugins/com.st.stm32cube.ide.mcu.externaltools.gnu-tools-for-stm32.10.3-2021.10.linux64_1.0.200.202301161003/tools/bin/../lib/gcc/arm-none-eabi/10.3.1/../../../../arm-none-eabi/lib/thumb/v7e-m+fp/hard/libc_nano.a(lib_a-exit.o) (_global_impure_ptr)
/app/stm32cubeide/plugins/com.st.stm32cube.ide.mcu.externaltools.gnu-tools-for-stm32.10.3-2021.10.linux64_1.0.200.202301161003/tools/bin/../lib/gcc/arm-none-eabi/10.3.1/../../../../arm-none-eabi/lib/thumb/v7e-m+fp/hard/libc_nano.a(lib_a-init.o)
                              /app/stm32cubeide/plugins/com.st.stm32cube.ide.mcu.externaltools.gnu-tools-for-stm32.10.3-2021.10.linux64_1.0.200.202301161003/tools/bin/../lib/gcc/arm-none-eabi/10.3.1/../../../../arm-none-eabi/lib/thumb/v7e-m+fp/hard/crt0.o (__libc_init_array)
/app/stm32cubeide/plugins/com.st.stm32cube.ide.mcu.externaltools.gnu-tools-for-stm32.10.3-2021.10.linux64_1.0.200.202301161003/tools/bin/../lib/gcc/arm-none-eabi/10.3.1/../../../../arm-none-eabi/lib/thumb/v7e-m+fp/hard/libc_nano.a(lib_a-memcpy-stub.o)
                              ./Core/Src/lmic.o (memcpy)
/app/stm32cubeide/plugins/com.st.stm32cube.ide.mcu.externaltools.gnu-tools-for-stm32.10.3-2021.10.linux64_1.0.200.202301161003/tools/bin/../lib/gcc/arm-none-eabi/10.3.1/../../../../arm-none-eabi/lib/thumb/v7e-m+fp/hard/libc_nano.a(lib_a-memset.o)
                              /app/stm32cubeide/plugins/com.st.stm32cube.ide.mcu.externaltools.gnu-tools-for-stm32.10.3-2021.10.linux64_1.0.200.202301161003/tools/bin/../lib/gcc/arm-none-eabi/10.3.1/../../../../arm-none-eabi/lib/thumb/v7e-m+fp/hard/crt0.o (memset)
/app/stm32cubeide/plugins/com.st.stm32cube.ide.mcu.externaltools.gnu-tools-for-stm32.10.3-2021.10.linux64_1.0.200.202301161003/tools/bin/../lib/gcc/arm-none-eabi/10.3.1/../../../../arm-none-eabi/lib/thumb/v7e-m+fp/hard/libc_nano.a(lib_a-nano-vfprintf.o)
                              /app/stm32cubeide/plugins/com.st.stm32cube.ide.mcu.externaltools.gnu-tools-for-stm32.10.3-2021.10.linux64_1.0.200.202301161003/tools/bin/../lib/gcc/arm-none-eabi/10.3.1/../../../../arm-none-eabi/lib/thumb/v7e-m+fp/hard/libc_nano.a(lib_a-fprintf.o) (_vfprintf_r)
/app/stm32cubeide/plugins/com.st.stm32cube.ide.mcu.externaltools.gnu-tools-for-stm32.10.3-2021.10.linux64_1.0.200.202301161003/tools/bin/../lib/gcc/arm-none-eabi/10.3.1/../../../../arm-none-eabi/lib/thumb/v7e-m+fp/hard/libc_nano.a(lib_a-nano-vfprintf_i.o)
[...]
Memory Configuration

Name             Origin             Length             Attributes
RAM              0x0000000020000000 0x0000000000010000 xrw
RAM2             0x0000000010000000 0x0000000000004000 xrw
FLASH            0x0000000008000000 0x0000000000040000 xr
*default*        0x0000000000000000 0xffffffffffffffff

Linker script and memory map

LOAD /app/stm32cubeide/plugins/com.st.stm32cube.ide.mcu.externaltools.gnu-tools-for-stm32.10.3-2021.10.linux64_1.0.200.202301161003/tools/bin/../lib/gcc/arm-none-eabi/10.3.1/thumb/v7e-m+fp/hard/crti.o
LOAD /app/stm32cubeide/plugins/com.st.stm32cube.ide.mcu.externaltools.gnu-tools-for-stm32.10.3-2021.10.linux64_1.0.200.202301161003/tools/bin/../lib/gcc/arm-none-eabi/10.3.1/thumb/v7e-m+fp/hard/crtbegin.o
LOAD /app/stm32cubeide/plugins/com.st.stm32cube.ide.mcu.externaltools.gnu-tools-for-stm32.10.3-2021.10.linux64_1.0.200.202301161003/tools/bin/../lib/gcc/arm-none-eabi/10.3.1/../../../../arm-none-eabi/lib/thumb/v7e-m+fp/hard/crt0.o
LOAD ./Core/Src/adc.o
LOAD ./Core/Src/aes.o
LOAD ./Core/Src/cayenne_lpp.o
LOAD ./Core/Src/debug.o
LOAD ./Core/Src/gpio.o
LOAD ./Core/Src/hal.o
LOAD ./Core/Src/lmic.o
LOAD ./Core/Src/main.o
LOAD ./Core/Src/oslmic.o
LOAD ./Core/Src/radio.o
LOAD ./Core/Src/spi.o
LOAD ./Core/Src/stm32l4xx_hal_msp.o
LOAD ./Core/Src/stm32l4xx_it.o
LOAD ./Core/Src/syscalls.o
LOAD ./Core/Src/sysmem.o
LOAD ./Core/Src/system_stm32l4xx.o
LOAD ./Core/Src/tim.o
LOAD ./Core/Src/usart.o
LOAD ./Core/Startup/startup_stm32l432kcux.o
LOAD ./Drivers/STM32L4xx_HAL_Driver/Src/stm32l4xx_hal.o
LOAD ./Drivers/STM32L4xx_HAL_Driver/Src/stm32l4xx_hal_adc.o
LOAD ./Drivers/STM32L4xx_HAL_Driver/Src/stm32l4xx_hal_adc_ex.o
LOAD ./Drivers/STM32L4xx_HAL_Driver/Src/stm32l4xx_hal_cortex.o
LOAD ./Drivers/STM32L4xx_HAL_Driver/Src/stm32l4xx_hal_dma.o
LOAD ./Drivers/STM32L4xx_HAL_Driver/Src/stm32l4xx_hal_dma_ex.o
LOAD ./Drivers/STM32L4xx_HAL_Driver/Src/stm32l4xx_hal_exti.o
LOAD ./Drivers/STM32L4xx_HAL_Driver/Src/stm32l4xx_hal_flash.o
LOAD ./Drivers/STM32L4xx_HAL_Driver/Src/stm32l4xx_hal_flash_ex.o
LOAD ./Drivers/STM32L4xx_HAL_Driver/Src/stm32l4xx_hal_flash_ramfunc.o
LOAD ./Drivers/STM32L4xx_HAL_Driver/Src/stm32l4xx_hal_gpio.o
LOAD ./Drivers/STM32L4xx_HAL_Driver/Src/stm32l4xx_hal_pwr.o
LOAD ./Drivers/STM32L4xx_HAL_Driver/Src/stm32l4xx_hal_pwr_ex.o
LOAD ./Drivers/STM32L4xx_HAL_Driver/Src/stm32l4xx_hal_rcc.o
LOAD ./Drivers/STM32L4xx_HAL_Driver/Src/stm32l4xx_hal_rcc_ex.o
LOAD ./Drivers/STM32L4xx_HAL_Driver/Src/stm32l4xx_hal_spi.o
LOAD ./Drivers/STM32L4xx_HAL_Driver/Src/stm32l4xx_hal_spi_ex.o
LOAD ./Drivers/STM32L4xx_HAL_Driver/Src/stm32l4xx_hal_tim.o
LOAD ./Drivers/STM32L4xx_HAL_Driver/Src/stm32l4xx_hal_tim_ex.o
LOAD ./Drivers/STM32L4xx_HAL_Driver/Src/stm32l4xx_hal_uart.o
LOAD ./Drivers/STM32L4xx_HAL_Driver/Src/stm32l4xx_hal_uart_ex.o
START GROUP
LOAD /app/stm32cubeide/plugins/com.st.stm32cube.ide.mcu.externaltools.gnu-tools-for-stm32.10.3-2021.10.linux64_1.0.200.202301161003/tools/bin/../lib/gcc/arm-none-eabi/10.3.1/../../../../arm-none-eabi/lib/thumb/v7e-m+fp/hard/libc_nano.a
LOAD /app/stm32cubeide/plugins/com.st.stm32cube.ide.mcu.externaltools.gnu-tools-for-stm32.10.3-2021.10.linux64_1.0.200.202301161003/tools/bin/../lib/gcc/arm-none-eabi/10.3.1/../../../../arm-none-eabi/lib/thumb/v7e-m+fp/hard/libm.a
END GROUP
START GROUP
LOAD /app/stm32cubeide/plugins/com.st.stm32cube.ide.mcu.externaltools.gnu-tools-for-stm32.10.3-2021.10.linux64_1.0.200.202301161003/tools/bin/../lib/gcc/arm-none-eabi/10.3.1/thumb/v7e-m+fp/hard/libgcc.a
LOAD /app/stm32cubeide/plugins/com.st.stm32cube.ide.mcu.externaltools.gnu-tools-for-stm32.10.3-2021.10.linux64_1.0.200.202301161003/tools/bin/../lib/gcc/arm-none-eabi/10.3.1/../../../../arm-none-eabi/lib/thumb/v7e-m+fp/hard/libc_nano.a
END GROUP
START GROUP
LOAD /app/stm32cubeide/plugins/com.st.stm32cube.ide.mcu.externaltools.gnu-tools-for-stm32.10.3-2021.10.linux64_1.0.200.202301161003/tools/bin/../lib/gcc/arm-none-eabi/10.3.1/thumb/v7e-m+fp/hard/libgcc.a
LOAD /app/stm32cubeide/plugins/com.st.stm32cube.ide.mcu.externaltools.gnu-tools-for-stm32.10.3-2021.10.linux64_1.0.200.202301161003/tools/bin/../lib/gcc/arm-none-eabi/10.3.1/../../../../arm-none-eabi/lib/thumb/v7e-m+fp/hard/libc_nano.a
LOAD /app/stm32cubeide/plugins/com.st.stm32cube.ide.mcu.externaltools.gnu-tools-for-stm32.10.3-2021.10.linux64_1.0.200.202301161003/tools/bin/../lib/gcc/arm-none-eabi/10.3.1/../../../../arm-none-eabi/lib/thumb/v7e-m+fp/hard/libnosys.a
END GROUP
START GROUP
LOAD /app/stm32cubeide/plugins/com.st.stm32cube.ide.mcu.externaltools.gnu-tools-for-stm32.10.3-2021.10.linux64_1.0.200.202301161003/tools/bin/../lib/gcc/arm-none-eabi/10.3.1/thumb/v7e-m+fp/hard/libgcc.a
LOAD /app/stm32cubeide/plugins/com.st.stm32cube.ide.mcu.externaltools.gnu-tools-for-stm32.10.3-2021.10.linux64_1.0.200.202301161003/tools/bin/../lib/gcc/arm-none-eabi/10.3.1/../../../../arm-none-eabi/lib/thumb/v7e-m+fp/hard/libc_nano.a
LOAD /app/stm32cubeide/plugins/com.st.stm32cube.ide.mcu.externaltools.gnu-tools-for-stm32.10.3-2021.10.linux64_1.0.200.202301161003/tools/bin/../lib/gcc/arm-none-eabi/10.3.1/../../../../arm-none-eabi/lib/thumb/v7e-m+fp/hard/libnosys.a
END GROUP
LOAD /app/stm32cubeide/plugins/com.st.stm32cube.ide.mcu.externaltools.gnu-tools-for-stm32.10.3-2021.10.linux64_1.0.200.202301161003/tools/bin/../lib/gcc/arm-none-eabi/10.3.1/thumb/v7e-m+fp/hard/crtend.o
LOAD /app/stm32cubeide/plugins/com.st.stm32cube.ide.mcu.externaltools.gnu-tools-for-stm32.10.3-2021.10.linux64_1.0.200.202301161003/tools/bin/../lib/gcc/arm-none-eabi/10.3.1/thumb/v7e-m+fp/hard/crtn.o
                0x0000000020010000                _estack = (ORIGIN (RAM) + LENGTH (RAM))
                0x0000000000000200                _Min_Heap_Size = 0x200
                0x0000000000000400                _Min_Stack_Size = 0x400

.isr_vector     0x0000000008000000      0x18c
                0x0000000008000000                . = ALIGN (0x4)
 *(.isr_vector)
 .isr_vector    0x0000000008000000      0x18c ./Core/Startup/startup_stm32l432kcux.o
                0x0000000008000000                g_pfnVectors
                0x000000000800018c                . = ALIGN (0x4)

.text           0x000000000800018c     0xad70
                0x000000000800018c                . = ALIGN (0x4)
 *(.text)
 .text          0x000000000800018c       0x40 /app/stm32cubeide/plugins/com.st.stm32cube.ide.mcu.externaltools.gnu-tools-for-stm32.10.3-2021.10.linux64_1.0.200.202301161003/tools/bin/../lib/gcc/arm-none-eabi/10.3.1/thumb/v7e-m+fp/hard/crtbegin.o
 .text          0x00000000080001cc       0xa0 /app/stm32cubeide/plugins/com.st.stm32cube.ide.mcu.externaltools.gnu-tools-for-stm32.10.3-2021.10.linux64_1.0.200.202301161003/tools/bin/../lib/gcc/arm-none-eabi/10.3.1/thumb/v7e-m+fp/hard/libgcc.a(_aeabi_ldivmod.o)
                0x00000000080001cc                __aeabi_ldivmod
 .text          0x000000000800026c       0x30 /app/stm32cubeide/plugins/com.st.stm32cube.ide.mcu.externaltools.gnu-tools-for-stm32.10.3-2021.10.linux64_1.0.200.202301161003/tools/bin/../lib/gcc/arm-none-eabi/10.3.1/thumb/v7e-m+fp/hard/libgcc.a(_aeabi_uldivmod.o)
                0x000000000800026c                __aeabi_uldivmod
 .text          0x000000000800029c      0x2d0 /app/stm32cubeide/plugins/com.st.stm32cube.ide.mcu.externaltools.gnu-tools-for-stm32.10.3-2021.10.linux64_1.0.200.202301161003/tools/bin/../lib/gcc/arm-none-eabi/10.3.1/thumb/v7e-m+fp/hard/libgcc.a(_udivmoddi4.o)
                0x000000000800029c                __udivmoddi4
 .text          0x000000000800056c        0x4 /app/stm32cubeide/plugins/com.st.stm32cube.ide.mcu.externaltools.gnu-tools-for-stm32.10.3-2021.10.linux64_1.0.200.202301161003/tools/bin/../lib/gcc/arm-none-eabi/10.3.1/thumb/v7e-m+fp/hard/libgcc.a(_dvmd_tls.o)
                0x000000000800056c                __aeabi_ldiv0
                0x000000000800056c                __aeabi_idiv0
 *(.text*)
 .text.MX_ADC1_Init
                0x0000000008000570       0xc8 ./Core/Src/adc.o
                0x0000000008000570                MX_ADC1_Init
 .text.HAL_ADC_MspInit
                0x0000000008000638       0xac ./Core/Src/adc.o
                0x0000000008000638                HAL_ADC_MspInit
 .text.aesroundkeys
                0x00000000080006e4       0xf8 ./Core/Src/aes.o
 .text.os_aes   0x00000000080007dc      0x9a0 ./Core/Src/aes.o
                0x00000000080007dc                os_aes
 .text.debug_init
                0x000000000800117c       0x14 ./Core/Src/debug.o
                0x000000000800117c                debug_init
 .text.debug_led
                0x0000000008001190       0x24 ./Core/Src/debug.o
                0x0000000008001190                debug_led
 .text.debug_char
                0x00000000080011b4       0x30 ./Core/Src/debug.o
                0x00000000080011b4                debug_char
 .text.debug_hex
                0x00000000080011e4       0x38 ./Core/Src/debug.o
                0x00000000080011e4                debug_hex
 .text.debug_uint
                0x000000000800121c       0x3a ./Core/Src/debug.o
                0x000000000800121c                debug_uint
 .text.debug_int
                0x0000000008001256       0x4a ./Core/Src/debug.o
                0x0000000008001256                debug_int
 .text.debug_str
                0x00000000080012a0       0x2a ./Core/Src/debug.o
                0x00000000080012a0                debug_str
 .text.debug_val
                0x00000000080012ca       0x2a ./Core/Src/debug.o
                0x00000000080012ca                debug_val
 .text.debug_valdec
                0x00000000080012f4       0x2a ./Core/Src/debug.o
                0x00000000080012f4                debug_valdec
 .text.debug_fmt
                0x000000000800131e       0xf0 ./Core/Src/debug.o
                0x000000000800131e                debug_fmt
 *fill*         0x000000000800140e        0x2 
 .text.debug_event
                0x0000000008001410       0x3c ./Core/Src/debug.o
                0x0000000008001410                debug_event
 .text.MX_GPIO_Init
                0x000000000800144c       0xec ./Core/Src/gpio.o
                0x000000000800144c                MX_GPIO_Init
 .text.hal_io_init
                0x0000000008001538        0xe ./Core/Src/hal.o
 .text.hal_pin_rxtx
                0x0000000008001546       0x16 ./Core/Src/hal.o
                0x0000000008001546                hal_pin_rxtx
 .text.hal_pin_nss
                0x000000000800155c       0x22 ./Core/Src/hal.o
                0x000000000800155c                hal_pin_nss
 .text.hal_pin_rst
                0x000000000800157e       0x6a ./Core/Src/hal.o
                0x000000000800157e                hal_pin_rst
 .text.HAL_GPIO_EXTI_Callback
                0x00000000080015e8       0x2a ./Core/Src/hal.o
                0x00000000080015e8                HAL_GPIO_EXTI_Callback
 .text.hal_spi_init
                0x0000000008001612        0xe ./Core/Src/hal.o
                0x0000000008001612                hal_spi_init
 .text.hal_spi  0x0000000008001620       0x3c ./Core/Src/hal.o
                0x0000000008001620                hal_spi
 .text.hal_time_init
                0x000000000800165c        0xe ./Core/Src/hal.o
 *fill*         0x000000000800166a        0x2 
 .text.hal_ticks
                0x000000000800166c       0x60 ./Core/Src/hal.o
                0x000000000800166c                hal_ticks
 .text.deltaticks
                0x00000000080016cc       0x3a ./Core/Src/hal.o
 .text.hal_waitUntil
                0x0000000008001706       0x20 ./Core/Src/hal.o
                0x0000000008001706                hal_waitUntil
 *fill*         0x0000000008001726        0x2 
 .text.hal_checkTimer
                0x0000000008001728       0x7c ./Core/Src/hal.o
                0x0000000008001728                hal_checkTimer
 .text.HAL_TIM_PeriodElapsedCallback
                0x00000000080017a4       0x34 ./Core/Src/hal.o
                0x00000000080017a4                HAL_TIM_PeriodElapsedCallback
 .text.hal_disableIRQs
                0x00000000080017d8       0x20 ./Core/Src/hal.o
                0x00000000080017d8                hal_disableIRQs
 .text.hal_enableIRQs
                0x00000000080017f8       0x28 ./Core/Src/hal.o
                0x00000000080017f8                hal_enableIRQs
 .text.hal_sleep
                0x0000000008001820       0x10 ./Core/Src/hal.o
                0x0000000008001820                hal_sleep
 .text.hal_init
                0x0000000008001830       0x2c ./Core/Src/hal.o
                0x0000000008001830                hal_init
 .text.hal_failed
                0x000000000800185c        0xe ./Core/Src/hal.o
                0x000000000800185c                hal_failed
 .text.getSf    0x000000000800186a       0x20 ./Core/Src/lmic.o
                0x000000000800186a                getSf
 .text.getBw    0x000000000800188a       0x24 ./Core/Src/lmic.o
                0x000000000800188a                getBw
 .text.getCr    0x00000000080018ae       0x24 ./Core/Src/lmic.o
                0x00000000080018ae                getCr
 .text.setCr    0x00000000080018d2       0x32 ./Core/Src/lmic.o
                0x00000000080018d2                setCr
 .text.getNocrc
                0x0000000008001904       0x20 ./Core/Src/lmic.o
                0x0000000008001904                getNocrc
 .text.setNocrc
                0x0000000008001924       0x2e ./Core/Src/lmic.o
                0x0000000008001924                setNocrc
 .text.getIh    0x0000000008001952       0x1e ./Core/Src/lmic.o
                0x0000000008001952                getIh
 .text.setIh    0x0000000008001970       0x2c ./Core/Src/lmic.o
                0x0000000008001970                setIh
 .text.updr2rps
                0x000000000800199c       0x24 ./Core/Src/lmic.o
                0x000000000800199c                updr2rps
 .text.dndr2rps
                0x00000000080019c0       0x26 ./Core/Src/lmic.o
                0x00000000080019c0                dndr2rps
 *fill*         0x00000000080019e6        0x2 
 .text.decDR    0x00000000080019e8       0x30 ./Core/Src/lmic.o
                0x00000000080019e8                decDR
 .text.validDR  0x0000000008001a18       0x2c ./Core/Src/lmic.o
                0x0000000008001a18                validDR
 .text.lowerDR  0x0000000008001a44       0x32 ./Core/Src/lmic.o
                0x0000000008001a44                lowerDR
 .text.os_rlsbf2
                0x0000000008001a76       0x2a ./Core/Src/lmic.o
                0x0000000008001a76                os_rlsbf2
 .text.os_rlsbf4
                0x0000000008001aa0       0x3a ./Core/Src/lmic.o
                0x0000000008001aa0                os_rlsbf4
 .text.os_rmsbf4
                0x0000000008001ada       0x3a ./Core/Src/lmic.o
                0x0000000008001ada                os_rmsbf4
 .text.os_wlsbf2
                0x0000000008001b14       0x2e ./Core/Src/lmic.o
                0x0000000008001b14                os_wlsbf2
 .text.os_wlsbf4
                0x0000000008001b42       0x42 ./Core/Src/lmic.o
                0x0000000008001b42                os_wlsbf4
 .text.os_wmsbf4
                0x0000000008001b84       0x42 ./Core/Src/lmic.o
                0x0000000008001b84                os_wmsbf4
 .text.os_getBattLevel
                0x0000000008001bc6       0x10 ./Core/Src/lmic.o
                0x0000000008001bc6                os_getBattLevel
 .text.os_crc16
                0x0000000008001bd6       0x7e ./Core/Src/lmic.o
                0x0000000008001bd6                os_crc16
 .text.micB0    0x0000000008001c54       0x68 ./Core/Src/lmic.o
 .text.aes_verifyMic
                0x0000000008001cbc       0x58 ./Core/Src/lmic.o
 .text.aes_appendMic
                0x0000000008001d14       0x50 ./Core/Src/lmic.o
 .text.aes_appendMic0
                0x0000000008001d64       0x3c ./Core/Src/lmic.o
 .text.aes_verifyMic0
                0x0000000008001da0       0x44 ./Core/Src/lmic.o
 .text.aes_encrypt
                0x0000000008001de4       0x2c ./Core/Src/lmic.o
 .text.aes_cipher
                0x0000000008001e10       0x88 ./Core/Src/lmic.o
 .text.aes_sessKeys
                0x0000000008001e98       0x78 ./Core/Src/lmic.o
 .text.getSensitivity
                0x0000000008001f10       0x40 ./Core/Src/lmic.o
                0x0000000008001f10                getSensitivity
 .text.calcAirTime
                0x0000000008001f50      0x130 ./Core/Src/lmic.o
                0x0000000008001f50                calcAirTime
 .text.calcRxWindow
                0x0000000008002080       0xa8 ./Core/Src/lmic.o
 .text.calcBcnRxWindowFromMillis
                0x0000000008002128      0x10c ./Core/Src/lmic.o
 .text.rxschedInit
                0x0000000008002234       0xdc ./Core/Src/lmic.o
 .text.rxschedNext
                0x0000000008002310       0x9c ./Core/Src/lmic.o
 .text.rndDelay
                0x00000000080023ac       0x7c ./Core/Src/lmic.o
 .text.txDelay  0x0000000008002428       0x5c ./Core/Src/lmic.o
 .text.setDrJoin
                0x0000000008002484       0x28 ./Core/Src/lmic.o
 .text.setDrTxpow
                0x00000000080024ac       0x5c ./Core/Src/lmic.o
 .text.initDefaultChannels
                0x0000000008002508      0x10c ./Core/Src/lmic.o
 .text.LMIC_setupChannel
                0x0000000008002614       0xf4 ./Core/Src/lmic.o
                0x0000000008002614                LMIC_setupChannel
 .text.convFreq
                0x0000000008002708       0x44 ./Core/Src/lmic.o
 .text.mapChannels
                0x000000000800274c       0x94 ./Core/Src/lmic.o
 .text.updateTx
                0x00000000080027e0       0x94 ./Core/Src/lmic.o
 .text.nextTx   0x0000000008002874      0x138 ./Core/Src/lmic.o
 .text.setBcnRxParams
                0x00000000080029ac       0x4c ./Core/Src/lmic.o
 .text.initJoinLoop
                0x00000000080029f8       0x6c ./Core/Src/lmic.o
 .text.nextJoinState
                0x0000000008002a64       0xd0 ./Core/Src/lmic.o
 .text.runEngineUpdate
                0x0000000008002b34       0x14 ./Core/Src/lmic.o
 .text.reportEvent
                0x0000000008002b48       0x1e ./Core/Src/lmic.o
 .text.runReset
                0x0000000008002b66       0x1e ./Core/Src/lmic.o
 .text.stateJustJoined
                0x0000000008002b84       0xcc ./Core/Src/lmic.o
 .text.decodeBeacon
                0x0000000008002c50      0x128 ./Core/Src/lmic.o
 .text.decodeFrame
                0x0000000008002d78      0x66c ./Core/Src/lmic.o
 .text.setupRx2
                0x00000000080033e4       0x40 ./Core/Src/lmic.o
 .text.schedRx2
                0x0000000008003424       0x50 ./Core/Src/lmic.o
 .text.setupRx1
                0x0000000008003474       0x44 ./Core/Src/lmic.o
 .text.txDone   0x00000000080034b8       0xa4 ./Core/Src/lmic.o
 .text.onJoinFailed
                0x000000000800355c       0x16 ./Core/Src/lmic.o
 *fill*         0x0000000008003572        0x2 
 .text.processJoinAccept
                0x0000000008003574      0x294 ./Core/Src/lmic.o
 .text.processRx2Jacc
                0x0000000008003808       0x2c ./Core/Src/lmic.o
 .text.setupRx2Jacc
                0x0000000008003834       0x24 ./Core/Src/lmic.o
 .text.processRx1Jacc
                0x0000000008003858       0x38 ./Core/Src/lmic.o
 .text.setupRx1Jacc
                0x0000000008003890       0x1c ./Core/Src/lmic.o
 .text.jreqDone
                0x00000000080038ac       0x20 ./Core/Src/lmic.o
 .text.processRx2DnDataDelay
                0x00000000080038cc       0x14 ./Core/Src/lmic.o
 .text.processRx2DnData
                0x00000000080038e0       0x54 ./Core/Src/lmic.o
 .text.setupRx2DnData
                0x0000000008003934       0x24 ./Core/Src/lmic.o
 .text.processRx1DnData
                0x0000000008003958       0x48 ./Core/Src/lmic.o
 .text.setupRx1DnData
                0x00000000080039a0       0x1c ./Core/Src/lmic.o
 .text.updataDone
                0x00000000080039bc       0x30 ./Core/Src/lmic.o
 .text.buildDataFrame
                0x00000000080039ec      0x3cc ./Core/Src/lmic.o
 .text.onBcnRx  0x0000000008003db8       0xa8 ./Core/Src/lmic.o
 .text.startScan
                0x0000000008003e60       0xb0 ./Core/Src/lmic.o
 .text.buildJoinRequest
                0x0000000008003f10       0x6c ./Core/Src/lmic.o
 .text.startJoining
                0x0000000008003f7c       0x16 ./Core/Src/lmic.o
 *fill*         0x0000000008003f92        0x2 
 .text.LMIC_startJoining
                0x0000000008003f94       0x94 ./Core/Src/lmic.o
                0x0000000008003f94                LMIC_startJoining
 .text.processPingRx
                0x0000000008004028       0x3c ./Core/Src/lmic.o
 .text.processDnData
                0x0000000008004064      0x1e8 ./Core/Src/lmic.o
 .text.processBeacon
                0x000000000800424c      0x218 ./Core/Src/lmic.o
 .text.startRxBcn
                0x0000000008004464       0x24 ./Core/Src/lmic.o
 .text.startRxPing
                0x0000000008004488       0x24 ./Core/Src/lmic.o
 .text.engineUpdate
                0x00000000080044ac      0x394 ./Core/Src/lmic.o
 .text.LMIC_reset
                0x0000000008004840       0x9c ./Core/Src/lmic.o
                0x0000000008004840                LMIC_reset
 .text.LMIC_init
                0x00000000080048dc       0x1c ./Core/Src/lmic.o
                0x00000000080048dc                LMIC_init
 .text.LMIC_setTxData
                0x00000000080048f8       0x38 ./Core/Src/lmic.o
                0x00000000080048f8                LMIC_setTxData
 .text.LMIC_setTxData2
                0x0000000008004930       0x64 ./Core/Src/lmic.o
                0x0000000008004930                LMIC_setTxData2
 .text.os_getArtEui
                0x0000000008004994       0x28 ./Core/Src/main.o
                0x0000000008004994                os_getArtEui
 .text.os_getDevEui
                0x00000000080049bc       0x28 ./Core/Src/main.o
                0x00000000080049bc                os_getDevEui
 .text.os_getDevKey
                0x00000000080049e4       0x28 ./Core/Src/main.o
                0x00000000080049e4                os_getDevKey
 .text.initsensor
                0x0000000008004a0c        0xe ./Core/Src/main.o
                0x0000000008004a0c                initsensor
 .text.initfunc
                0x0000000008004a1a       0x1c ./Core/Src/main.o
                0x0000000008004a1a                initfunc
 *fill*         0x0000000008004a36        0x2 
 .text.readsensor
                0x0000000008004a38       0x40 ./Core/Src/main.o
                0x0000000008004a38                readsensor
 .text.blinkfunc
                0x0000000008004a78       0x4c ./Core/Src/main.o
 .text.reportfunc
                0x0000000008004ac4       0xb8 ./Core/Src/main.o
 .text.onEvent  0x0000000008004b7c      0x1bc ./Core/Src/main.o
                0x0000000008004b7c                onEvent
 .text.main     0x0000000008004d38       0x7c ./Core/Src/main.o
                0x0000000008004d38                main
 .text.SystemClock_Config
                0x0000000008004db4       0xc4 ./Core/Src/main.o
                0x0000000008004db4                SystemClock_Config
 .text.Error_Handler
                0x0000000008004e78        0xa ./Core/Src/main.o
                0x0000000008004e78                Error_Handler
 *fill*         0x0000000008004e82        0x2 
 .text.os_init  0x0000000008004e84       0x24 ./Core/Src/oslmic.o
                0x0000000008004e84                os_init
 .text.os_getTime
                0x0000000008004ea8        0xe ./Core/Src/oslmic.o
                0x0000000008004ea8                os_getTime
 .text.unlinkjob
                0x0000000008004eb6       0x3e ./Core/Src/oslmic.o
 .text.os_clearCallback
                0x0000000008004ef4       0x3c ./Core/Src/oslmic.o
                0x0000000008004ef4                os_clearCallback
 .text.os_setCallback
                0x0000000008004f30       0x4c ./Core/Src/oslmic.o
                0x0000000008004f30                os_setCallback
 .text.os_setTimedCallback
                0x0000000008004f7c       0x6c ./Core/Src/oslmic.o
                0x0000000008004f7c                os_setTimedCallback
 .text.os_runloop
                0x0000000008004fe8       0x6c ./Core/Src/oslmic.o
                0x0000000008004fe8                os_runloop
 .text.writeReg
                0x0000000008005054       0x3a ./Core/Src/radio.o
 .text.readReg  0x000000000800508e       0x38 ./Core/Src/radio.o
 .text.writeBuf
                0x00000000080050c6       0x54 ./Core/Src/radio.o
 .text.readBuf  0x000000000800511a       0x56 ./Core/Src/radio.o
 .text.opmode   0x0000000008005170       0x34 ./Core/Src/radio.o
 .text.opmodeLora
                0x00000000080051a4       0x24 ./Core/Src/radio.o
 .text.opmodeFSK
                0x00000000080051c8       0x24 ./Core/Src/radio.o
 .text.configLoraModem
                0x00000000080051ec      0x15c ./Core/Src/radio.o
 .text.configChannel
                0x0000000008005348       0x7c ./Core/Src/radio.o
 .text.configPower
                0x00000000080053c4       0x60 ./Core/Src/radio.o
 .text.txfsk    0x0000000008005424       0xdc ./Core/Src/radio.o
 .text.txlora   0x0000000008005500       0xb4 ./Core/Src/radio.o
 .text.starttx  0x00000000080055b4       0x3c ./Core/Src/radio.o
 .text.rxlora   0x00000000080055f0       0xf8 ./Core/Src/radio.o
 .text.rxfsk    0x00000000080056e8       0xe0 ./Core/Src/radio.o
 .text.startrx  0x00000000080057c8       0x4c ./Core/Src/radio.o
 .text.radio_init
                0x0000000008005814       0xe8 ./Core/Src/radio.o
                0x0000000008005814                radio_init
 .text.radio_rand1
                0x00000000080058fc       0x4c ./Core/Src/radio.o
                0x00000000080058fc                radio_rand1
 .text.radio_irq_handler
                0x0000000008005948      0x1ac ./Core/Src/radio.o
                0x0000000008005948                radio_irq_handler
 .text.os_radio
                0x0000000008005af4       0x58 ./Core/Src/radio.o
                0x0000000008005af4                os_radio
 .text.MX_SPI3_Init
                0x0000000008005b4c       0x7c ./Core/Src/spi.o
                0x0000000008005b4c                MX_SPI3_Init
 .text.HAL_SPI_MspInit
                0x0000000008005bc8       0xd0 ./Core/Src/spi.o
                0x0000000008005bc8                HAL_SPI_MspInit
 .text.HAL_MspInit
                0x0000000008005c98       0x48 ./Core/Src/stm32l4xx_hal_msp.o
                0x0000000008005c98                HAL_MspInit
 .text.NMI_Handler
                0x0000000008005ce0        0x6 ./Core/Src/stm32l4xx_it.o
                0x0000000008005ce0                NMI_Handler
 .text.HardFault_Handler
                0x0000000008005ce6        0x6 ./Core/Src/stm32l4xx_it.o
                0x0000000008005ce6                HardFault_Handler
 .text.MemManage_Handler
                0x0000000008005cec        0x6 ./Core/Src/stm32l4xx_it.o
                0x0000000008005cec                MemManage_Handler
 .text.BusFault_Handler
                0x0000000008005cf2        0x6 ./Core/Src/stm32l4xx_it.o
                0x0000000008005cf2                BusFault_Handler
 .text.UsageFault_Handler
                0x0000000008005cf8        0x6 ./Core/Src/stm32l4xx_it.o
                0x0000000008005cf8                UsageFault_Handler
 .text.SVC_Handler
                0x0000000008005cfe        0xe ./Core/Src/stm32l4xx_it.o
                0x0000000008005cfe                SVC_Handler
 .text.DebugMon_Handler
                0x0000000008005d0c        0xe ./Core/Src/stm32l4xx_it.o
                0x0000000008005d0c                DebugMon_Handler
 .text.PendSV_Handler
                0x0000000008005d1a        0xe ./Core/Src/stm32l4xx_it.o
                0x0000000008005d1a                PendSV_Handler
 .text.SysTick_Handler
                0x0000000008005d28        0xc ./Core/Src/stm32l4xx_it.o
                0x0000000008005d28                SysTick_Handler
 .text.EXTI9_5_IRQHandler
                0x0000000008005d34       0x14 ./Core/Src/stm32l4xx_it.o
                0x0000000008005d34                EXTI9_5_IRQHandler
 .text.USART1_IRQHandler
                0x0000000008005d48       0x14 ./Core/Src/stm32l4xx_it.o
                0x0000000008005d48                USART1_IRQHandler
 .text.SPI3_IRQHandler
                0x0000000008005d5c       0x14 ./Core/Src/stm32l4xx_it.o
                0x0000000008005d5c                SPI3_IRQHandler
 .text.TIM7_IRQHandler
                0x0000000008005d70       0x14 ./Core/Src/stm32l4xx_it.o
                0x0000000008005d70                TIM7_IRQHandler
 .text.SystemInit
                0x0000000008005d84       0x24 ./Core/Src/system_stm32l4xx.o
                0x0000000008005d84                SystemInit
 .text.MX_TIM7_Init
                0x0000000008005da8       0x70 ./Core/Src/tim.o
                0x0000000008005da8                MX_TIM7_Init
 .text.HAL_TIM_Base_MspInit
                0x0000000008005e18       0x4c ./Core/Src/tim.o
                0x0000000008005e18                HAL_TIM_Base_MspInit
 .text.MX_USART1_UART_Init
                0x0000000008005e64       0x60 ./Core/Src/usart.o
                0x0000000008005e64                MX_USART1_UART_Init
 .text.HAL_UART_MspInit
                0x0000000008005ec4       0xc0 ./Core/Src/usart.o
                0x0000000008005ec4                HAL_UART_MspInit
 .text.Reset_Handler
                0x0000000008005f84       0x50 ./Core/Startup/startup_stm32l432kcux.o
                0x0000000008005f84                Reset_Handler
 .text.Default_Handler
                0x0000000008005fd4        0x2 ./Core/Startup/startup_stm32l432kcux.o
                0x0000000008005fd4                RTC_Alarm_IRQHandler
                0x0000000008005fd4                EXTI2_IRQHandler
                0x0000000008005fd4                TIM1_CC_IRQHandler
                0x0000000008005fd4                TSC_IRQHandler
                0x0000000008005fd4                TAMP_STAMP_IRQHandler
                0x0000000008005fd4                EXTI3_IRQHandler
                0x0000000008005fd4                LPTIM2_IRQHandler
                0x0000000008005fd4                I2C3_ER_IRQHandler
                0x0000000008005fd4                EXTI0_IRQHandler
                0x0000000008005fd4                CAN1_RX0_IRQHandler
                0x0000000008005fd4                FPU_IRQHandler
                0x0000000008005fd4                TIM1_UP_TIM16_IRQHandler
                0x0000000008005fd4                SPI1_IRQHandler
                0x0000000008005fd4                TIM6_DAC_IRQHandler
                0x0000000008005fd4                DMA2_Channel2_IRQHandler
                0x0000000008005fd4                DMA1_Channel4_IRQHandler
                0x0000000008005fd4                ADC1_IRQHandler
                0x0000000008005fd4                DMA1_Channel7_IRQHandler
                0x0000000008005fd4                CAN1_RX1_IRQHandler
                0x0000000008005fd4                DMA2_Channel1_IRQHandler
                0x0000000008005fd4                QUADSPI_IRQHandler
                0x0000000008005fd4                I2C1_EV_IRQHandler
                0x0000000008005fd4                DMA1_Channel6_IRQHandler
                0x0000000008005fd4                DMA2_Channel4_IRQHandler
                0x0000000008005fd4                RCC_IRQHandler
                0x0000000008005fd4                TIM1_TRG_COM_IRQHandler
                0x0000000008005fd4                DMA1_Channel1_IRQHandler
                0x0000000008005fd4                Default_Handler
                0x0000000008005fd4                DMA2_Channel7_IRQHandler
                0x0000000008005fd4                EXTI15_10_IRQHandler
                0x0000000008005fd4                I2C3_EV_IRQHandler
                0x0000000008005fd4                USB_IRQHandler
                0x0000000008005fd4                RTC_WKUP_IRQHandler
                0x0000000008005fd4                PVD_PVM_IRQHandler
                0x0000000008005fd4                CAN1_TX_IRQHandler
                0x0000000008005fd4                DMA2_Channel5_IRQHandler
                0x0000000008005fd4                CRS_IRQHandler
                0x0000000008005fd4                DMA1_Channel5_IRQHandler
                0x0000000008005fd4                EXTI4_IRQHandler
                0x0000000008005fd4                RNG_IRQHandler
                0x0000000008005fd4                DMA1_Channel3_IRQHandler
                0x0000000008005fd4                COMP_IRQHandler
                0x0000000008005fd4                WWDG_IRQHandler
                0x0000000008005fd4                LPUART1_IRQHandler
                0x0000000008005fd4                DMA2_Channel6_IRQHandler
                0x0000000008005fd4                TIM2_IRQHandler
                0x0000000008005fd4                EXTI1_IRQHandler
                0x0000000008005fd4                USART2_IRQHandler
                0x0000000008005fd4                DMA1_Channel2_IRQHandler
                0x0000000008005fd4                CAN1_SCE_IRQHandler
                0x0000000008005fd4                FLASH_IRQHandler
                0x0000000008005fd4                I2C1_ER_IRQHandler
                0x0000000008005fd4                SWPMI1_IRQHandler
                0x0000000008005fd4                LPTIM1_IRQHandler
                0x0000000008005fd4                SAI1_IRQHandler
                0x0000000008005fd4                DMA2_Channel3_IRQHandler
                0x0000000008005fd4                TIM1_BRK_TIM15_IRQHandler
 .text.HAL_Init
                0x0000000008005fd6       0x30 ./Drivers/STM32L4xx_HAL_Driver/Src/stm32l4xx_hal.o
                0x0000000008005fd6                HAL_Init
 *fill*         0x0000000008006006        0x2 
 .text.HAL_InitTick
                0x0000000008006008       0x78 ./Drivers/STM32L4xx_HAL_Driver/Src/stm32l4xx_hal.o
                0x0000000008006008                HAL_InitTick
 .text.HAL_IncTick
                0x0000000008006080       0x28 ./Drivers/STM32L4xx_HAL_Driver/Src/stm32l4xx_hal.o
                0x0000000008006080                HAL_IncTick
 .text.HAL_GetTick
                0x00000000080060a8       0x18 ./Drivers/STM32L4xx_HAL_Driver/Src/stm32l4xx_hal.o
                0x00000000080060a8                HAL_GetTick
 .text.LL_ADC_SetCommonClock
                0x00000000080060c0       0x26 ./Drivers/STM32L4xx_HAL_Driver/Src/stm32l4xx_hal_adc.o
 .text.LL_ADC_SetCommonPathInternalCh
                0x00000000080060e6       0x26 ./Drivers/STM32L4xx_HAL_Driver/Src/stm32l4xx_hal_adc.o
 .text.LL_ADC_GetCommonPathInternalCh
                0x000000000800610c       0x1c ./Drivers/STM32L4xx_HAL_Driver/Src/stm32l4xx_hal_adc.o
 .text.LL_ADC_SetOffset
                0x0000000008006128       0x48 ./Drivers/STM32L4xx_HAL_Driver/Src/stm32l4xx_hal_adc.o
 .text.LL_ADC_GetOffsetChannel
                0x0000000008006170       0x2c ./Drivers/STM32L4xx_HAL_Driver/Src/stm32l4xx_hal_adc.o
 .text.LL_ADC_SetOffsetState
                0x000000000800619c       0x36 ./Drivers/STM32L4xx_HAL_Driver/Src/stm32l4xx_hal_adc.o
 .text.LL_ADC_REG_IsTriggerSourceSWStart
                0x00000000080061d2       0x26 ./Drivers/STM32L4xx_HAL_Driver/Src/stm32l4xx_hal_adc.o
 .text.LL_ADC_REG_SetSequencerRanks
                0x00000000080061f8       0x58 ./Drivers/STM32L4xx_HAL_Driver/Src/stm32l4xx_hal_adc.o
 .text.LL_ADC_SetChannelSamplingTime
                0x0000000008006250       0x56 ./Drivers/STM32L4xx_HAL_Driver/Src/stm32l4xx_hal_adc.o
 *fill*         0x00000000080062a6        0x2 
 .text.LL_ADC_SetChannelSingleDiff
                0x00000000080062a8       0x48 ./Drivers/STM32L4xx_HAL_Driver/Src/stm32l4xx_hal_adc.o
 .text.LL_ADC_DisableDeepPowerDown
                0x00000000080062f0       0x24 ./Drivers/STM32L4xx_HAL_Driver/Src/stm32l4xx_hal_adc.o
 .text.LL_ADC_IsDeepPowerDownEnabled
                0x0000000008006314       0x28 ./Drivers/STM32L4xx_HAL_Driver/Src/stm32l4xx_hal_adc.o
 .text.LL_ADC_EnableInternalRegulator
                0x000000000800633c       0x28 ./Drivers/STM32L4xx_HAL_Driver/Src/stm32l4xx_hal_adc.o
 .text.LL_ADC_IsInternalRegulatorEnabled
                0x0000000008006364       0x28 ./Drivers/STM32L4xx_HAL_Driver/Src/stm32l4xx_hal_adc.o
 .text.LL_ADC_Enable
                0x000000000800638c       0x28 ./Drivers/STM32L4xx_HAL_Driver/Src/stm32l4xx_hal_adc.o
 .text.LL_ADC_Disable
                0x00000000080063b4       0x28 ./Drivers/STM32L4xx_HAL_Driver/Src/stm32l4xx_hal_adc.o
 .text.LL_ADC_IsEnabled
                0x00000000080063dc       0x26 ./Drivers/STM32L4xx_HAL_Driver/Src/stm32l4xx_hal_adc.o
 .text.LL_ADC_IsDisableOngoing
                0x0000000008006402       0x26 ./Drivers/STM32L4xx_HAL_Driver/Src/stm32l4xx_hal_adc.o
 .text.LL_ADC_REG_StartConversion
                0x0000000008006428       0x28 ./Drivers/STM32L4xx_HAL_Driver/Src/stm32l4xx_hal_adc.o
 .text.LL_ADC_REG_IsConversionOngoing
                0x0000000008006450       0x26 ./Drivers/STM32L4xx_HAL_Driver/Src/stm32l4xx_hal_adc.o
 .text.LL_ADC_INJ_IsConversionOngoing
                0x0000000008006476       0x26 ./Drivers/STM32L4xx_HAL_Driver/Src/stm32l4xx_hal_adc.o
 .text.HAL_ADC_Init
                0x000000000800649c      0x290 ./Drivers/STM32L4xx_HAL_Driver/Src/stm32l4xx_hal_adc.o
                0x000000000800649c                HAL_ADC_Init
 .text.HAL_ADC_Start
                0x000000000800672c       0xc6 ./Drivers/STM32L4xx_HAL_Driver/Src/stm32l4xx_hal_adc.o
                0x000000000800672c                HAL_ADC_Start
 .text.HAL_ADC_PollForConversion
                0x00000000080067f2      0x11e ./Drivers/STM32L4xx_HAL_Driver/Src/stm32l4xx_hal_adc.o
                0x00000000080067f2                HAL_ADC_PollForConversion
 .text.HAL_ADC_GetValue
                0x0000000008006910       0x1a ./Drivers/STM32L4xx_HAL_Driver/Src/stm32l4xx_hal_adc.o
                0x0000000008006910                HAL_ADC_GetValue
 *fill*         0x000000000800692a        0x2 
 .text.HAL_ADC_ConfigChannel
                0x000000000800692c      0x7c0 ./Drivers/STM32L4xx_HAL_Driver/Src/stm32l4xx_hal_adc.o
                0x000000000800692c                HAL_ADC_ConfigChannel
 .text.ADC_Enable
                0x00000000080070ec      0x10c ./Drivers/STM32L4xx_HAL_Driver/Src/stm32l4xx_hal_adc.o
                0x00000000080070ec                ADC_Enable
 .text.ADC_Disable
                0x00000000080071f8       0xbe ./Drivers/STM32L4xx_HAL_Driver/Src/stm32l4xx_hal_adc.o
                0x00000000080071f8                ADC_Disable
 .text.LL_ADC_StartCalibration
                0x00000000080072b6       0x32 ./Drivers/STM32L4xx_HAL_Driver/Src/stm32l4xx_hal_adc_ex.o
 .text.LL_ADC_IsCalibrationOnGoing
                0x00000000080072e8       0x28 ./Drivers/STM32L4xx_HAL_Driver/Src/stm32l4xx_hal_adc_ex.o
 .text.HAL_ADCEx_Calibration_Start
                0x0000000008007310       0xc0 ./Drivers/STM32L4xx_HAL_Driver/Src/stm32l4xx_hal_adc_ex.o
                0x0000000008007310                HAL_ADCEx_Calibration_Start
 .text.__NVIC_SetPriorityGrouping
                0x00000000080073d0       0x48 ./Drivers/STM32L4xx_HAL_Driver/Src/stm32l4xx_hal_cortex.o
 .text.__NVIC_GetPriorityGrouping
                0x0000000008007418       0x1c ./Drivers/STM32L4xx_HAL_Driver/Src/stm32l4xx_hal_cortex.o
 .text.__NVIC_EnableIRQ
                0x0000000008007434       0x3c ./Drivers/STM32L4xx_HAL_Driver/Src/stm32l4xx_hal_cortex.o
 .text.__NVIC_SetPriority
                0x0000000008007470       0x54 ./Drivers/STM32L4xx_HAL_Driver/Src/stm32l4xx_hal_cortex.o
 .text.NVIC_EncodePriority
                0x00000000080074c4       0x66 ./Drivers/STM32L4xx_HAL_Driver/Src/stm32l4xx_hal_cortex.o
 *fill*         0x000000000800752a        0x2 
 .text.SysTick_Config
                0x000000000800752c       0x44 ./Drivers/STM32L4xx_HAL_Driver/Src/stm32l4xx_hal_cortex.o
 .text.HAL_NVIC_SetPriorityGrouping
                0x0000000008007570       0x16 ./Drivers/STM32L4xx_HAL_Driver/Src/stm32l4xx_hal_cortex.o
                0x0000000008007570                HAL_NVIC_SetPriorityGrouping
 .text.HAL_NVIC_SetPriority
                0x0000000008007586       0x38 ./Drivers/STM32L4xx_HAL_Driver/Src/stm32l4xx_hal_cortex.o
                0x0000000008007586                HAL_NVIC_SetPriority
 .text.HAL_NVIC_EnableIRQ
                0x00000000080075be       0x1c ./Drivers/STM32L4xx_HAL_Driver/Src/stm32l4xx_hal_cortex.o
                0x00000000080075be                HAL_NVIC_EnableIRQ
 .text.HAL_SYSTICK_Config
                0x00000000080075da       0x18 ./Drivers/STM32L4xx_HAL_Driver/Src/stm32l4xx_hal_cortex.o
                0x00000000080075da                HAL_SYSTICK_Config
 .text.HAL_DMA_Abort
                0x00000000080075f2       0x7c ./Drivers/STM32L4xx_HAL_Driver/Src/stm32l4xx_hal_dma.o
                0x00000000080075f2                HAL_DMA_Abort
 .text.HAL_DMA_Abort_IT
                0x000000000800766e       0x82 ./Drivers/STM32L4xx_HAL_Driver/Src/stm32l4xx_hal_dma.o
                0x000000000800766e                HAL_DMA_Abort_IT
 .text.HAL_GPIO_Init
                0x00000000080076f0      0x2d4 ./Drivers/STM32L4xx_HAL_Driver/Src/stm32l4xx_hal_gpio.o
                0x00000000080076f0                HAL_GPIO_Init
 .text.HAL_GPIO_WritePin
                0x00000000080079c4       0x30 ./Drivers/STM32L4xx_HAL_Driver/Src/stm32l4xx_hal_gpio.o
                0x00000000080079c4                HAL_GPIO_WritePin
 .text.HAL_GPIO_EXTI_IRQHandler
                0x00000000080079f4       0x30 ./Drivers/STM32L4xx_HAL_Driver/Src/stm32l4xx_hal_gpio.o
                0x00000000080079f4                HAL_GPIO_EXTI_IRQHandler
 .text.HAL_PWR_EnableBkUpAccess
                0x0000000008007a24       0x20 ./Drivers/STM32L4xx_HAL_Driver/Src/stm32l4xx_hal_pwr.o
                0x0000000008007a24                HAL_PWR_EnableBkUpAccess
 .text.HAL_PWREx_GetVoltageRange
                0x0000000008007a44       0x1c ./Drivers/STM32L4xx_HAL_Driver/Src/stm32l4xx_hal_pwr_ex.o
                0x0000000008007a44                HAL_PWREx_GetVoltageRange
 .text.HAL_PWREx_ControlVoltageScaling
                0x0000000008007a60       0xac ./Drivers/STM32L4xx_HAL_Driver/Src/stm32l4xx_hal_pwr_ex.o
                0x0000000008007a60                HAL_PWREx_ControlVoltageScaling
 .text.HAL_RCC_OscConfig
                0x0000000008007b0c      0x828 ./Drivers/STM32L4xx_HAL_Driver/Src/stm32l4xx_hal_rcc.o
                0x0000000008007b0c                HAL_RCC_OscConfig
 .text.HAL_RCC_ClockConfig
                0x0000000008008334      0x200 ./Drivers/STM32L4xx_HAL_Driver/Src/stm32l4xx_hal_rcc.o
                0x0000000008008334                HAL_RCC_ClockConfig
 .text.HAL_RCC_GetSysClockFreq
                0x0000000008008534      0x118 ./Drivers/STM32L4xx_HAL_Driver/Src/stm32l4xx_hal_rcc.o
                0x0000000008008534                HAL_RCC_GetSysClockFreq
 .text.HAL_RCC_GetHCLKFreq
                0x000000000800864c       0x18 ./Drivers/STM32L4xx_HAL_Driver/Src/stm32l4xx_hal_rcc.o
                0x000000000800864c                HAL_RCC_GetHCLKFreq
 .text.HAL_RCC_GetPCLK1Freq
                0x0000000008008664       0x2c ./Drivers/STM32L4xx_HAL_Driver/Src/stm32l4xx_hal_rcc.o
                0x0000000008008664                HAL_RCC_GetPCLK1Freq
 .text.HAL_RCC_GetPCLK2Freq
                0x0000000008008690       0x2c ./Drivers/STM32L4xx_HAL_Driver/Src/stm32l4xx_hal_rcc.o
                0x0000000008008690                HAL_RCC_GetPCLK2Freq
 .text.RCC_SetFlashLatencyFromMSIRange
                0x00000000080086bc       0xc0 ./Drivers/STM32L4xx_HAL_Driver/Src/stm32l4xx_hal_rcc.o
 .text.HAL_RCCEx_PeriphCLKConfig
                0x000000000800877c      0x3ec ./Drivers/STM32L4xx_HAL_Driver/Src/stm32l4xx_hal_rcc_ex.o
                0x000000000800877c                HAL_RCCEx_PeriphCLKConfig
 .text.HAL_RCCEx_EnableMSIPLLMode
                0x0000000008008b68       0x20 ./Drivers/STM32L4xx_HAL_Driver/Src/stm32l4xx_hal_rcc_ex.o
                0x0000000008008b68                HAL_RCCEx_EnableMSIPLLMode
 .text.RCCEx_PLLSAI1_Config
                0x0000000008008b88      0x1e4 ./Drivers/STM32L4xx_HAL_Driver/Src/stm32l4xx_hal_rcc_ex.o
 .text.HAL_SPI_Init
                0x0000000008008d6c      0x146 ./Drivers/STM32L4xx_HAL_Driver/Src/stm32l4xx_hal_spi.o
                0x0000000008008d6c                HAL_SPI_Init
 .text.HAL_SPI_TransmitReceive
                0x0000000008008eb2      0x426 ./Drivers/STM32L4xx_HAL_Driver/Src/stm32l4xx_hal_spi.o
                0x0000000008008eb2                HAL_SPI_TransmitReceive
 .text.HAL_SPI_IRQHandler
                0x00000000080092d8      0x200 ./Drivers/STM32L4xx_HAL_Driver/Src/stm32l4xx_hal_spi.o
                0x00000000080092d8                HAL_SPI_IRQHandler
 .text.HAL_SPI_ErrorCallback
                0x00000000080094d8       0x14 ./Drivers/STM32L4xx_HAL_Driver/Src/stm32l4xx_hal_spi.o
                0x00000000080094d8                HAL_SPI_ErrorCallback
 .text.SPI_DMAAbortOnError
                0x00000000080094ec       0x2a ./Drivers/STM32L4xx_HAL_Driver/Src/stm32l4xx_hal_spi.o
 *fill*         0x0000000008009516        0x2 
 .text.SPI_WaitFlagStateUntilTimeout
                0x0000000008009518      0x110 ./Drivers/STM32L4xx_HAL_Driver/Src/stm32l4xx_hal_spi.o
 .text.SPI_WaitFifoStateUntilTimeout
                0x0000000008009628      0x12c ./Drivers/STM32L4xx_HAL_Driver/Src/stm32l4xx_hal_spi.o
 .text.SPI_EndRxTxTransaction
                0x0000000008009754       0x8c ./Drivers/STM32L4xx_HAL_Driver/Src/stm32l4xx_hal_spi.o
 .text.HAL_TIM_Base_Init
                0x00000000080097e0       0xae ./Drivers/STM32L4xx_HAL_Driver/Src/stm32l4xx_hal_tim.o
                0x00000000080097e0                HAL_TIM_Base_Init
 *fill*         0x000000000800988e        0x2 
 .text.HAL_TIM_Base_Start_IT
                0x0000000008009890       0xa8 ./Drivers/STM32L4xx_HAL_Driver/Src/stm32l4xx_hal_tim.o
                0x0000000008009890                HAL_TIM_Base_Start_IT
 .text.HAL_TIM_IRQHandler
                0x0000000008009938      0x23e ./Drivers/STM32L4xx_HAL_Driver/Src/stm32l4xx_hal_tim.o
                0x0000000008009938                HAL_TIM_IRQHandler
 .text.HAL_TIM_OC_DelayElapsedCallback
                0x0000000008009b76       0x14 ./Drivers/STM32L4xx_HAL_Driver/Src/stm32l4xx_hal_tim.o
                0x0000000008009b76                HAL_TIM_OC_DelayElapsedCallback
 .text.HAL_TIM_IC_CaptureCallback
                0x0000000008009b8a       0x14 ./Drivers/STM32L4xx_HAL_Driver/Src/stm32l4xx_hal_tim.o
                0x0000000008009b8a                HAL_TIM_IC_CaptureCallback
 .text.HAL_TIM_PWM_PulseFinishedCallback
                0x0000000008009b9e       0x14 ./Drivers/STM32L4xx_HAL_Driver/Src/stm32l4xx_hal_tim.o
                0x0000000008009b9e                HAL_TIM_PWM_PulseFinishedCallback
 .text.HAL_TIM_TriggerCallback
                0x0000000008009bb2       0x14 ./Drivers/STM32L4xx_HAL_Driver/Src/stm32l4xx_hal_tim.o
                0x0000000008009bb2                HAL_TIM_TriggerCallback
 *fill*         0x0000000008009bc6        0x2 
 .text.TIM_Base_SetConfig
                0x0000000008009bc8       0xc8 ./Drivers/STM32L4xx_HAL_Driver/Src/stm32l4xx_hal_tim.o
                0x0000000008009bc8                TIM_Base_SetConfig
 .text.HAL_TIMEx_MasterConfigSynchronization
                0x0000000008009c90       0xcc ./Drivers/STM32L4xx_HAL_Driver/Src/stm32l4xx_hal_tim_ex.o
                0x0000000008009c90                HAL_TIMEx_MasterConfigSynchronization
 .text.HAL_TIMEx_CommutCallback
                0x0000000008009d5c       0x14 ./Drivers/STM32L4xx_HAL_Driver/Src/stm32l4xx_hal_tim_ex.o
                0x0000000008009d5c                HAL_TIMEx_CommutCallback
 .text.HAL_TIMEx_BreakCallback
                0x0000000008009d70       0x14 ./Drivers/STM32L4xx_HAL_Driver/Src/stm32l4xx_hal_tim_ex.o
                0x0000000008009d70                HAL_TIMEx_BreakCallback
 .text.HAL_TIMEx_Break2Callback
                0x0000000008009d84       0x14 ./Drivers/STM32L4xx_HAL_Driver/Src/stm32l4xx_hal_tim_ex.o
                0x0000000008009d84                HAL_TIMEx_Break2Callback
 .text.HAL_UART_Init
                0x0000000008009d98       0x9c ./Drivers/STM32L4xx_HAL_Driver/Src/stm32l4xx_hal_uart.o
                0x0000000008009d98                HAL_UART_Init
 .text.HAL_UART_Transmit
                0x0000000008009e34      0x128 ./Drivers/STM32L4xx_HAL_Driver/Src/stm32l4xx_hal_uart.o
                0x0000000008009e34                HAL_UART_Transmit
 .text.HAL_UART_IRQHandler
                0x0000000008009f5c      0x5c4 ./Drivers/STM32L4xx_HAL_Driver/Src/stm32l4xx_hal_uart.o
                0x0000000008009f5c                HAL_UART_IRQHandler
 .text.HAL_UART_TxCpltCallback
                0x000000000800a520       0x14 ./Drivers/STM32L4xx_HAL_Driver/Src/stm32l4xx_hal_uart.o
                0x000000000800a520                HAL_UART_TxCpltCallback
 .text.HAL_UART_ErrorCallback
                0x000000000800a534       0x14 ./Drivers/STM32L4xx_HAL_Driver/Src/stm32l4xx_hal_uart.o
                0x000000000800a534                HAL_UART_ErrorCallback
 .text.HAL_UARTEx_RxEventCallback
                0x000000000800a548       0x18 ./Drivers/STM32L4xx_HAL_Driver/Src/stm32l4xx_hal_uart.o
                0x000000000800a548                HAL_UARTEx_RxEventCallback
 .text.UART_SetConfig
                0x000000000800a560      0x458 ./Drivers/STM32L4xx_HAL_Driver/Src/stm32l4xx_hal_uart.o
                0x000000000800a560                UART_SetConfig
 .text.UART_AdvFeatureConfig
                0x000000000800a9b8      0x144 ./Drivers/STM32L4xx_HAL_Driver/Src/stm32l4xx_hal_uart.o
                0x000000000800a9b8                UART_AdvFeatureConfig
 .text.UART_CheckIdleState
                0x000000000800aafc       0x92 ./Drivers/STM32L4xx_HAL_Driver/Src/stm32l4xx_hal_uart.o
                0x000000000800aafc                UART_CheckIdleState
 .text.UART_WaitOnFlagUntilTimeout
                0x000000000800ab8e      0x188 ./Drivers/STM32L4xx_HAL_Driver/Src/stm32l4xx_hal_uart.o
                0x000000000800ab8e                UART_WaitOnFlagUntilTimeout
 .text.UART_EndRxTransfer
                0x000000000800ad16       0xc6 ./Drivers/STM32L4xx_HAL_Driver/Src/stm32l4xx_hal_uart.o
 .text.UART_DMAAbortOnError
                0x000000000800addc       0x2c ./Drivers/STM32L4xx_HAL_Driver/Src/stm32l4xx_hal_uart.o
 .text.UART_EndTransmit_IT
                0x000000000800ae08       0x54 ./Drivers/STM32L4xx_HAL_Driver/Src/stm32l4xx_hal_uart.o
 .text.HAL_UARTEx_WakeupCallback
                0x000000000800ae5c       0x14 ./Drivers/STM32L4xx_HAL_Driver/Src/stm32l4xx_hal_uart_ex.o
                0x000000000800ae5c                HAL_UARTEx_WakeupCallback
 .text.__libc_init_array
                0x000000000800ae70       0x48 /app/stm32cubeide/plugins/com.st.stm32cube.ide.mcu.externaltools.gnu-tools-for-stm32.10.3-2021.10.linux64_1.0.200.202301161003/tools/bin/../lib/gcc/arm-none-eabi/10.3.1/../../../../arm-none-eabi/lib/thumb/v7e-m+fp/hard/libc_nano.a(lib_a-init.o)
                0x000000000800ae70                __libc_init_array
 .text.memcpy   0x000000000800aeb8       0x1c /app/stm32cubeide/plugins/com.st.stm32cube.ide.mcu.externaltools.gnu-tools-for-stm32.10.3-2021.10.linux64_1.0.200.202301161003/tools/bin/../lib/gcc/arm-none-eabi/10.3.1/../../../../arm-none-eabi/lib/thumb/v7e-m+fp/hard/libc_nano.a(lib_a-memcpy-stub.o)
                0x000000000800aeb8                memcpy
 .text.memset   0x000000000800aed4       0x10 /app/stm32cubeide/plugins/com.st.stm32cube.ide.mcu.externaltools.gnu-tools-for-stm32.10.3-2021.10.linux64_1.0.200.202301161003/tools/bin/../lib/gcc/arm-none-eabi/10.3.1/../../../../arm-none-eabi/lib/thumb/v7e-m+fp/hard/libc_nano.a(lib_a-memset.o)
                0x000000000800aed4                memset
 *(.glue_7)
 .glue_7        0x000000000800aee4        0x0 linker stubs
 *(.glue_7t)
 .glue_7t       0x000000000800aee4        0x0 linker stubs
 *(.eh_frame)
 .eh_frame      0x000000000800aee4        0x0 /app/stm32cubeide/plugins/com.st.stm32cube.ide.mcu.externaltools.gnu-tools-for-stm32.10.3-2021.10.linux64_1.0.200.202301161003/tools/bin/../lib/gcc/arm-none-eabi/10.3.1/thumb/v7e-m+fp/hard/crtbegin.o
 *(.init)
 .init          0x000000000800aee4        0x4 /app/stm32cubeide/plugins/com.st.stm32cube.ide.mcu.externaltools.gnu-tools-for-stm32.10.3-2021.10.linux64_1.0.200.202301161003/tools/bin/../lib/gcc/arm-none-eabi/10.3.1/thumb/v7e-m+fp/hard/crti.o
                0x000000000800aee4                _init
 .init          0x000000000800aee8        0x8 /app/stm32cubeide/plugins/com.st.stm32cube.ide.mcu.externaltools.gnu-tools-for-stm32.10.3-2021.10.linux64_1.0.200.202301161003/tools/bin/../lib/gcc/arm-none-eabi/10.3.1/thumb/v7e-m+fp/hard/crtn.o
 *(.fini)
 .fini          0x000000000800aef0        0x4 /app/stm32cubeide/plugins/com.st.stm32cube.ide.mcu.externaltools.gnu-tools-for-stm32.10.3-2021.10.linux64_1.0.200.202301161003/tools/bin/../lib/gcc/arm-none-eabi/10.3.1/thumb/v7e-m+fp/hard/crti.o
                0x000000000800aef0                _fini
 .fini          0x000000000800aef4        0x8 /app/stm32cubeide/plugins/com.st.stm32cube.ide.mcu.externaltools.gnu-tools-for-stm32.10.3-2021.10.linux64_1.0.200.202301161003/tools/bin/../lib/gcc/arm-none-eabi/10.3.1/thumb/v7e-m+fp/hard/crtn.o
                0x000000000800aefc                . = ALIGN (0x4)
                0x000000000800aefc                _etext = .

.vfp11_veneer   0x000000000800aefc        0x0
 .vfp11_veneer  0x000000000800aefc        0x0 linker stubs

.v4_bx          0x000000000800aefc        0x0
 .v4_bx         0x000000000800aefc        0x0 linker stubs

.iplt           0x000000000800aefc        0x0
 .iplt          0x000000000800aefc        0x0 /app/stm32cubeide/plugins/com.st.stm32cube.ide.mcu.externaltools.gnu-tools-for-stm32.10.3-2021.10.linux64_1.0.200.202301161003/tools/bin/../lib/gcc/arm-none-eabi/10.3.1/thumb/v7e-m+fp/hard/crtbegin.o

.rodata         0x000000000800aefc     0x14e0
                0x000000000800aefc                . = ALIGN (0x4)
 *(.rodata)
 .rodata        0x000000000800aefc      0x11f ./Core/Src/debug.o
 *fill*         0x000000000800b01b        0x1 
 .rodata        0x000000000800b01c      0x18c ./Core/Src/main.o
 *(.rodata*)
 .rodata.AES_RCON
                0x000000000800b1a8       0x28 ./Core/Src/aes.o
 .rodata.AES_S  0x000000000800b1d0      0x100 ./Core/Src/aes.o
 .rodata.AES_E1
                0x000000000800b2d0      0x400 ./Core/Src/aes.o
 .rodata.AES_E2
                0x000000000800b6d0      0x400 ./Core/Src/aes.o
 .rodata.AES_E3
                0x000000000800bad0      0x400 ./Core/Src/aes.o
 .rodata.AES_E4
                0x000000000800bed0      0x400 ./Core/Src/aes.o
 .rodata._DR2RPS_CRC
                0x000000000800c2d0        0xa ./Core/Src/lmic.o
                0x000000000800c2d0                _DR2RPS_CRC
 *fill*         0x000000000800c2da        0x2 
 .rodata.TXPOWLEVELS
                0x000000000800c2dc       0x10 ./Core/Src/lmic.o
 .rodata.SENSITIVITY
                0x000000000800c2ec       0x15 ./Core/Src/lmic.o
 *fill*         0x000000000800c301        0x3 
 .rodata.DRADJUST
                0x000000000800c304        0xa ./Core/Src/lmic.o
 *fill*         0x000000000800c30e        0x2 
 .rodata.DR2HSYM_osticks
                0x000000000800c310       0x20 ./Core/Src/lmic.o
 .rodata.iniChannelFreq
                0x000000000800c330       0x30 ./Core/Src/lmic.o
 .rodata.APPEUI
                0x000000000800c360        0x8 ./Core/Src/main.o
 .rodata.DEVEUI
                0x000000000800c368        0x8 ./Core/Src/main.o
 .rodata.DEVKEY
                0x000000000800c370       0x10 ./Core/Src/main.o
 .rodata.rxlorairqmask
                0x000000000800c380        0x3 ./Core/Src/radio.o
 *fill*         0x000000000800c383        0x1 
 .rodata.LORA_RXDONE_FIXUP
                0x000000000800c384        0xe ./Core/Src/radio.o
 *fill*         0x000000000800c392        0x2 
 .rodata.AHBPrescTable
                0x000000000800c394       0x10 ./Core/Src/system_stm32l4xx.o
                0x000000000800c394                AHBPrescTable
 .rodata.APBPrescTable
                0x000000000800c3a4        0x8 ./Core/Src/system_stm32l4xx.o
                0x000000000800c3a4                APBPrescTable
 .rodata.MSIRangeTable
                0x000000000800c3ac       0x30 ./Core/Src/system_stm32l4xx.o
                0x000000000800c3ac                MSIRangeTable
                0x000000000800c3dc                . = ALIGN (0x4)

.ARM.extab      0x000000000800c3dc        0x0
                0x000000000800c3dc                . = ALIGN (0x4)
 *(.ARM.extab* .gnu.linkonce.armextab.*)
                0x000000000800c3dc                . = ALIGN (0x4)

.ARM            0x000000000800c3dc        0x8
                0x000000000800c3dc                . = ALIGN (0x4)
                0x000000000800c3dc                __exidx_start = .
 *(.ARM.exidx*)
 .ARM.exidx     0x000000000800c3dc        0x8 /app/stm32cubeide/plugins/com.st.stm32cube.ide.mcu.externaltools.gnu-tools-for-stm32.10.3-2021.10.linux64_1.0.200.202301161003/tools/bin/../lib/gcc/arm-none-eabi/10.3.1/thumb/v7e-m+fp/hard/libgcc.a(_udivmoddi4.o)
                0x000000000800c3e4                __exidx_end = .
                0x000000000800c3e4                . = ALIGN (0x4)

.rel.dyn        0x000000000800c3e4        0x0
 .rel.iplt      0x000000000800c3e4        0x0 /app/stm32cubeide/plugins/com.st.stm32cube.ide.mcu.externaltools.gnu-tools-for-stm32.10.3-2021.10.linux64_1.0.200.202301161003/tools/bin/../lib/gcc/arm-none-eabi/10.3.1/thumb/v7e-m+fp/hard/crtbegin.o

.preinit_array  0x000000000800c3e4        0x0
                0x000000000800c3e4                . = ALIGN (0x4)
                0x000000000800c3e4                PROVIDE (__preinit_array_start = .)
 *(.preinit_array*)
                0x000000000800c3e4                PROVIDE (__preinit_array_end = .)
                0x000000000800c3e4                . = ALIGN (0x4)

.init_array     0x000000000800c3e4        0x4
                0x000000000800c3e4                . = ALIGN (0x4)
                0x000000000800c3e4                PROVIDE (__init_array_start = .)
 *(SORT_BY_NAME(.init_array.*))
 *(.init_array*)
 .init_array    0x000000000800c3e4        0x4 /app/stm32cubeide/plugins/com.st.stm32cube.ide.mcu.externaltools.gnu-tools-for-stm32.10.3-2021.10.linux64_1.0.200.202301161003/tools/bin/../lib/gcc/arm-none-eabi/10.3.1/thumb/v7e-m+fp/hard/crtbegin.o
                0x000000000800c3e8                PROVIDE (__init_array_end = .)
                0x000000000800c3e8                . = ALIGN (0x4)

.fini_array     0x000000000800c3e8        0x4
                0x000000000800c3e8                . = ALIGN (0x4)
                [!provide]                        PROVIDE (__fini_array_start = .)
 *(SORT_BY_NAME(.fini_array.*))
 *(.fini_array*)
 .fini_array    0x000000000800c3e8        0x4 /app/stm32cubeide/plugins/com.st.stm32cube.ide.mcu.externaltools.gnu-tools-for-stm32.10.3-2021.10.linux64_1.0.200.202301161003/tools/bin/../lib/gcc/arm-none-eabi/10.3.1/thumb/v7e-m+fp/hard/crtbegin.o
                [!provide]                        PROVIDE (__fini_array_end = .)
                0x000000000800c3ec                . = ALIGN (0x4)
                0x000000000800c3ec                _sidata = LOADADDR (.data)

.data           0x0000000020000000       0x54 load address 0x000000000800c3ec
                0x0000000020000000                . = ALIGN (0x4)
                0x0000000020000000                _sdata = .
 *(.data)
 *(.data*)
 .data.evnames.0
                0x0000000020000000       0x48 ./Core/Src/debug.o
 .data.SystemCoreClock
                0x0000000020000048        0x4 ./Core/Src/system_stm32l4xx.o
                0x0000000020000048                SystemCoreClock
 .data.uwTickPrio
                0x000000002000004c        0x4 ./Drivers/STM32L4xx_HAL_Driver/Src/stm32l4xx_hal.o
                0x000000002000004c                uwTickPrio
 .data.uwTickFreq
                0x0000000020000050        0x1 ./Drivers/STM32L4xx_HAL_Driver/Src/stm32l4xx_hal.o
                0x0000000020000050                uwTickFreq
 *(.RamFunc)
 *(.RamFunc*)
                0x0000000020000054                . = ALIGN (0x4)
 *fill*         0x0000000020000051        0x3 
                0x0000000020000054                _edata = .

.igot.plt       0x0000000020000054        0x0 load address 0x000000000800c440
 .igot.plt      0x0000000020000054        0x0 /app/stm32cubeide/plugins/com.st.stm32cube.ide.mcu.externaltools.gnu-tools-for-stm32.10.3-2021.10.linux64_1.0.200.202301161003/tools/bin/../lib/gcc/arm-none-eabi/10.3.1/thumb/v7e-m+fp/hard/crtbegin.o
                0x0000000020000054                . = ALIGN (0x4)

.bss            0x0000000020000054      0x460 load address 0x000000000800c440
                0x0000000020000054                _sbss = .
                0x0000000020000054                __bss_start__ = _sbss
 *(.bss)
 .bss           0x0000000020000054       0x1c /app/stm32cubeide/plugins/com.st.stm32cube.ide.mcu.externaltools.gnu-tools-for-stm32.10.3-2021.10.linux64_1.0.200.202301161003/tools/bin/../lib/gcc/arm-none-eabi/10.3.1/thumb/v7e-m+fp/hard/crtbegin.o
 *(.bss*)
 .bss.hadc1     0x0000000020000070       0x64 ./Core/Src/adc.o
                0x0000000020000070                hadc1
 .bss.AESAUX    0x00000000200000d4       0x10 ./Core/Src/aes.o
                0x00000000200000d4                AESAUX
 .bss.AESKEY    0x00000000200000e4       0xb0 ./Core/Src/aes.o
                0x00000000200000e4                AESKEY
 .bss.HAL       0x0000000020000194        0x8 ./Core/Src/hal.o
 .bss.LMIC      0x000000002000019c      0x1ac ./Core/Src/lmic.o
                0x000000002000019c                LMIC
 .bss.blinkjob  0x0000000020000348        0xc ./Core/Src/main.o
 .bss.reportjob
                0x0000000020000354        0xc ./Core/Src/main.o
 .bss.ledstate  0x0000000020000360        0x1 ./Core/Src/main.o
 *fill*         0x0000000020000361        0x3 
 .bss.OS        0x0000000020000364        0x8 ./Core/Src/oslmic.o
 .bss.randbuf   0x000000002000036c       0x10 ./Core/Src/radio.o
 .bss.hspi3     0x000000002000037c       0x64 ./Core/Src/spi.o
                0x000000002000037c                hspi3
 .bss.htim7     0x00000000200003e0       0x4c ./Core/Src/tim.o
                0x00000000200003e0                htim7
 .bss.huart1    0x000000002000042c       0x84 ./Core/Src/usart.o
                0x000000002000042c                huart1
 .bss.uwTick    0x00000000200004b0        0x4 ./Drivers/STM32L4xx_HAL_Driver/Src/stm32l4xx_hal.o
                0x00000000200004b0                uwTick
 *(COMMON)
                0x00000000200004b4                . = ALIGN (0x4)
                0x00000000200004b4                _ebss = .
                0x00000000200004b4                __bss_end__ = _ebss

._user_heap_stack
                0x00000000200004b4      0x604 load address 0x000000000800c440
                0x00000000200004b8                . = ALIGN (0x8)
 *fill*         0x00000000200004b4        0x4 
                [!provide]                        PROVIDE (end = .)
                0x00000000200004b8                PROVIDE (_end = .)
                0x00000000200006b8                . = (. + _Min_Heap_Size)
 *fill*         0x00000000200004b8      0x200 
                0x0000000020000ab8                . = (. + _Min_Stack_Size)
 *fill*         0x00000000200006b8      0x400 
                0x0000000020000ab8                . = ALIGN (0x8)

/DISCARD/
 libc.a(*)
 libm.a(*)
 libgcc.a(*)

.ARM.attributes
                0x0000000000000000       0x30
 *(.ARM.attributes)
 .ARM.attributes
                0x0000000000000000       0x1e /app/stm32cubeide/plugins/com.st.stm32cube.ide.mcu.externaltools.gnu-tools-for-stm32.10.3-2021.10.linux64_1.0.200.202301161003/tools/bin/../lib/gcc/arm-none-eabi/10.3.1/thumb/v7e-m+fp/hard/crti.o
 .ARM.attributes
                0x000000000000001e       0x34 /app/stm32cubeide/plugins/com.st.stm32cube.ide.mcu.externaltools.gnu-tools-for-stm32.10.3-2021.10.linux64_1.0.200.202301161003/tools/bin/../lib/gcc/arm-none-eabi/10.3.1/thumb/v7e-m+fp/hard/crtbegin.o
 .ARM.attributes
                0x0000000000000052       0x34 ./Core/Src/adc.o
 .ARM.attributes
                0x0000000000000086       0x34 ./Core/Src/aes.o
 .ARM.attributes
                0x00000000000000ba       0x34 ./Core/Src/debug.o
 .ARM.attributes
                0x00000000000000ee       0x34 ./Core/Src/gpio.o
 .ARM.attributes
                0x0000000000000122       0x34 ./Core/Src/hal.o
 .ARM.attributes
                0x0000000000000156       0x34 ./Core/Src/lmic.o
 .ARM.attributes
                0x000000000000018a       0x34 ./Core/Src/main.o
 .ARM.attributes
                0x00000000000001be       0x34 ./Core/Src/oslmic.o
 .ARM.attributes
                0x00000000000001f2       0x34 ./Core/Src/radio.o
 .ARM.attributes
                0x0000000000000226       0x34 ./Core/Src/spi.o
 .ARM.attributes
                0x000000000000025a       0x34 ./Core/Src/stm32l4xx_hal_msp.o
 .ARM.attributes
                0x000000000000028e       0x34 ./Core/Src/stm32l4xx_it.o
 .ARM.attributes
                0x00000000000002c2       0x34 ./Core/Src/system_stm32l4xx.o
 .ARM.attributes
                0x00000000000002f6       0x34 ./Core/Src/tim.o
 .ARM.attributes
                0x000000000000032a       0x34 ./Core/Src/usart.o
 .ARM.attributes
                0x000000000000035e       0x21 ./Core/Startup/startup_stm32l432kcux.o
 .ARM.attributes
                0x000000000000037f       0x34 ./Drivers/STM32L4xx_HAL_Driver/Src/stm32l4xx_hal.o
 .ARM.attributes
                0x00000000000003b3       0x34 ./Drivers/STM32L4xx_HAL_Driver/Src/stm32l4xx_hal_adc.o
 .ARM.attributes
                0x00000000000003e7       0x34 ./Drivers/STM32L4xx_HAL_Driver/Src/stm32l4xx_hal_adc_ex.o
 .ARM.attributes
                0x000000000000041b       0x34 ./Drivers/STM32L4xx_HAL_Driver/Src/stm32l4xx_hal_cortex.o
 .ARM.attributes
                0x000000000000044f       0x34 ./Drivers/STM32L4xx_HAL_Driver/Src/stm32l4xx_hal_dma.o
 .ARM.attributes
                0x0000000000000483       0x34 ./Drivers/STM32L4xx_HAL_Driver/Src/stm32l4xx_hal_gpio.o
 .ARM.attributes
                0x00000000000004b7       0x34 ./Drivers/STM32L4xx_HAL_Driver/Src/stm32l4xx_hal_pwr.o
 .ARM.attributes
                0x00000000000004eb       0x34 ./Drivers/STM32L4xx_HAL_Driver/Src/stm32l4xx_hal_pwr_ex.o
 .ARM.attributes
                0x000000000000051f       0x34 ./Drivers/STM32L4xx_HAL_Driver/Src/stm32l4xx_hal_rcc.o
 .ARM.attributes
                0x0000000000000553       0x34 ./Drivers/STM32L4xx_HAL_Driver/Src/stm32l4xx_hal_rcc_ex.o
 .ARM.attributes
                0x0000000000000587       0x34 ./Drivers/STM32L4xx_HAL_Driver/Src/stm32l4xx_hal_spi.o
 .ARM.attributes
                0x00000000000005bb       0x34 ./Drivers/STM32L4xx_HAL_Driver/Src/stm32l4xx_hal_tim.o
 .ARM.attributes
                0x00000000000005ef       0x34 ./Drivers/STM32L4xx_HAL_Driver/Src/stm32l4xx_hal_tim_ex.o
 .ARM.attributes
                0x0000000000000623       0x34 ./Drivers/STM32L4xx_HAL_Driver/Src/stm32l4xx_hal_uart.o
 .ARM.attributes
                0x0000000000000657       0x34 ./Drivers/STM32L4xx_HAL_Driver/Src/stm32l4xx_hal_uart_ex.o
 .ARM.attributes
                0x000000000000068b       0x34 /app/stm32cubeide/plugins/com.st.stm32cube.ide.mcu.externaltools.gnu-tools-for-stm32.10.3-2021.10.linux64_1.0.200.202301161003/tools/bin/../lib/gcc/arm-none-eabi/10.3.1/../../../../arm-none-eabi/lib/thumb/v7e-m+fp/hard/libc_nano.a(lib_a-init.o)
 .ARM.attributes
                0x00000000000006bf       0x34 /app/stm32cubeide/plugins/com.st.stm32cube.ide.mcu.externaltools.gnu-tools-for-stm32.10.3-2021.10.linux64_1.0.200.202301161003/tools/bin/../lib/gcc/arm-none-eabi/10.3.1/../../../../arm-none-eabi/lib/thumb/v7e-m+fp/hard/libc_nano.a(lib_a-memcpy-stub.o)
 .ARM.attributes
                0x00000000000006f3       0x34 /app/stm32cubeide/plugins/com.st.stm32cube.ide.mcu.externaltools.gnu-tools-for-stm32.10.3-2021.10.linux64_1.0.200.202301161003/tools/bin/../lib/gcc/arm-none-eabi/10.3.1/../../../../arm-none-eabi/lib/thumb/v7e-m+fp/hard/libc_nano.a(lib_a-memset.o)
 .ARM.attributes
                0x0000000000000727       0x1e /app/stm32cubeide/plugins/com.st.stm32cube.ide.mcu.externaltools.gnu-tools-for-stm32.10.3-2021.10.linux64_1.0.200.202301161003/tools/bin/../lib/gcc/arm-none-eabi/10.3.1/thumb/v7e-m+fp/hard/libgcc.a(_aeabi_ldivmod.o)
 .ARM.attributes
                0x0000000000000745       0x1e /app/stm32cubeide/plugins/com.st.stm32cube.ide.mcu.externaltools.gnu-tools-for-stm32.10.3-2021.10.linux64_1.0.200.202301161003/tools/bin/../lib/gcc/arm-none-eabi/10.3.1/thumb/v7e-m+fp/hard/libgcc.a(_aeabi_uldivmod.o)
 .ARM.attributes
                0x0000000000000763       0x34 /app/stm32cubeide/plugins/com.st.stm32cube.ide.mcu.externaltools.gnu-tools-for-stm32.10.3-2021.10.linux64_1.0.200.202301161003/tools/bin/../lib/gcc/arm-none-eabi/10.3.1/thumb/v7e-m+fp/hard/libgcc.a(_udivmoddi4.o)
 .ARM.attributes
                0x0000000000000797       0x1e /app/stm32cubeide/plugins/com.st.stm32cube.ide.mcu.externaltools.gnu-tools-for-stm32.10.3-2021.10.linux64_1.0.200.202301161003/tools/bin/../lib/gcc/arm-none-eabi/10.3.1/thumb/v7e-m+fp/hard/libgcc.a(_dvmd_tls.o)
 .ARM.attributes
                0x00000000000007b5       0x1e /app/stm32cubeide/plugins/com.st.stm32cube.ide.mcu.externaltools.gnu-tools-for-stm32.10.3-2021.10.linux64_1.0.200.202301161003/tools/bin/../lib/gcc/arm-none-eabi/10.3.1/thumb/v7e-m+fp/hard/crtn.o
OUTPUT(LoRa.elf elf32-littlearm)
LOAD linker stubs
LOAD /app/stm32cubeide/plugins/com.st.stm32cube.ide.mcu.externaltools.gnu-tools-for-stm32.10.3-2021.10.linux64_1.0.200.202301161003/tools/bin/../lib/gcc/arm-none-eabi/10.3.1/../../../../arm-none-eabi/lib/thumb/v7e-m+fp/hard/libc.a
LOAD /app/stm32cubeide/plugins/com.st.stm32cube.ide.mcu.externaltools.gnu-tools-for-stm32.10.3-2021.10.linux64_1.0.200.202301161003/tools/bin/../lib/gcc/arm-none-eabi/10.3.1/../../../../arm-none-eabi/lib/thumb/v7e-m+fp/hard/libm.a
LOAD /app/stm32cubeide/plugins/com.st.stm32cube.ide.mcu.externaltools.gnu-tools-for-stm32.10.3-2021.10.linux64_1.0.200.202301161003/tools/bin/../lib/gcc/arm-none-eabi/10.3.1/thumb/v7e-m+fp/hard/libgcc.a

.debug_info     0x0000000000000000    0x20ae8
 .debug_info    0x0000000000000000      0xdaa ./Core/Src/adc.o
 .debug_info    0x0000000000000daa      0x2f8 ./Core/Src/aes.o
 .debug_info    0x00000000000010a2      0xc83 ./Core/Src/debug.o
 .debug_info    0x0000000000001d25      0x6bb ./Core/Src/gpio.o
 .debug_info    0x00000000000023e0     0x1115 ./Core/Src/hal.o
 .debug_info    0x00000000000034f5     0x2e4f ./Core/Src/lmic.o
 .debug_info    0x0000000000006344     0x20d7 ./Core/Src/main.o
 .debug_info    0x000000000000841b      0x537 ./Core/Src/oslmic.o
 .debug_info    0x0000000000008952     0x1016 ./Core/Src/radio.o
 .debug_info    0x0000000000009968      0xc52 ./Core/Src/spi.o
 .debug_info    0x000000000000a5ba      0x316 ./Core/Src/stm32l4xx_hal_msp.o
 .debug_info    0x000000000000a8d0      0xe1e ./Core/Src/stm32l4xx_it.o
 .debug_info    0x000000000000b6ee      0x5d4 ./Core/Src/system_stm32l4xx.o
 .debug_info    0x000000000000bcc2      0xc14 ./Core/Src/tim.o
 .debug_info    0x000000000000c8d6      0xe81 ./Core/Src/usart.o
 .debug_info    0x000000000000d757       0x22 ./Core/Startup/startup_stm32l432kcux.o
 .debug_info    0x000000000000d779      0x9da ./Drivers/STM32L4xx_HAL_Driver/Src/stm32l4xx_hal.o
 .debug_info    0x000000000000e153     0x1d76 ./Drivers/STM32L4xx_HAL_Driver/Src/stm32l4xx_hal_adc.o
 .debug_info    0x000000000000fec9     0x1872 ./Drivers/STM32L4xx_HAL_Driver/Src/stm32l4xx_hal_adc_ex.o
 .debug_info    0x000000000001173b      0xda3 ./Drivers/STM32L4xx_HAL_Driver/Src/stm32l4xx_hal_cortex.o
 .debug_info    0x00000000000124de      0x76a ./Drivers/STM32L4xx_HAL_Driver/Src/stm32l4xx_hal_dma.o
 .debug_info    0x0000000000012c48      0x821 ./Drivers/STM32L4xx_HAL_Driver/Src/stm32l4xx_hal_gpio.o
 .debug_info    0x0000000000013469      0x95e ./Drivers/STM32L4xx_HAL_Driver/Src/stm32l4xx_hal_pwr.o
 .debug_info    0x0000000000013dc7      0x96b ./Drivers/STM32L4xx_HAL_Driver/Src/stm32l4xx_hal_pwr_ex.o
 .debug_info    0x0000000000014732      0xc97 ./Drivers/STM32L4xx_HAL_Driver/Src/stm32l4xx_hal_rcc.o
 .debug_info    0x00000000000153c9      0xf5b ./Drivers/STM32L4xx_HAL_Driver/Src/stm32l4xx_hal_rcc_ex.o
 .debug_info    0x0000000000016324     0x1782 ./Drivers/STM32L4xx_HAL_Driver/Src/stm32l4xx_hal_spi.o
 .debug_info    0x0000000000017aa6     0x2d04 ./Drivers/STM32L4xx_HAL_Driver/Src/stm32l4xx_hal_tim.o
 .debug_info    0x000000000001a7aa     0x17eb ./Drivers/STM32L4xx_HAL_Driver/Src/stm32l4xx_hal_tim_ex.o
 .debug_info    0x000000000001bf95     0x3d1c ./Drivers/STM32L4xx_HAL_Driver/Src/stm32l4xx_hal_uart.o
 .debug_info    0x000000000001fcb1      0xe37 ./Drivers/STM32L4xx_HAL_Driver/Src/stm32l4xx_hal_uart_ex.o

.debug_abbrev   0x0000000000000000     0x4397
 .debug_abbrev  0x0000000000000000      0x1e0 ./Core/Src/adc.o
 .debug_abbrev  0x00000000000001e0      0x128 ./Core/Src/aes.o
 .debug_abbrev  0x0000000000000308      0x22b ./Core/Src/debug.o
 .debug_abbrev  0x0000000000000533      0x14f ./Core/Src/gpio.o
 .debug_abbrev  0x0000000000000682      0x30f ./Core/Src/hal.o
 .debug_abbrev  0x0000000000000991      0x4c8 ./Core/Src/lmic.o
 .debug_abbrev  0x0000000000000e59      0x35c ./Core/Src/main.o
 .debug_abbrev  0x00000000000011b5      0x1dd ./Core/Src/oslmic.o
 .debug_abbrev  0x0000000000001392      0x2e1 ./Core/Src/radio.o
 .debug_abbrev  0x0000000000001673      0x1e9 ./Core/Src/spi.o
 .debug_abbrev  0x000000000000185c       0xc2 ./Core/Src/stm32l4xx_hal_msp.o
 .debug_abbrev  0x000000000000191e      0x19c ./Core/Src/stm32l4xx_it.o
 .debug_abbrev  0x0000000000001aba      0x116 ./Core/Src/system_stm32l4xx.o
 .debug_abbrev  0x0000000000001bd0      0x1e7 ./Core/Src/tim.o
 .debug_abbrev  0x0000000000001db7      0x1f0 ./Core/Src/usart.o
 .debug_abbrev  0x0000000000001fa7       0x12 ./Core/Startup/startup_stm32l432kcux.o
 .debug_abbrev  0x0000000000001fb9      0x21e ./Drivers/STM32L4xx_HAL_Driver/Src/stm32l4xx_hal.o
 .debug_abbrev  0x00000000000021d7      0x2b6 ./Drivers/STM32L4xx_HAL_Driver/Src/stm32l4xx_hal_adc.o
 .debug_abbrev  0x000000000000248d      0x2c5 ./Drivers/STM32L4xx_HAL_Driver/Src/stm32l4xx_hal_adc_ex.o
 .debug_abbrev  0x0000000000002752      0x316 ./Drivers/STM32L4xx_HAL_Driver/Src/stm32l4xx_hal_cortex.o
 .debug_abbrev  0x0000000000002a68      0x1d7 ./Drivers/STM32L4xx_HAL_Driver/Src/stm32l4xx_hal_dma.o
 .debug_abbrev  0x0000000000002c3f      0x1bb ./Drivers/STM32L4xx_HAL_Driver/Src/stm32l4xx_hal_gpio.o
 .debug_abbrev  0x0000000000002dfa      0x1c9 ./Drivers/STM32L4xx_HAL_Driver/Src/stm32l4xx_hal_pwr.o
 .debug_abbrev  0x0000000000002fc3      0x1f3 ./Drivers/STM32L4xx_HAL_Driver/Src/stm32l4xx_hal_pwr_ex.o
 .debug_abbrev  0x00000000000031b6      0x2bd ./Drivers/STM32L4xx_HAL_Driver/Src/stm32l4xx_hal_rcc.o
 .debug_abbrev  0x0000000000003473      0x299 ./Drivers/STM32L4xx_HAL_Driver/Src/stm32l4xx_hal_rcc_ex.o
 .debug_abbrev  0x000000000000370c      0x254 ./Drivers/STM32L4xx_HAL_Driver/Src/stm32l4xx_hal_spi.o
 .debug_abbrev  0x0000000000003960      0x264 ./Drivers/STM32L4xx_HAL_Driver/Src/stm32l4xx_hal_tim.o
 .debug_abbrev  0x0000000000003bc4      0x26c ./Drivers/STM32L4xx_HAL_Driver/Src/stm32l4xx_hal_tim_ex.o
 .debug_abbrev  0x0000000000003e30      0x2bc ./Drivers/STM32L4xx_HAL_Driver/Src/stm32l4xx_hal_uart.o
 .debug_abbrev  0x00000000000040ec      0x2ab ./Drivers/STM32L4xx_HAL_Driver/Src/stm32l4xx_hal_uart_ex.o

.debug_aranges  0x0000000000000000     0x1bc8
 .debug_aranges
                0x0000000000000000       0x30 ./Core/Src/adc.o
 .debug_aranges
                0x0000000000000030       0x28 ./Core/Src/aes.o
 .debug_aranges
                0x0000000000000058       0x88 ./Core/Src/debug.o
 .debug_aranges
                0x00000000000000e0       0x20 ./Core/Src/gpio.o
 .debug_aranges
                0x0000000000000100       0xa8 ./Core/Src/hal.o
 .debug_aranges
                0x00000000000001a8      0x380 ./Core/Src/lmic.o
 .debug_aranges
                0x0000000000000528       0x80 ./Core/Src/main.o
 .debug_aranges
                0x00000000000005a8       0x50 ./Core/Src/oslmic.o
 .debug_aranges
                0x00000000000005f8       0xc0 ./Core/Src/radio.o
 .debug_aranges
                0x00000000000006b8       0x30 ./Core/Src/spi.o
 .debug_aranges
                0x00000000000006e8       0x20 ./Core/Src/stm32l4xx_hal_msp.o
 .debug_aranges
                0x0000000000000708       0x80 ./Core/Src/stm32l4xx_it.o
 .debug_aranges
                0x0000000000000788       0x28 ./Core/Src/system_stm32l4xx.o
 .debug_aranges
                0x00000000000007b0       0x30 ./Core/Src/tim.o
 .debug_aranges
                0x00000000000007e0       0x30 ./Core/Src/usart.o
 .debug_aranges
                0x0000000000000810       0x28 ./Core/Startup/startup_stm32l432kcux.o
 .debug_aranges
                0x0000000000000838      0x108 ./Drivers/STM32L4xx_HAL_Driver/Src/stm32l4xx_hal.o
 .debug_aranges
                0x0000000000000940      0x210 ./Drivers/STM32L4xx_HAL_Driver/Src/stm32l4xx_hal_adc.o
 .debug_aranges
                0x0000000000000b50      0x170 ./Drivers/STM32L4xx_HAL_Driver/Src/stm32l4xx_hal_adc_ex.o
 .debug_aranges
                0x0000000000000cc0      0x118 ./Drivers/STM32L4xx_HAL_Driver/Src/stm32l4xx_hal_cortex.o
 .debug_aranges
                0x0000000000000dd8       0x80 ./Drivers/STM32L4xx_HAL_Driver/Src/stm32l4xx_hal_dma.o
 .debug_aranges
                0x0000000000000e58       0x58 ./Drivers/STM32L4xx_HAL_Driver/Src/stm32l4xx_hal_gpio.o
 .debug_aranges
                0x0000000000000eb0       0x98 ./Drivers/STM32L4xx_HAL_Driver/Src/stm32l4xx_hal_pwr.o
 .debug_aranges
                0x0000000000000f48      0x128 ./Drivers/STM32L4xx_HAL_Driver/Src/stm32l4xx_hal_pwr_ex.o
 .debug_aranges
                0x0000000000001070       0x90 ./Drivers/STM32L4xx_HAL_Driver/Src/stm32l4xx_hal_rcc.o
 .debug_aranges
                0x0000000000001100       0xf0 ./Drivers/STM32L4xx_HAL_Driver/Src/stm32l4xx_hal_rcc_ex.o
 .debug_aranges
                0x00000000000011f0      0x1d8 ./Drivers/STM32L4xx_HAL_Driver/Src/stm32l4xx_hal_spi.o
 .debug_aranges
                0x00000000000013c8      0x3e0 ./Drivers/STM32L4xx_HAL_Driver/Src/stm32l4xx_hal_tim.o
 .debug_aranges
                0x00000000000017a8      0x180 ./Drivers/STM32L4xx_HAL_Driver/Src/stm32l4xx_hal_tim_ex.o
 .debug_aranges
                0x0000000000001928      0x228 ./Drivers/STM32L4xx_HAL_Driver/Src/stm32l4xx_hal_uart.o
 .debug_aranges
                0x0000000000001b50       0x78 ./Drivers/STM32L4xx_HAL_Driver/Src/stm32l4xx_hal_uart_ex.o

.debug_ranges   0x0000000000000000     0x1a40
 .debug_ranges  0x0000000000000000       0x20 ./Core/Src/adc.o
 .debug_ranges  0x0000000000000020       0x18 ./Core/Src/aes.o
 .debug_ranges  0x0000000000000038       0x78 ./Core/Src/debug.o
 .debug_ranges  0x00000000000000b0       0x10 ./Core/Src/gpio.o
 .debug_ranges  0x00000000000000c0       0x98 ./Core/Src/hal.o
 .debug_ranges  0x0000000000000158      0x3a0 ./Core/Src/lmic.o
 .debug_ranges  0x00000000000004f8       0x70 ./Core/Src/main.o
 .debug_ranges  0x0000000000000568       0x40 ./Core/Src/oslmic.o
 .debug_ranges  0x00000000000005a8       0xb0 ./Core/Src/radio.o
 .debug_ranges  0x0000000000000658       0x20 ./Core/Src/spi.o
 .debug_ranges  0x0000000000000678       0x10 ./Core/Src/stm32l4xx_hal_msp.o
 .debug_ranges  0x0000000000000688       0x70 ./Core/Src/stm32l4xx_it.o
 .debug_ranges  0x00000000000006f8       0x18 ./Core/Src/system_stm32l4xx.o
 .debug_ranges  0x0000000000000710       0x20 ./Core/Src/tim.o
 .debug_ranges  0x0000000000000730       0x20 ./Core/Src/usart.o
 .debug_ranges  0x0000000000000750       0x20 ./Core/Startup/startup_stm32l432kcux.o
 .debug_ranges  0x0000000000000770       0xf8 ./Drivers/STM32L4xx_HAL_Driver/Src/stm32l4xx_hal.o
 .debug_ranges  0x0000000000000868      0x200 ./Drivers/STM32L4xx_HAL_Driver/Src/stm32l4xx_hal_adc.o
 .debug_ranges  0x0000000000000a68      0x160 ./Drivers/STM32L4xx_HAL_Driver/Src/stm32l4xx_hal_adc_ex.o
 .debug_ranges  0x0000000000000bc8      0x108 ./Drivers/STM32L4xx_HAL_Driver/Src/stm32l4xx_hal_cortex.o
 .debug_ranges  0x0000000000000cd0       0x70 ./Drivers/STM32L4xx_HAL_Driver/Src/stm32l4xx_hal_dma.o
 .debug_ranges  0x0000000000000d40       0x48 ./Drivers/STM32L4xx_HAL_Driver/Src/stm32l4xx_hal_gpio.o
 .debug_ranges  0x0000000000000d88       0x88 ./Drivers/STM32L4xx_HAL_Driver/Src/stm32l4xx_hal_pwr.o
 .debug_ranges  0x0000000000000e10      0x118 ./Drivers/STM32L4xx_HAL_Driver/Src/stm32l4xx_hal_pwr_ex.o
 .debug_ranges  0x0000000000000f28       0x80 ./Drivers/STM32L4xx_HAL_Driver/Src/stm32l4xx_hal_rcc.o
 .debug_ranges  0x0000000000000fa8       0xe0 ./Drivers/STM32L4xx_HAL_Driver/Src/stm32l4xx_hal_rcc_ex.o
 .debug_ranges  0x0000000000001088      0x1c8 ./Drivers/STM32L4xx_HAL_Driver/Src/stm32l4xx_hal_spi.o
 .debug_ranges  0x0000000000001250      0x3d0 ./Drivers/STM32L4xx_HAL_Driver/Src/stm32l4xx_hal_tim.o
 .debug_ranges  0x0000000000001620      0x170 ./Drivers/STM32L4xx_HAL_Driver/Src/stm32l4xx_hal_tim_ex.o
 .debug_ranges  0x0000000000001790      0x248 ./Drivers/STM32L4xx_HAL_Driver/Src/stm32l4xx_hal_uart.o
 .debug_ranges  0x00000000000019d8       0x68 ./Drivers/STM32L4xx_HAL_Driver/Src/stm32l4xx_hal_uart_ex.o

.debug_macro    0x0000000000000000    0x24a08
 .debug_macro   0x0000000000000000      0x211 ./Core/Src/adc.o
 .debug_macro   0x0000000000000211      0xa84 ./Core/Src/adc.o
 .debug_macro   0x0000000000000c95      0x1b3 ./Core/Src/adc.o
 .debug_macro   0x0000000000000e48       0x2e ./Core/Src/adc.o
 .debug_macro   0x0000000000000e76       0x28 ./Core/Src/adc.o
 .debug_macro   0x0000000000000e9e       0x22 ./Core/Src/adc.o
 .debug_macro   0x0000000000000ec0       0x8e ./Core/Src/adc.o
 .debug_macro   0x0000000000000f4e       0x51 ./Core/Src/adc.o
 .debug_macro   0x0000000000000f9f      0x103 ./Core/Src/adc.o
 .debug_macro   0x00000000000010a2       0x6a ./Core/Src/adc.o
 .debug_macro   0x000000000000110c      0x1df ./Core/Src/adc.o
 .debug_macro   0x00000000000012eb       0x1c ./Core/Src/adc.o
 .debug_macro   0x0000000000001307       0x22 ./Core/Src/adc.o
 .debug_macro   0x0000000000001329       0xfb ./Core/Src/adc.o
 .debug_macro   0x0000000000001424     0x1011 ./Core/Src/adc.o
 .debug_macro   0x0000000000002435      0x11f ./Core/Src/adc.o
 .debug_macro   0x0000000000002554    0x147a6 ./Core/Src/adc.o
 .debug_macro   0x0000000000016cfa       0x6d ./Core/Src/adc.o
 .debug_macro   0x0000000000016d67     0x38e6 ./Core/Src/adc.o
 .debug_macro   0x000000000001a64d      0x174 ./Core/Src/adc.o
 .debug_macro   0x000000000001a7c1       0x5c ./Core/Src/adc.o
 .debug_macro   0x000000000001a81d     0x11ca ./Core/Src/adc.o
 .debug_macro   0x000000000001b9e7      0x53c ./Core/Src/adc.o
 .debug_macro   0x000000000001bf23      0x1b9 ./Core/Src/adc.o
 .debug_macro   0x000000000001c0dc      0x122 ./Core/Src/adc.o
 .debug_macro   0x000000000001c1fe      0x26b ./Core/Src/adc.o
 .debug_macro   0x000000000001c469      0x23d ./Core/Src/adc.o
 .debug_macro   0x000000000001c6a6      0xddf ./Core/Src/adc.o
 .debug_macro   0x000000000001d485      0x61d ./Core/Src/adc.o
 .debug_macro   0x000000000001daa2      0x241 ./Core/Src/adc.o
 .debug_macro   0x000000000001dce3      0x241 ./Core/Src/adc.o
 .debug_macro   0x000000000001df24      0x375 ./Core/Src/adc.o
 .debug_macro   0x000000000001e299       0xd6 ./Core/Src/adc.o
 .debug_macro   0x000000000001e36f      0x122 ./Core/Src/adc.o
 .debug_macro   0x000000000001e491      0x356 ./Core/Src/adc.o
 .debug_macro   0x000000000001e7e7      0x2fe ./Core/Src/adc.o
 .debug_macro   0x000000000001eae5      0xa91 ./Core/Src/adc.o
 .debug_macro   0x000000000001f576      0x12d ./Core/Src/adc.o
 .debug_macro   0x000000000001f6a3      0x5ba ./Core/Src/adc.o
 .debug_macro   0x000000000001fc5d       0x44 ./Core/Src/adc.o
 .debug_macro   0x000000000001fca1      0x220 ./Core/Src/adc.o
 .debug_macro   0x000000000001fec1       0x70 ./Core/Src/adc.o
 .debug_macro   0x000000000001ff31      0x159 ./Core/Src/aes.o
 .debug_macro   0x000000000002008a       0x4c ./Core/Src/aes.o
 .debug_macro   0x00000000000200d6       0x1e ./Core/Src/aes.o
 .debug_macro   0x00000000000200f4       0x94 ./Core/Src/aes.o
 .debug_macro   0x0000000000020188       0x3c ./Core/Src/aes.o
 .debug_macro   0x00000000000201c4       0x34 ./Core/Src/aes.o
 .debug_macro   0x00000000000201f8       0x16 ./Core/Src/aes.o
 .debug_macro   0x000000000002020e       0x43 ./Core/Src/aes.o
 .debug_macro   0x0000000000020251       0x57 ./Core/Src/aes.o
 .debug_macro   0x00000000000202a8       0x34 ./Core/Src/aes.o
 .debug_macro   0x00000000000202dc       0x10 ./Core/Src/aes.o
 .debug_macro   0x00000000000202ec       0x58 ./Core/Src/aes.o
 .debug_macro   0x0000000000020344       0x71 ./Core/Src/aes.o
 .debug_macro   0x00000000000203b5       0x1c ./Core/Src/aes.o
 .debug_macro   0x00000000000203d1      0x12a ./Core/Src/aes.o
 .debug_macro   0x00000000000204fb      0x341 ./Core/Src/aes.o
 .debug_macro   0x000000000002083c       0x10 ./Core/Src/aes.o
 .debug_macro   0x000000000002084c       0x35 ./Core/Src/aes.o
 .debug_macro   0x0000000000020881       0x20 ./Core/Src/aes.o
 .debug_macro   0x00000000000208a1       0xea ./Core/Src/aes.o
 .debug_macro   0x000000000002098b      0x322 ./Core/Src/debug.o
 .debug_macro   0x0000000000020cad       0x52 ./Core/Src/debug.o
 .debug_macro   0x0000000000020cff       0x11 ./Core/Src/debug.o
 .debug_macro   0x0000000000020d10       0x1d ./Core/Src/debug.o
 .debug_macro   0x0000000000020d2d      0x211 ./Core/Src/gpio.o
 .debug_macro   0x0000000000020f3e      0x328 ./Core/Src/hal.o
 .debug_macro   0x0000000000021266       0x56 ./Core/Src/hal.o
 .debug_macro   0x00000000000212bc      0x1c8 ./Core/Src/lmic.o
 .debug_macro   0x0000000000021484      0x344 ./Core/Src/main.o
 .debug_macro   0x00000000000217c8      0x13a ./Core/Src/oslmic.o
 .debug_macro   0x0000000000021902      0x5db ./Core/Src/radio.o
 .debug_macro   0x0000000000021edd      0x211 ./Core/Src/spi.o
 .debug_macro   0x00000000000220ee      0x207 ./Core/Src/stm32l4xx_hal_msp.o
 .debug_macro   0x00000000000222f5      0x211 ./Core/Src/stm32l4xx_it.o
 .debug_macro   0x0000000000022506      0x1f8 ./Core/Src/system_stm32l4xx.o
 .debug_macro   0x00000000000226fe      0x211 ./Core/Src/tim.o
 .debug_macro   0x000000000002290f      0x211 ./Core/Src/usart.o
 .debug_macro   0x0000000000022b20      0x240 ./Drivers/STM32L4xx_HAL_Driver/Src/stm32l4xx_hal.o
 .debug_macro   0x0000000000022d60      0x215 ./Drivers/STM32L4xx_HAL_Driver/Src/stm32l4xx_hal_adc.o
 .debug_macro   0x0000000000022f75      0x204 ./Drivers/STM32L4xx_HAL_Driver/Src/stm32l4xx_hal_adc_ex.o
 .debug_macro   0x0000000000023179      0x1f8 ./Drivers/STM32L4xx_HAL_Driver/Src/stm32l4xx_hal_cortex.o
 .debug_macro   0x0000000000023371      0x1f8 ./Drivers/STM32L4xx_HAL_Driver/Src/stm32l4xx_hal_dma.o
 .debug_macro   0x0000000000023569      0x1ff ./Drivers/STM32L4xx_HAL_Driver/Src/stm32l4xx_hal_gpio.o
 .debug_macro   0x0000000000023768      0x210 ./Drivers/STM32L4xx_HAL_Driver/Src/stm32l4xx_hal_pwr.o
 .debug_macro   0x0000000000023978      0x21c ./Drivers/STM32L4xx_HAL_Driver/Src/stm32l4xx_hal_pwr_ex.o
 .debug_macro   0x0000000000023b94      0x23a ./Drivers/STM32L4xx_HAL_Driver/Src/stm32l4xx_hal_rcc.o
 .debug_macro   0x0000000000023dce      0x22e ./Drivers/STM32L4xx_HAL_Driver/Src/stm32l4xx_hal_rcc_ex.o
 .debug_macro   0x0000000000023ffc      0x200 ./Drivers/STM32L4xx_HAL_Driver/Src/stm32l4xx_hal_spi.o
 .debug_macro   0x00000000000241fc      0x1f9 ./Drivers/STM32L4xx_HAL_Driver/Src/stm32l4xx_hal_tim.o
 .debug_macro   0x00000000000243f5      0x1f8 ./Drivers/STM32L4xx_HAL_Driver/Src/stm32l4xx_hal_tim_ex.o
 .debug_macro   0x00000000000245ed      0x223 ./Drivers/STM32L4xx_HAL_Driver/Src/stm32l4xx_hal_uart.o
 .debug_macro   0x0000000000024810      0x1f8 ./Drivers/STM32L4xx_HAL_Driver/Src/stm32l4xx_hal_uart_ex.o

.debug_line     0x0000000000000000    0x1e14d
 .debug_line    0x0000000000000000      0x794 ./Core/Src/adc.o
 .debug_line    0x0000000000000794      0x769 ./Core/Src/aes.o
 .debug_line    0x0000000000000efd      0xb1c ./Core/Src/debug.o
 .debug_line    0x0000000000001a19      0x719 ./Core/Src/gpio.o
 .debug_line    0x0000000000002132      0xb0a ./Core/Src/hal.o
 .debug_line    0x0000000000002c3c     0x23d2 ./Core/Src/lmic.o
 .debug_line    0x000000000000500e      0xae0 ./Core/Src/main.o
 .debug_line    0x0000000000005aee      0x624 ./Core/Src/oslmic.o
 .debug_line    0x0000000000006112      0xa11 ./Core/Src/radio.o
 .debug_line    0x0000000000006b23      0x77e ./Core/Src/spi.o
 .debug_line    0x00000000000072a1      0x6f0 ./Core/Src/stm32l4xx_hal_msp.o
 .debug_line    0x0000000000007991      0x814 ./Core/Src/stm32l4xx_it.o
 .debug_line    0x00000000000081a5      0x788 ./Core/Src/system_stm32l4xx.o
 .debug_line    0x000000000000892d      0x74b ./Core/Src/tim.o
 .debug_line    0x0000000000009078      0x775 ./Core/Src/usart.o
 .debug_line    0x00000000000097ed       0x88 ./Core/Startup/startup_stm32l432kcux.o
 .debug_line    0x0000000000009875      0xa4d ./Drivers/STM32L4xx_HAL_Driver/Src/stm32l4xx_hal.o
 .debug_line    0x000000000000a2c2     0x1be4 ./Drivers/STM32L4xx_HAL_Driver/Src/stm32l4xx_hal_adc.o
 .debug_line    0x000000000000bea6     0x1465 ./Drivers/STM32L4xx_HAL_Driver/Src/stm32l4xx_hal_adc_ex.o
 .debug_line    0x000000000000d30b      0xc87 ./Drivers/STM32L4xx_HAL_Driver/Src/stm32l4xx_hal_cortex.o
 .debug_line    0x000000000000df92      0xcbf ./Drivers/STM32L4xx_HAL_Driver/Src/stm32l4xx_hal_dma.o
 .debug_line    0x000000000000ec51      0xad7 ./Drivers/STM32L4xx_HAL_Driver/Src/stm32l4xx_hal_gpio.o
 .debug_line    0x000000000000f728      0x8bd ./Drivers/STM32L4xx_HAL_Driver/Src/stm32l4xx_hal_pwr.o
 .debug_line    0x000000000000ffe5      0xbdf ./Drivers/STM32L4xx_HAL_Driver/Src/stm32l4xx_hal_pwr_ex.o
 .debug_line    0x0000000000010bc4      0xf98 ./Drivers/STM32L4xx_HAL_Driver/Src/stm32l4xx_hal_rcc.o
 .debug_line    0x0000000000011b5c     0x12b2 ./Drivers/STM32L4xx_HAL_Driver/Src/stm32l4xx_hal_rcc_ex.o
 .debug_line    0x0000000000012e0e     0x1f1a ./Drivers/STM32L4xx_HAL_Driver/Src/stm32l4xx_hal_spi.o
 .debug_line    0x0000000000014d28     0x3b1d ./Drivers/STM32L4xx_HAL_Driver/Src/stm32l4xx_hal_tim.o
 .debug_line    0x0000000000018845     0x1aee ./Drivers/STM32L4xx_HAL_Driver/Src/stm32l4xx_hal_tim_ex.o
 .debug_line    0x000000000001a333     0x31f1 ./Drivers/STM32L4xx_HAL_Driver/Src/stm32l4xx_hal_uart.o
 .debug_line    0x000000000001d524      0xc29 ./Drivers/STM32L4xx_HAL_Driver/Src/stm32l4xx_hal_uart_ex.o

.debug_str      0x0000000000000000    0xdf1ae
 .debug_str     0x0000000000000000    0xd2cc0 ./Core/Src/adc.o
                                      0xd328b (size before relaxing)
 .debug_str     0x00000000000d2cc0     0x36ee ./Core/Src/aes.o
                                       0x6b1c (size before relaxing)
 .debug_str     0x00000000000d63ae      0x51f ./Core/Src/debug.o
                                      0xd65a8 (size before relaxing)
 .debug_str     0x00000000000d68cd      0x3cd ./Core/Src/gpio.o
                                      0xd2fba (size before relaxing)
 .debug_str     0x00000000000d6c9a      0x748 ./Core/Src/hal.o
                                      0xd6a5f (size before relaxing)
 .debug_str     0x00000000000d73e2     0x16b9 ./Core/Src/lmic.o
                                       0x841f (size before relaxing)
 .debug_str     0x00000000000d8a9b      0x345 ./Core/Src/main.o
                                      0xd74f8 (size before relaxing)
 .debug_str     0x00000000000d8de0       0x4b ./Core/Src/oslmic.o
                                       0x6c68 (size before relaxing)
 .debug_str     0x00000000000d8e2b     0x120c ./Core/Src/radio.o
                                       0x81c2 (size before relaxing)
 .debug_str     0x00000000000da037       0x5f ./Core/Src/spi.o
                                      0xd33fa (size before relaxing)
 .debug_str     0x00000000000da096       0x2c ./Core/Src/stm32l4xx_hal_msp.o
                                      0xd2af2 (size before relaxing)
 .debug_str     0x00000000000da0c2      0x161 ./Core/Src/stm32l4xx_it.o
                                      0xd33bf (size before relaxing)
 .debug_str     0x00000000000da223       0xf2 ./Core/Src/system_stm32l4xx.o
                                      0xd2a39 (size before relaxing)
 .debug_str     0x00000000000da315       0xe4 ./Core/Src/tim.o
                                      0xd351d (size before relaxing)
 .debug_str     0x00000000000da3f9       0x51 ./Core/Src/usart.o
                                      0xd35e2 (size before relaxing)
 .debug_str     0x00000000000da44a       0x36 ./Core/Startup/startup_stm32l432kcux.o
                                         0x70 (size before relaxing)
 .debug_str     0x00000000000da480      0x55e ./Drivers/STM32L4xx_HAL_Driver/Src/stm32l4xx_hal.o
                                      0xd33c6 (size before relaxing)
 .debug_str     0x00000000000da9de      0xa0e ./Drivers/STM32L4xx_HAL_Driver/Src/stm32l4xx_hal_adc.o
                                      0xd3834 (size before relaxing)
 .debug_str     0x00000000000db3ec      0x545 ./Drivers/STM32L4xx_HAL_Driver/Src/stm32l4xx_hal_adc_ex.o
                                      0xd3641 (size before relaxing)
 .debug_str     0x00000000000db931      0x312 ./Drivers/STM32L4xx_HAL_Driver/Src/stm32l4xx_hal_cortex.o
                                      0xd3167 (size before relaxing)
 .debug_str     0x00000000000dbc43      0x234 ./Drivers/STM32L4xx_HAL_Driver/Src/stm32l4xx_hal_dma.o
                                      0xd2ca0 (size before relaxing)
 .debug_str     0x00000000000dbe77       0xf3 ./Drivers/STM32L4xx_HAL_Driver/Src/stm32l4xx_hal_gpio.o
                                      0xd2bad (size before relaxing)
 .debug_str     0x00000000000dbf6a      0x329 ./Drivers/STM32L4xx_HAL_Driver/Src/stm32l4xx_hal_pwr.o
                                      0xd2d83 (size before relaxing)
 .debug_str     0x00000000000dc293      0x359 ./Drivers/STM32L4xx_HAL_Driver/Src/stm32l4xx_hal_pwr_ex.o
                                      0xd2ee1 (size before relaxing)
 .debug_str     0x00000000000dc5ec      0x386 ./Drivers/STM32L4xx_HAL_Driver/Src/stm32l4xx_hal_rcc.o
                                      0xd3039 (size before relaxing)
 .debug_str     0x00000000000dc972      0x4f2 ./Drivers/STM32L4xx_HAL_Driver/Src/stm32l4xx_hal_rcc_ex.o
                                      0xd3299 (size before relaxing)
 .debug_str     0x00000000000dce64      0x556 ./Drivers/STM32L4xx_HAL_Driver/Src/stm32l4xx_hal_spi.o
                                      0xd3257 (size before relaxing)